 TSReader

 Timestamp is 47a0f522 (Wed Jan 30 17:07:30 2008)

 Preferred load address is 00400000

 Start         Length     Name                   Class
 0001:00000000 000d927eH .text                   CODE
 0002:00000000 00027dd1H .rdata                  DATA
 0002:00027dd1 00000000H .edata                  DATA
 0003:00000000 00000004H .CRT$XCA                DATA
 0003:00000004 00000004H .CRT$XCZ                DATA
 0003:00000008 00000004H .CRT$XIA                DATA
 0003:0000000c 00000008H .CRT$XIC                DATA
 0003:00000014 00000004H .CRT$XIZ                DATA
 0003:00000018 00000004H .CRT$XPA                DATA
 0003:0000001c 00000004H .CRT$XPX                DATA
 0003:00000020 00000004H .CRT$XPZ                DATA
 0003:00000024 00000004H .CRT$XTA                DATA
 0003:00000028 00000004H .CRT$XTZ                DATA
 0003:00000030 00030150H .data                   DATA
 0003:00030180 003c7034H .bss                    DATA
 0004:00000000 00000118H .idata$2                DATA
 0004:00000118 00000028H .idata$3                DATA
 0004:00000140 00000534H .idata$4                DATA
 0004:00000674 00000534H .idata$5                DATA
 0004:00000ba8 0000131cH .idata$6                DATA
 0005:00000000 00002b48H .rsrc$01                DATA
 0005:00002b50 0001a850H .rsrc$02                DATA

  Address         Publics by Value              Rva+Base     Lib:Object

 0001:00000000       _AACAudioDecoderThread@4   00401000 f   AACAudioDecoder.obj
 0001:000008c0       _AC3Init                   004018c0 f   AC3AudioDecoder.obj
 0001:000009e0       _AC3DeInit                 004019e0 f   AC3AudioDecoder.obj
 0001:00000a40       _a52_decode_data           00401a40 f   AC3AudioDecoder.obj
 0001:00000e80       _AC3AudioDecoderThread@4   00401e80 f   AC3AudioDecoder.obj
 0001:00001320       _ATSCHuffmanDecode         00402320 f   ATSC_huffman.obj
 0001:00001540       _WriteFileAndUpdateCounters 00402540 f   bcdmux.obj
 0001:000015f0       _set_buf                   004025f0 f   bcdmux.obj
 0001:000016b0       _buf_size                  004026b0 f   bcdmux.obj
 0001:000016e0       _set_bits                  004026e0 f   bcdmux.obj
 0001:00001820       _get_bits                  00402820 f   bcdmux.obj
 0001:000019a0       _get_bit_pos               004029a0 f   bcdmux.obj
 0001:000019d0       _get_byte_pos              004029d0 f   bcdmux.obj
 0001:00001a00       _set_bit_pos               00402a00 f   bcdmux.obj
 0001:00001aa0       _set_pts                   00402aa0 f   bcdmux.obj
 0001:00001b60       _write_pack                00402b60 f   bcdmux.obj
 0001:00001d00       _write_system              00402d00 f   bcdmux.obj
 0001:00001ef0       _pad_buffer                00402ef0 f   bcdmux.obj
 0001:00001fc0       _make_pes_header           00402fc0 f   bcdmux.obj
 0001:000022f0       _write_file_header         004032f0 f   bcdmux.obj
 0001:00002410       _PS__StartWriting          00403410 f   bcdmux.obj
 0001:00002600       _PS__StopWriting           00403600 f   bcdmux.obj
 0001:00002690       _PS__TranslateToProgramStream 00403690 f   bcdmux.obj
 0001:000034e0       _bs_init                   004044e0 f   CCDecoder.obj
 0001:00003530       _bs_byte_aligned           00404530 f   CCDecoder.obj
 0001:00003570       _bs_eof                    00404570 f   CCDecoder.obj
 0001:000035a0       _bs_read_u1                004045a0 f   CCDecoder.obj
 0001:00003630       _bs_read_u                 00404630 f   CCDecoder.obj
 0001:000036a0       _bs_read_f                 004046a0 f   CCDecoder.obj
 0001:000036e0       _bs_read_u8                004046e0 f   CCDecoder.obj
 0001:00003720       _bs_read_ue                00404720 f   CCDecoder.obj
 0001:000037c0       _bs_read_se                004047c0 f   CCDecoder.obj
 0001:00003830       _read_scaling_list         00404830 f   CCDecoder.obj
 0001:00003910       _read_hrd_parameters       00404910 f   CCDecoder.obj
 0001:00003a50       _read_vui_parameters       00404a50 f   CCDecoder.obj
 0001:00003de0       _CheckCommonGraphMessages  00404de0 f   charting.obj
 0001:00004170       _Charting__UpdateQuickStyle 00405170 f   charting.obj
 0001:000041f0       _SetupPIEGraphData         004051f0 f   charting.obj
 0001:000043f0       _SetupChartSubtitle        004053f0 f   charting.obj
 0001:000044c0       _PIDPieChartWindowProc@16  004054c0 f   charting.obj
 0001:00004960       _AddVideoRateData          00405960 f   charting.obj
 0001:00004d60       _VideoBitrateChartWindowProc@16 00405d60 f   charting.obj
 0001:00005720       _AddMuxRateData            00406720 f   charting.obj
 0001:00005b80       _MuxrateChartWindowProc@16 00406b80 f   charting.obj
 0001:000062e0       _SetupActivePIDData        004072e0 f   charting.obj
 0001:000066e0       _ActivePIDsChartWindowProc@16 004076e0 f   charting.obj
 0001:00006be0       _ProgramUsageCheckMaxRate  00407be0 f   charting.obj
 0001:00006cf0       _SetupProgramUsageData     00407cf0 f   charting.obj
 0001:00007690       _ProgramUsageChartWindowProc@16 00408690 f   charting.obj
 0001:00007f50       _AddSignalChartData        00408f50 f   charting.obj
 0001:000081e0       _SignalChartWindowProc@16  004091e0 f   charting.obj
 0001:00008970       _VideoCompositionChartWindowProc@16 00409970 f   charting.obj
 0001:00008f80       _UpdateVideoCompositionChart 00409f80 f   charting.obj
 0001:00009610       _InputMPEG2VideoCompositionESData 0040a610 f   charting.obj
 0001:00009970       _GenerateCAPMT             0040a970 f   CI-CAM.obj
 0001:00009ea0       _GetCIInfo                 0040aea0 f   CI-CAM.obj
 0001:00009ed0       _DeEscapeCIString          0040aed0 f   CI-CAM.obj
 0001:00009f70       _UpdateCIMenu              0040af70 f   CI-CAM.obj
 0001:0000a180       _GetMMIAnswer              0040b180 f   CI-CAM.obj
 0001:0000a2a0       _CIInit                    0040b2a0 f   CI-CAM.obj
 0001:0000a530       _EntryNextCI               0040b530 f   CI-CAM.obj
 0001:0000a690       _ReturnPrevCI              0040b690 f   CI-CAM.obj
 0001:0000a780       _ListViewSubclassProc@16   0040b780 f   CI-CAM.obj
 0001:0000a850       _CAMMenuDlgProc@16         0040b850 f   CI-CAM.obj
 0001:0000ac90       _SendControlResponse       0040bc90 f   ControlServer.obj
 0001:0000ace0       _CS__SendHelp              0040bce0 f   ControlServer.obj
 0001:0000b030       _CS__Program               0040c030 f   ControlServer.obj
 0001:0000b3f0       _CS__TerminateTSReader     0040c3f0 f   ControlServer.obj
 0001:0000b4e0       _CS__PIDs                  0040c4e0 f   ControlServer.obj
 0001:0000b790       _CS__Play                  0040c790 f   ControlServer.obj
 0001:0000baa0       _CS__Stop                  0040caa0 f   ControlServer.obj
 0001:0000bca0       _CS__Reset                 0040cca0 f   ControlServer.obj
 0001:0000be30       _CS__Record                0040ce30 f   ControlServer.obj
 0001:0000c450       _CS__Export                0040d450 f   ControlServer.obj
 0001:0000c7b0       _SendControlserverStatistics 0040d7b0 f   ControlServer.obj
 0001:0000c860       _CS__ManualChannel         0040d860 f   ControlServer.obj
 0001:0000cda0       _CS__GetInfo               0040dda0 f   ControlServer.obj
 0001:0000d310       _CS__Window                0040e310 f   ControlServer.obj
 0001:0000d510       _CS__WriteThumbnail        0040e510 f   ControlServer.obj
 0001:0000dc60       _CS__Graph                 0040ec60 f   ControlServer.obj
 0001:0000dfa0       _CS__Tune                  0040efa0 f   ControlServer.obj
 0001:0000e150       _SendVLCConfigurationInfo  0040f150 f   ControlServer.obj
 0001:0000e200       _SetMenuOption             0040f200 f   ControlServer.obj
 0001:0000e2a0       _CS__Setting               0040f2a0 f   ControlServer.obj
 0001:0000e930       _CS__SetVLC                0040f930 f   ControlServer.obj
 0001:0000ea60       _CS__Source                0040fa60 f   ControlServer.obj
 0001:0000ef80       _CS__Audio                 0040ff80 f   ControlServer.obj
 0001:0000f410       _CS__DiSEqC                00410410 f   ControlServer.obj
 0001:0000f640       _CS__Stall                 00410640 f   ControlServer.obj
 0001:0000f840       _RemoveCommandBackspaces   00410840 f   ControlServer.obj
 0001:0000f920       _ControlServerThread@4     00410920 f   ControlServer.obj
 0001:00010120       _StartControlServer        00411120 f   ControlServer.obj
 0001:000101f0       _TerminateControlServer    004111f0 f   ControlServer.obj
 0001:00010260       _GetHufByte                00411260 f   dn_huffman.obj
 0001:000103b0       _GetRLEByte                004113b0 f   dn_huffman.obj
 0001:000104f0       _HufDecmpKernel            004114f0 f   dn_huffman.obj
 0001:000105f0       _DcpString                 004115f0 f   dn_huffman.obj
 0001:00010770       _GetEITOffset              00411770 f   EPGGrid.obj
 0001:00010830       _GetMaxEITChannels         00411830 f   EPGGrid.obj
 0001:000108e0       _SetupVerticalScrollMax    004118e0 f   EPGGrid.obj
 0001:00010970       _IsRecordingScheduled      00411970 f   EPGGrid.obj
 0001:00010b30       _CheckForDuplicateRecording 00411b30 f   EPGGrid.obj
 0001:00010ca0       _DrawEPGScheduledIcon      00411ca0 f   EPGGrid.obj
 0001:00010e40       _EPGPaint                  00411e40 f   EPGGrid.obj
 0001:00014070       _UpdateHorizontalScroll    00415070 f   EPGGrid.obj
 0001:00014130       _UpdateVerticalScroll      00415130 f   EPGGrid.obj
 0001:000141a0       _SetupGridFonts            004151a0 f   EPGGrid.obj
 0001:000143e0       _SetupHorizontalScrollRange 004153e0 f   EPGGrid.obj
 0001:00014460       _SetEPGOffsetNearChannel   00415460 f   EPGGrid.obj
 0001:000145c0       _SearchNextEPGEntry        004155c0 f   EPGGrid.obj
 0001:00014b10       _EPGGotoDateDlgProc@16     00415b10 f   EPGGrid.obj
 0001:00014d10       _EPGFindStringDlgProc@16   00415d10 f   EPGGrid.obj
 0001:00015050       _GetEPGScheduleDisplayInfo 00416050 f   EPGGrid.obj
 0001:000153c0       _UpdateManualRecordingEndDateTime 004163c0 f   EPGGrid.obj
 0001:00015610       _ManualEPGNoSourceParametersDlgProc@16 00416610 f   EPGGrid.obj
 0001:00015700       _CheckForBadFilenameChars  00416700 f   EPGGrid.obj
 0001:000157e0       _SpecificLocalTimeToSystemTime 004167e0 f   EPGGrid.obj
 0001:00015870       _ScheduleManualRecording   00416870 f   EPGGrid.obj
 0001:00015f70       _EPGManualScheduleDlgProc@16 00416f70 f   EPGGrid.obj
 0001:000167b0       _EPGShowScheduleDlgProc@16 004177b0 f   EPGGrid.obj
 0001:00016b70       _EPGGotoChannelDlgProc@16  00417b70 f   EPGGrid.obj
 0001:00016e70       _EPGSchedulerWarningDlgProc@16 00417e70 f   EPGGrid.obj
 0001:00016f60       _SchedulerStartup          00417f60 f   EPGGrid.obj
 0001:000171a0       _EventCurrentlyRunning     004181a0 f   EPGGrid.obj
 0001:000172a0       _GetRecordTaskName         004182a0 f   EPGGrid.obj
 0001:00017450       _CheckEPGRecordSettings    00418450 f   EPGGrid.obj
 0001:00017530       _ScheduleRecording         00418530 f   EPGGrid.obj
 0001:00018400       _DeletedSelectedScheduledRecording 00419400 f   EPGGrid.obj
 0001:00018500       _EPGScheduleSettingsDlgProc@16 00419500 f   EPGGrid.obj
 0001:00018740       _LoadEPGMaps               00419740 f   EPGGrid.obj
 0001:000188f0       _EPGridWndProc@16          004198f0 f   EPGGrid.obj
 0001:0001a660       _DecodeDVBLeakRate         0041b660 f   formatter.obj
 0001:0001a950       _FormatDVBSCodeRate        0041b950 f   formatter.obj
 0001:0001ab10       _FormatDVBTCodeRate        0041bb10 f   formatter.obj
 0001:0001ac10       _FormatDVBTGuardInterval   0041bc10 f   formatter.obj
 0001:0001acd0       _FormatDVBTTransmissionMode 0041bcd0 f   formatter.obj
 0001:0001ad80       _FormatPolarity            0041bd80 f   formatter.obj
 0001:0001aec0       _FormatDVBSModulation      0041bec0 f   formatter.obj
 0001:0001b070       _DecodeStreamType          0041c070 f   formatter.obj
 0001:0001b780       _DecodeServiceType         0041c780 f   formatter.obj
 0001:0001bb40       _DecodePrivateDataSpecifierDescriptor 0041cb40 f   formatter.obj
 0001:0001c0c0       _FormatDVBCModulation      0041d0c0 f   formatter.obj
 0001:0001c1e0       _FormatDVBCOuterFEC        0041d1e0 f   formatter.obj
 0001:0001c290       _FormatDVBCInnerFEC        0041d290 f   formatter.obj
 0001:0001c3f0       _FormatDVBTBandwidth       0041d3f0 f   formatter.obj
 0001:0001c4b0       _FormatDVBTConstellation   0041d4b0 f   formatter.obj
 0001:0001c560       _FormatDVBTHierarchyInformation 0041d560 f   formatter.obj
 0001:0001c6c0       _DecodeDescriptorNames     0041d6c0 f   formatter.obj
 0001:0001d850       _FormatCASystemName        0041e850 f   formatter.obj
 0001:0001e240       _DecodeDTSAudioDescriptor  0041f240 f   formatter.obj
 0001:0001e710       _DecodeVBIDataServiceDescription 0041f710 f   formatter.obj
 0001:0001e860       _QuickFormatNIT            0041f860 f   formatter.obj
 0001:0001ebc0       _DecodeCADescriptor        0041fbc0 f   formatter.obj
 0001:0001ecd0       _DecodeComponentAndStreamContent 0041fcd0 f   formatter.obj
 0001:0001f290       _DecodeComponentDescriptor 00420290 f   formatter.obj
 0001:0001f410       _DecodeContentNibbles      00420410 f   formatter.obj
 0001:0001fbb0       _DecodeContentDescriptor   00420bb0 f   formatter.obj
 0001:0001fcf0       _DecodeParentalRatingDescriptor 00420cf0 f   formatter.obj
 0001:0001fe90       _DecodeMultilingualComponentDescriptor 00420e90 f   formatter.obj
 0001:0001fff0       _DecodeATSCAC3Descriptor   00420ff0 f   formatter.obj
 0001:00020040       _DecodeATSCContentAdvisoryDescriptor 00421040 f   formatter.obj
 0001:00020380       _DecodeATSCCaptionServceDescriptor 00421380 f   formatter.obj
 0001:000205d0       _FormatDefaultEITDescriptor 004215d0 f   formatter.obj
 0001:00020760       _DecodeAncilliaryDataDescriptor 00421760 f   formatter.obj
 0001:000208a0       _DecodeAnnouncementSupportDescriptor 004218a0 f   formatter.obj
 0001:00020db0       _DecodeMosaicCellCount     00421db0 f   formatter.obj
 0001:00020e50       _DecodeFrameRate           00421e50 f   formatter.obj
 0001:00020fd0       _DecodeMPEG2Descriptor     00421fd0 f   formatter.obj
 0001:00026fc0       _FormatATSCModulationMode  00427fc0 f   formatter.obj
 0001:000271b0       _DecodeFEC                 004281b0 f   formatter.obj
 0001:00027360       _GetTableDescription       00428360 f   formatter.obj
 0001:00027880       _FormatNITEntry            00428880 f   formatter.obj
 0001:00028160       _SortEITCompare            00429160 f   formatter.obj
 0001:00028200       _GetEITSource              00429200 f   formatter.obj
 0001:00028340       _FormatEITEntry            00429340 f   formatter.obj
 0001:00029a90       _FormatCAT                 0042aa90 f   formatter.obj
 0001:00029c10       _FormatCVCT                0042ac10 f   formatter.obj
 0001:0002a2f0       _FormatBAT                 0042b2f0 f   formatter.obj
 0001:0002a730       _FormatMGT                 0042b730 f   formatter.obj
 0001:0002ad70       _FormatSITEntry            0042bd70 f   formatter.obj
 0001:0002afb0       _FormatRRTEntry            0042bfb0 f   formatter.obj
 0001:0002b1f0       _FormatCDTEntry            0042c1f0 f   formatter.obj
 0001:0002b380       _FormatDVBTOT              0042c380 f   formatter.obj
 0001:0002b4d0       _FormatTDTEntry            0042c4d0 f   formatter.obj
 0001:0002bb90       _FormatMMTEntry            0042cb90 f   formatter.obj
 0001:0002c150       _FormatPMTEntry            0042d150 f   formatter.obj
 0001:0002c650       _FormatAACAudioParse       0042d650 f   formatter.obj
 0001:0002c820       _FormatH264VideoParse      0042d820 f   formatter.obj
 0001:0002c8a0       _FormatMPEG4VideoParse     0042d8a0 f   formatter.obj
 0001:0002c920       _GetMPEG2VideoAspectRation 0042d920 f   formatter.obj
 0001:0002ca20       _GetMPEG2FrameRate         0042da20 f   formatter.obj
 0001:0002cba0       _GetMPEG2ChromaFormat      0042dba0 f   formatter.obj
 0001:0002cc60       _GetAFDFormat              0042dc60 f   formatter.obj
 0001:0002ce10       _FormatMPEGVideoParse      0042de10 f   formatter.obj
 0001:0002d0b0       _GetMPEGAudioMode          0042e0b0 f   formatter.obj
 0001:0002d170       _GetMPEGAudioSamplingFrequency 0042e170 f   formatter.obj
 0001:0002d220       _FormatMPEGAudioParse      0042e220 f   formatter.obj
 0001:0002d360       _GetAC3fscod               0042e360 f   formatter.obj
 0001:0002d410       _GetAC3bsmod               0042e410 f   formatter.obj
 0001:0002d5a0       _GetAC3acmod               0042e5a0 f   formatter.obj
 0001:0002d6e0       _GetAC3cmixlev             0042e6e0 f   formatter.obj
 0001:0002d7b0       _GetAC3surmixlev           0042e7b0 f   formatter.obj
 0001:0002d880       _GetAC3dsurmod             0042e880 f   formatter.obj
 0001:0002d950       _FormatAC3Parse            0042e950 f   formatter.obj
 0001:0002dd50       _FormatESEntry             0042ed50 f   formatter.obj
 0001:0002e2f0       _GetTSIDName               0042f2f0 f   formatter.obj
 0001:0002e3b0       _FormatSDTEntry            0042f3b0 f   formatter.obj
 0001:0002eb60       _FormatPAT                 0042fb60 f   formatter.obj
 0001:0002f0d0       _H264DecoderThread@4       004300d0 f   H264Decoder.obj
 0001:0002f690       _ReadFromH264ESPipe        00430690 f   H264Decoder.obj
 0001:0002f720       _H264DecoderThread_DEBUG@4 00430720 f   H264Decoder.obj
 0001:0002f920       _Write_Log                 00430920 f   MDInterface.obj
 0001:0002f9c0       _MD__Shutdown              004309c0 f   MDInterface.obj
 0001:0002fa50       _MD__Unload_External_Dll   00430a50 f   MDInterface.obj
 0001:0002fd20       _MD__Send_External_DLL_Menu_Cmd 00430d20 f   MDInterface.obj
 0001:0002fda0       _MD__Load_External_Dll     00430da0 f   MDInterface.obj
 0001:000305d0       _MD__StartPluginsRunning   004315d0 f   MDInterface.obj
 0001:00030880       _MD__StartFilter           00431880 f   MDInterface.obj
 0001:00030a00       _MD__StopFilter            00431a00 f   MDInterface.obj
 0001:00030ae0       _MD__ExternCommandDispatch 00431ae0 f   MDInterface.obj
 0001:00031860       _MD__ChannelChange         00432860 f   MDInterface.obj
 0001:00031a70       _PotentiallyDecrypt        00432a70 f   MDInterface.obj
 0001:00031b90       _FFDecrypt                 00432b90 f   MDInterface.obj
 0001:00031cb0       _NullKey                   00432cb0 f   MDInterface.obj
 0001:00031d10       _MD__DataToFilters         00432d10 f   MDInterface.obj
 0001:000323c0       _MD__IPDataToFilters       004333c0 f   MDInterface.obj
 0001:00032440       _save_ppm                  00433440 f   MPEG2Decoder.obj
 0001:00032520       _MPEG2DecoderThread@4      00433520 f   MPEG2Decoder.obj
 0001:00032d70       _MPEG4DecoderThread@4      00433d70 f   MPEG4Decoder.obj
 0001:00033230       _MPEGAInit                 00434230 f   MPEGAudio.obj
 0001:000332c0       _MPEGADeInit               004342c0 f   MPEGAudio.obj
 0001:00033320       _MPEGAudioDecoderThread@4  00434320 f   MPEGAudio.obj
 0001:00033980       _ParseATSCCETT             00434980 f   parser.obj
 0001:00033bf0       _ParseATSCEITPacket        00434bf0 f   parser.obj
 0001:00034700       _ParseATSCETTPacket        00435700 f   parser.obj
 0001:00034b50       _ParseDVBEITPacket         00435b50 f   parser.obj
 0001:00035e70       _ParseDVBBAT               00436e70 f   parser.obj
 0001:00036500       _ParseDVBSDTPacket         00437500 f   parser.obj
 0001:00036d20       _ParseDCIIPMTTypeThing     00437d20 f   parser.obj
 0001:00037340       _ParseDCIIProgramNameMessage 00438340 f   parser.obj
 0001:00037510       _ParsePMTPacket            00438510 f   parser.obj
 0001:00037fe0       _ParseIPPacket             00438fe0 f   parser.obj
 0001:00038d30       _ParsePATPacket            00439d30 f   parser.obj
 0001:00039150       _ParsePSIPPacket           0043a150 f   parser.obj
 0001:0003ad60       _ParseCATPacket            0043bd60 f   parser.obj
 0001:0003afa0       _ParseDCIINetworkPacket    0043bfa0 f   parser.obj
 0001:0003c210       _ParseDVBRSTPacket         0043d210 f   parser.obj
 0001:0003c360       _ParseISDBBITPacket        0043d360 f   parser.obj
 0001:0003c7b0       _ParseDVBTDTPacket         0043d7b0 f   parser.obj
 0001:0003cc10       _ParseDVBNITPacket         0043dc10 f   parser.obj
 0001:0003dad0       _ParseDCIIECMPacket        0043ead0 f   parser.obj
 0001:0003de00       _QuickParseUserData        0043ee00 f   parser.obj
 0001:0003e260       _ParseDVBINTPacket         0043f260 f   parser.obj
 0001:0003e3d0       _SendIACEmulatorName       0043f3d0 f   RokuTelnetInterface.obj
 0001:0003e4f0       _AnswerIAC                 0043f4f0 f   RokuTelnetInterface.obj
 0001:0003ea80       _ReadTelnetByte            0043fa80 f   RokuTelnetInterface.obj
 0001:0003ec00       _SendTelnetString          0043fc00 f   RokuTelnetInterface.obj
 0001:0003ecc0       _RokuTraceDlgProc@16       0043fcc0 f   RokuTelnetInterface.obj
 0001:0003ee10       _RokuTraceWindowThread@4   0043fe10 f   RokuTelnetInterface.obj
 0001:0003ef00       _AddTrace                  0043ff00 f   RokuTelnetInterface.obj
 0001:0003f020       _RokuTelnetControlThread@4 00440020 f   RokuTelnetInterface.obj
 0001:0003f6e0       _extract_seq               004406e0 f   sky_epg.obj
 0001:0003f720       _getGenre                  00440720 f   sky_epg.obj
 0001:0003f750       _getRating                 00440750 f   sky_epg.obj
 0001:0003f780       _getSubGenre               00440780 f   sky_epg.obj
 0001:0003f840       _getDay                    00440840 f   sky_epg.obj
 0001:0003f8c0       _getStartTime              004408c0 f   sky_epg.obj
 0001:0003f8f0       _getEndTime                004408f0 f   sky_epg.obj
 0001:0003f920       _dump_raw_bytes            00440920 f   sky_epg.obj
 0001:0003f950       _dump_table_b5             00440950 f   sky_epg.obj
 0001:0003fdf0       _dump_table_b9             00440df0 f   sky_epg.obj
 0001:0003ffb0       _dump_table_b0             00440fb0 f   sky_epg.obj
 0001:00040070       _dump_table_f0             00441070 f   sky_epg.obj
 0001:00040130       _dump_table_05             00441130 f   sky_epg.obj
 0001:00040160       _dump_table_06             00441160 f   sky_epg.obj
 0001:00040190       _dump_table_bc             00441190 f   sky_epg.obj
 0001:00040240       _dump_table_30             00441240 f   sky_epg.obj
 0001:000402c0       _dump_table_31             004412c0 f   sky_epg.obj
 0001:00040340       _decode_frame              00441340 f   sky_epg.obj
 0001:00040610       _ParseSkyEPG               00441610 f   sky_epg.obj
 0001:00040820       _UpdateSkyEPGMap           00441820 f   sky_epg.obj
 0001:00040c00       _sky_decode                00441c00 f   sky_huffman.obj
 0001:00040e20       _StartIncomingTSDataThread 00441e20 f   TSReader.obj
 0001:00040ef0       _SaveSettings_New          00441ef0 f   TSReader.obj
 0001:00041010       _SaveSettings              00442010 f   TSReader.obj
 0001:000418c0       _myRegQueryDWORDValue      004428c0 f   TSReader.obj
 0001:00041930       _LoadSettings_New          00442930 f   TSReader.obj
 0001:00041a60       _LoadSettings              00442a60 f   TSReader.obj
 0001:00042e00       _GetTSRVersion             00443e00 f   TSReader.obj
 0001:00042e90       _FormatTooltipPID          00443e90 f   TSReader.obj
 0001:00042ef0       _ContainsRC                00443ef0 f   TSReader.obj
 0001:00042fb0       _GetNextESPID              00443fb0 f   TSReader.obj
 0001:00043e70       _DecodeH264Video           00444e70 f   TSReader.obj
 0001:000441e0       _DecodeMPEG4Video          004451e0 f   TSReader.obj
 0001:00044540       _DecodeMPEG2Video          00445540 f   TSReader.obj
 0001:00044cc0       _DecodeAC3AudioHeader      00445cc0 f   TSReader.obj
 0001:00045230       _DecodeTeletextVBIHeader   00446230 f   TSReader.obj
 0001:00045a70       _DecodeMPEGAACAudio        00446a70 f   TSReader.obj
 0001:00045db0       _DecodeMPEGAudioHeader     00446db0 f   TSReader.obj
 0001:00046280       _AutoRecordPIDs            00447280 f   TSReader.obj
 0001:000462d0       _AutoRecord                004472d0 f   TSReader.obj
 0001:00046490       _SortPMTCompareFunction    00447490 f   TSReader.obj
 0001:000464f0       _AddNumberFormat           004474f0 f   TSReader.obj
 0001:00046590       _GetCurrentEITEvent        00447590 f   TSReader.obj
 0001:00046830       _GenerateSplitFilename     00447830 f   TSReader.obj
 0001:00046ff0       _UpdateSDTContinuity       00447ff0 f   TSReader.obj
 0001:00047070       _UpdatePATContinuity       00448070 f   TSReader.obj
 0001:000470f0       _UpdatePMTContinuity       004480f0 f   TSReader.obj
 0001:000471d0       _WritePATandPMTandSDT      004481d0 f   TSReader.obj
 0001:00047470       _PSWarningDlgProc@16       00448470 f   TSReader.obj
 0001:00047590       _UpdateFilenameFormatPreview 00448590 f   TSReader.obj
 0001:00047630       _FileNameFormatDlgProc@16  00448630 f   TSReader.obj
 0001:00047860       _LoadPIDList               00448860 f   TSReader.obj
 0001:00047a30       _LoadPIDListDialog         00448a30 f   TSReader.obj
 0001:00047b20       _SavePIDList               00448b20 f   TSReader.obj
 0001:00047cf0       _SavePIDListDialog         00448cf0 f   TSReader.obj
 0001:00047df0       _RecordDlgProc@16          00448df0 f   TSReader.obj
 0001:00049f10       _VerifySelectedProgram     0044af10 f   TSReader.obj
 0001:00049f90       _BuildTSSection            0044af90 f   TSReader.obj
 0001:0004a140       _GetECMPID                 0044b140 f   TSReader.obj
 0001:0004a4e0       _SetupCAESInfo             0044b4e0 f   TSReader.obj
 0001:0004a840       _SetupPriorToProgramRecording 0044b840 f   TSReader.obj
 0001:0004c3e0       _EnableDisableVLCMenuItems 0044d3e0 f   TSReader.obj
 0001:0004c450       _EnableOrDisableStreamMenuItems 0044d450 f   TSReader.obj
 0001:0004c5f0       _VLCConnectionDlgProc@16   0044d5f0 f   TSReader.obj
 0001:0004c750       _LaunchVLCThread@4         0044d750 f   TSReader.obj
 0001:0004c7c0       _EITLanguageSettingsDlgProc@16 0044d7c0 f   TSReader.obj
 0001:0004ca60       _StradisSettingsDlgProc@16 0044da60 f   TSReader.obj
 0001:0004cc70       _StreamDecoder             0044dc70 f   TSReader.obj
 0001:0004d9a0       _GetRecordStartTime        0044e9a0 f   TSReader.obj
 0001:0004da10       _RecordStream              0044ea10 f   TSReader.obj
 0001:0004de50       _CheckForFileSplit         0044ee50 f   TSReader.obj
 0001:0004e280       _RecordAllTS               0044f280 f   TSReader.obj
 0001:0004e450       _UpdateInputActivityPosition 0044f450 f   TSReader.obj
 0001:0004e570       _ForcePID                  0044f570 f   TSReader.obj
 0001:0004e5d0       _WaitForNextTSBuffer       0044f5d0 f   TSReader.obj
 0001:0004e740       _RecordOutstandingTSBuffers 0044f740 f   TSReader.obj
 0001:0004eb30       _CheckPIDTEI               0044fb30 f   TSReader.obj
 0001:0004ec10       _CheckPIDContinuity        0044fc10 f   TSReader.obj
 0001:0004ef00       _TimestampRecordPID        0044ff00 f   TSReader.obj
 0001:0004f1b0       _DecodeDSSRTC              004501b0 f   TSReader.obj
 0001:0004f240       _DSSMuxrateProcessing      00450240 f   TSReader.obj
 0001:0004f770       _MPEG2MuxrateProcessing    00450770 f   TSReader.obj
 0001:00050080       _BufferRecordChannelData   00451080 f   TSReader.obj
 0001:00050750       _CheckForGeneralESParsing  00451750 f   TSReader.obj
 0001:00050990       _LogTableMonitorData       00451990 f   TSReader.obj
 0001:00050bf0       _CheckForTableMonitor      00451bf0 f   TSReader.obj
 0001:00050ed0       _CheckForESParsing         00451ed0 f   TSReader.obj
 0001:00051b10       _GetNextECMPID             00452b10 f   TSReader.obj
 0001:00051e40       _PMTParsingComplete        00452e40 f   TSReader.obj
 0001:00052160       _SetupForNextPMTEntry      00453160 f   TSReader.obj
 0001:00052490       _PostPATProcessing         00453490 f   TSReader.obj
 0001:00052a10       _CheckPATVersionNumber     00453a10 f   TSReader.obj
 0001:00052bd0       _DispatchSIPacket          00453bd0 f   TSReader.obj
 0001:000535f0       _PMTListenPMTParser        004545f0 f   TSReader.obj
 0001:00053890       _PMTListenParser           00454890 f   TSReader.obj
 0001:00053bb0       _BufferSections            00454bb0 f   TSReader.obj
 0001:00054030       _ParseIncomingTSDataThread@4 00455030 f   TSReader.obj
 0001:00056c40       _CleanupIPParsingThread    00457c40 f   TSReader.obj
 0001:00056d60       _ReadPersistantEPG         00457d60 f   TSReader.obj
 0001:00057090       _WritePersistantEPG        00458090 f   TSReader.obj
 0001:000573e0       _CleanupMPEGParsingThread  004583e0 f   TSReader.obj
 0001:00057f20       _AddSITreeIcon             00458f20 f   TSReader.obj
 0001:00057fd0       _InitSITreeViewImageLists  00458fd0 f   TSReader.obj
 0001:00058170       _AddItemToSITree           00459170 f   TSReader.obj
 0001:000582a0       _GetLogicalChannelNumber   004592a0 f   TSReader.obj
 0001:000582f0       _SortPIDsByPackets         004592f0 f   TSReader.obj
 0001:00058380       _SortPIDsByPID             00459380 f   TSReader.obj
 0001:000583e0       _GetPMTOffsetFromThumbnailScrollOffset 004593e0 f   TSReader.obj
 0001:000584e0       _LocateCurrentProgram      004594e0 f   TSReader.obj
 0001:000588e0       _GetNextThumbnailHeight    004598e0 f   TSReader.obj
 0001:000589e0       _DrawThumbnail             004599e0 f   TSReader.obj
 0001:000599a0       _UpdateVideoPix            0045a9a0 f   TSReader.obj
 0001:0005a1c0       _CreateBrushes             0045b1c0 f   TSReader.obj
 0001:0005a320       _GetSourceInfoLine         0045b320 f   TSReader.obj
 0001:0005a800       _UpdateSourceInfo          0045b800 f   TSReader.obj
 0001:0005aad0       _UpdatePIDChart            0045bad0 f   TSReader.obj
 0001:0005b8c0       _ForcePIDChartRepaint      0045c8c0 f   TSReader.obj
 0001:0005b9c0       _SortMACsByDataCompareFunction 0045c9c0 f   TSReader.obj
 0001:0005ba50       _SortMACsByPacketsCompareFunction 0045ca50 f   TSReader.obj
 0001:0005bab0       _DecodeIPParserPID         0045cab0 f   TSReader.obj
 0001:0005bfc0       _HandleTreeClickIPDVB      0045cfc0 f   TSReader.obj
 0001:0005c300       _HandleTreeClickMPEG2      0045d300 f   TSReader.obj
 0001:0005dd80       _SIParserMsgNotify         0045ed80 f   TSReader.obj
 0001:0005edf0       _UpdatePIDChartingData     0045fdf0 f   TSReader.obj
 0001:0005f3d0       _ShowStatistics            004603d0 f   TSReader.obj
 0001:0005f730       _UpdateStatistics          00460730 f   TSReader.obj
 0001:00060540       _ExportSIHookProc@16       00461540 f   TSReader.obj
 0001:00060bc0       _XMLTVExport               00461bc0 f   TSReader.obj
 0001:00060cc0       _GetPIDTooltipInfo         00461cc0 f   TSReader.obj
 0001:00061fd0       _GetBouquetName            00462fd0 f   TSReader.obj
 0001:000620b0       _WriteAudioSampleXMLData   004630b0 f   TSReader.obj
 0001:00062300       _XMLExport__WriteESParserData 00463300 f   TSReader.obj
 0001:00063190       _XMLExport                 00464190 f   TSReader.obj
 0001:000694d0       _StartXMLExport            0046a4d0 f   TSReader.obj
 0001:00069650       _WriteHTMLStatistics       0046a650 f   TSReader.obj
 0001:00069950       _HTMLExport                0046a950 f   TSReader.obj
 0001:0006b4e0       _SIParserExport            0046c4e0 f   TSReader.obj
 0001:0006b660       _ResetTreeViewHandles      0046c660 f   TSReader.obj
 0001:0006b7e0       _ResetParserPackets        0046c7e0 f   TSReader.obj
 0001:0006b8d0       _ResetParserCRCs           0046c8d0 f   TSReader.obj
 0001:0006b9c0       _ResetPIDChart             0046c9c0 f   TSReader.obj
 0001:0006bba0       _ThumbnailThreadsRunning   0046cba0 f   TSReader.obj
 0001:0006bc50       _WaitForThumbnailThread    0046cc50 f   TSReader.obj
 0001:0006bd30       _SetupForNewStream         0046cd30 f   TSReader.obj
 0001:0006c680       _RetuneForSIParser         0046d680 f   TSReader.obj
 0001:0006c730       _GetPercentageOfTransportStream 0046d730 f   TSReader.obj
 0001:0006c7c0       _SIParserExportNIT         0046d7c0 f   TSReader.obj
 0001:0006d8d0       _HandleThumbnailScroll     0046e8d0 f   TSReader.obj
 0001:0006dbd0       _HandlePIDScroll           0046ebd0 f   TSReader.obj
 0001:0006ded0       _FormatIPv6Address         0046eed0 f   TSReader.obj
 0001:0006df90       _HandleWMUSER2IPMode       0046ef90 f   TSReader.obj
 0001:0006e3d0       _HandleWMUSER2MPEG2Mode    0046f3d0 f   TSReader.obj
 0001:000713a0       _UpdateRecordPIDsOneFileOptions 004723a0 f   TSReader.obj
 0001:00071490       _IPDVBPIDSelectDlgProc@16  00472490 f   TSReader.obj
 0001:00071fd0       _AboutDlgProc@16           00472fd0 f   TSReader.obj
 0001:00072650       _crc16                     00473650 f   TSReader.obj
 0001:000726d0       _LicenseDlgProc@16         004736d0 f   TSReader.obj
 0001:000728b0       _RestartTSReader_Stop      004738b0 f   TSReader.obj
 0001:00072c70       _SaveManualChannels        00473c70 f   TSReader.obj
 0001:00073020       _RestartTSReader_Start     00474020 f   TSReader.obj
 0001:000730c0       _RestartTSReader           004740c0 f   TSReader.obj
 0001:00073140       _UpdateThreadDialogPriorities 00474140 f   TSReader.obj
 0001:00073630       _SetupMenu                 00474630 f   TSReader.obj
 0001:00073990       _SetupVLCMenuNames         00474990 f   TSReader.obj
 0001:00073b90       _IPDVBModeOn               00474b90 f   TSReader.obj
 0001:00073d40       _IPDVBModeOff              00474d40 f   TSReader.obj
 0001:00073f90       _ToggleIPDVBMode           00474f90 f   TSReader.obj
 0001:00074030       _SaveThumbnails            00475030 f   TSReader.obj
 0001:00074530       _ThumbnailRefreshRateDlgProc@16 00475530 f   TSReader.obj
 0001:00074780       _AutoRestartDlgProc@16     00475780 f   TSReader.obj
 0001:00074a60       _ConfirmATSCRCDlgProc@16   00475a60 f   TSReader.obj
 0001:00074d10       _GetSourceDispInfo         00475d10 f   TSReader.obj
 0001:00074dd0       _BrowseIPSaveFolder        00475dd0 f   TSReader.obj
 0001:00074ed0       _IPSettingsDlgProc@16      00475ed0 f   TSReader.obj
 0001:00075040       _PIDListDlgProc@16         00476040 f   TSReader.obj
 0001:000752b0       _ControlServerDlgProc@16   004762b0 f   TSReader.obj
 0001:000754c0       _BufferSizesDlgProc@16     004764c0 f   TSReader.obj
 0001:00075670       _DeleteObsoleteSourceModules 00476670 f   TSReader.obj
 0001:00075740       _PopulateSourceList        00476740 f   TSReader.obj
 0001:00075a60       _SourceDlgProc@16          00476a60 f   TSReader.obj
 0001:00076070       _PopulateManualChannelList 00477070 f   TSReader.obj
 0001:00076170       _GetManualChannelDisplayInfo 00477170 f   TSReader.obj
 0001:00076510       _ManualChannelEditDialogProc@16 00477510 f   TSReader.obj
 0001:00077350       _GetManualChannelListSelected 00478350 f   TSReader.obj
 0001:00077410       _ManualChannelsDialogProc@16 00478410 f   TSReader.obj
 0001:00077a20       _DefineManualChannels      00478a20 f   TSReader.obj
 0001:00077a80       _LoadManualChannels        00478a80 f   TSReader.obj
 0001:00077e50       _LoadManualChannelsMenu    00478e50 f   TSReader.obj
 0001:00077f50       _ToggleMenuOption          00478f50 f   TSReader.obj
 0001:00077ff0       _EnableDisablePIDChartButtons 00478ff0 f   TSReader.obj
 0001:000780d0       _UpdateVLCConfigDisplay    004790d0 f   TSReader.obj
 0001:00078180       _GetVLCConfig              00479180 f   TSReader.obj
 0001:00078210       _LoadSerialPortCombo       00479210 f   TSReader.obj
 0001:00078380       _InitSerialControlDialog   00479380 f   TSReader.obj
 0001:000784b0       _SerialControlDlgProc@16   004794b0 f   TSReader.obj
 0001:00078700       _VLCSettings_WM_COMMAND    00479700 f   TSReader.obj
 0001:00078b40       _VLCSettingsDlgProc@16     00479b40 f   TSReader.obj
 0001:00078ce0       _XNSServerDlgProc@16       00479ce0 f   TSReader.obj
 0001:00078e40       _VLCWarningDlgProc@16      00479e40 f   TSReader.obj
 0001:00078f60       _PIDWarningDlgProc@16      00479f60 f   TSReader.obj
 0001:00079040       _LoadPlugins               0047a040 f   TSReader.obj
 0001:00079130       _CreateTooltip             0047a130 f   TSReader.obj
 0001:000791e0       _ResizeStatusbar           0047a1e0 f   TSReader.obj
 0001:000792b0       _CreateStatusBar           0047a2b0 f   TSReader.obj
 0001:00079650       _DeleteStatusBar           0047a650 f   TSReader.obj
 0001:000796f0       _RokuHD1000Settings@16     0047a6f0 f   TSReader.obj
 0001:00079980       _GetDescriptorListDispInfo 0047a980 f   TSReader.obj
 0001:00079c60       _DescriptorUsageDlgProc@16 0047ac60 f   TSReader.obj
 0001:0007a150       _GetBitmapPtr              0047b150 f   TSReader.obj
 0001:0007a1d0       _SetupServiceBitmaps       0047b1d0 f   TSReader.obj
 0001:0007a860       _SetupChannelFont          0047b860 f   TSReader.obj
 0001:0007aa60       _SetupFonts                0047ba60 f   TSReader.obj
 0001:0007ab90       _MouseMoveTooltips         0047bb90 f   TSReader.obj
 0001:0007af70       _AddTaskbarIcon            0047bf70 f   TSReader.obj
 0001:0007b060       _ResizeDialogWindow        0047c060 f   TSReader.obj
 0001:0007b620       _SetupProcessorAffinity    0047c620 f   TSReader.obj
 0001:0007b6d0       _LoadSource                0047c6d0 f   TSReader.obj
 0001:0007bce0       _EnableDisableSourceMenuItems 0047cce0 f   TSReader.obj
 0001:0007be60       _IPDeviceDlgProc@16        0047ce60 f   TSReader.obj
 0001:0007c2c0       _SetTreeViewIcon           0047d2c0 f   TSReader.obj
 0001:0007c350       _CheckWinPcap              0047d350 f   TSReader.obj
 0001:0007c3e0       _ReTransmitSelectedIPStream 0047d3e0 f   TSReader.obj
 0001:0007c530       _ReTransmitSelectedIPMACStream 0047d530 f   TSReader.obj
 0001:0007c5d0       _ReTransmitSelectedIPPIDStream 0047d5d0 f   TSReader.obj
 0001:0007c680       _RecordSelectedIPStream    0047d680 f   TSReader.obj
 0001:0007c950       _RecordSelectedIPMACStream 0047d950 f   TSReader.obj
 0001:0007c9e0       _RecordSelectedIPPIDStream 0047d9e0 f   TSReader.obj
 0001:0007ca80       _ToggleAlwaysOnTop         0047da80 f   TSReader.obj
 0001:0007cb10       _CheckThumbnailDisplayOrderMenu 0047db10 f   TSReader.obj
 0001:0007cba0       _CheckThumbnailSizeMenu    0047dba0 f   TSReader.obj
 0001:0007cc60       _SetInitialMenuStates      0047dc60 f   TSReader.obj
 0001:0007d1a0       _SetupChartClassName       0047e1a0 f   TSReader.obj
 0001:0007d1f0       _CloseExistingChart        0047e1f0 f   TSReader.obj
 0001:0007d2e0       _GetRetuneCommandLineParameters 0047e2e0 f   TSReader.obj
 0001:0007da60       _RetuneToThisChannel       0047ea60 f   TSReader.obj
 0001:0007daf0       _RetuneToThisMux           0047eaf0 f   TSReader.obj
 0001:0007dc00       _myChooseColor             0047ec00 f   TSReader.obj
 0001:0007dcb0       _ProcessPIDColorButtonClicks 0047ecb0 f   TSReader.obj
 0001:0007de90       _PaintPIDChartColorBoxes   0047ee90 f   TSReader.obj
 0001:0007dfe0       _PIDChartColorsDlgProc@16  0047efe0 f   TSReader.obj
 0001:0007e180       _GraphRefreshRateDlgProc@16 0047f180 f   TSReader.obj
 0001:0007e340       _SetupEPGGridScrollbars    0047f340 f   TSReader.obj
 0001:0007e440       _ProcessEPGScrollbarMessages 0047f440 f   TSReader.obj
 0001:0007e870       _EPGGridSettingsDlgProc@16 0047f870 f   TSReader.obj
 0001:0007f5b0       _ValidateWindowXY          004805b0 f   TSReader.obj
 0001:0007f620       _ShowEPGGrid               00480620 f   TSReader.obj
 0001:0007f880       _CreateChartWindow         00480880 f   TSReader.obj
 0001:0007fb70       _UpdateTableMonitorStats   00480b70 f   TSReader.obj
 0001:0007fe50       _GetTableMonitorDispInfo   00480e50 f   TSReader.obj
 0001:00080200       _PluginSettingsDlgProc@16  00481200 f   TSReader.obj
 0001:00080470       _EmailSetupDlgProc@16      00481470 f   TSReader.obj
 0001:00080820       _EITServerSettingsDlgProc@16 00481820 f   TSReader.obj
 0001:00080be0       _TableViewerDlgProc@16     00481be0 f   TSReader.obj
 0001:000813f0       _IsFileSource              004823f0 f   TSReader.obj
 0001:00081440       _SetPCTimeToStreamTime     00482440 f   TSReader.obj
 0001:00081590       _MainDlgSubclassProc@16    00482590 f   TSReader.obj
 0001:00081660       _AddNetworkToINI           00482660 f   TSReader.obj
 0001:00081ae0       _ExportNITAsINIFiles       00482ae0 f   TSReader.obj
 0001:000820c0       _ExportNITAsINIDlgProc@16  004830c0 f   TSReader.obj
 0001:00082280       _ToggleNetworkIgnore       00483280 f   TSReader.obj
 0001:00082980       _SIParserDlgProc@16        00483980 f   TSReader.obj
 0001:00085750       _SetProcessPriority        00486750 f   TSReader.obj
 0001:000857b0       _DecodeSkyLCN              004867b0 f   TSReader.obj
 0001:00085fe0       _LoadPIDListFile           00486fe0 f   TSReader.obj
 0001:00086120       _LoadManualPIDList         00487120 f   TSReader.obj
 0001:00086210       _GetVideoCompositionPID    00487210 f   TSReader.obj
 0001:000863f0       _CheckNewVersionThread@4   004873f0 f   TSReader.obj
 0001:000867a0       _CheckNewVersionDlgProc@16 004877a0 f   TSReader.obj
 0001:00086d40       _ProcessMain_WM_COMMAND    00487d40 f   TSReader.obj
 0001:00089060       _AutoRecordNoProgramDlgProc@16 0048a060 f   TSReader.obj
 0001:00089180       _MainWndProc@16            0048a180 f   TSReader.obj
 0001:0008a180       _InitVariables             0048b180 f   TSReader.obj
 0001:0008ac60       _DeInitVariables           0048bc60 f   TSReader.obj
 0001:0008af10       _GetCommandLineFilename    0048bf10 f   TSReader.obj
 0001:0008b030       _SkipCommandLineSwitch     0048c030 f   TSReader.obj
 0001:0008b090       _ParseTSReaderCommandLine  0048c090 f   TSReader.obj
 0001:0008cdd0       _LoadOutputModules         0048ddd0 f   TSReader.obj
 0001:0008cf00       _LoadOtherModules          0048df00 f   TSReader.obj
 0001:0008d320       _UnloadOtherModules        0048e320 f   TSReader.obj
 0001:0008d400       _InitApplication           0048e400 f   TSReader.obj
 0001:0008d4c0       _InitInstance              0048e4c0 f   TSReader.obj
 0001:0008d7b0       _BombWarningDlgProc@16     0048e7b0 f   TSReader.obj
 0001:0008d8d0       _DoNormalTSReaderWindow    0048e8d0 f   TSReader.obj
 0001:0008db10       _LoadSerialReceiverDLLs    0048eb10 f   TSReader.obj
 0001:0008dc90       _UnloadSerialReceiverDLLs  0048ec90 f   TSReader.obj
 0001:0008dd00       _WinMain@16                0048ed00 f   TSReader.obj
 0001:0008dfe0       _GetExtensionPtr           0048efe0 f   util.obj
 0001:0008e050       _CopyListControlToClipboard 0048f050 f   util.obj
 0001:0008e1d0       _UpdateMainStatusText      0048f1d0 f   util.obj
 0001:0008e280       _UpdateSecondaryStatusText 0048f280 f   util.obj
 0001:0008e310       _ATSCPIDs                  0048f310 f   util.obj
 0001:0008e380       _DecodeMPEG2PCR            0048f380 f   util.obj
 0001:0008e470       _GetTotalPMTChannels       0048f470 f   util.obj
 0001:0008e4e0       _IsDuplicateDescriptor     0048f4e0 f   util.obj
 0001:0008e570       _FillAddr                  0048f570 f   util.obj
 0001:0008e640       _IsMPEGAudioStream         0048f640 f   util.obj
 0001:0008e6c0       _IsAC3AudioStream          0048f6c0 f   util.obj
 0001:0008e840       _IsPCMAudioStream          0048f840 f   util.obj
 0001:0008e9d0       _IsDTSAudioStream          0048f9d0 f   util.obj
 0001:0008ebb0       _GetDTSAudioDescriptor     0048fbb0 f   util.obj
 0001:0008ed50       _GetDTSFrameSize           0048fd50 f   util.obj
 0001:0008ef30       _IsDataBroadcastStream     0048ff30 f   util.obj
 0001:0008f030       _IsTeleTextOrVBIStream     00490030 f   util.obj
 0001:0008f1a0       _IsSubtitleStream          004901a0 f   util.obj
 0001:0008f2a0       _GetATSCMultipleString     004902a0 f   util.obj
 0001:0008f480       _GetExtendedChannelName    00490480 f   util.obj
 0001:0008f660       _CursorNormal              00490660 f   util.obj
 0001:0008f6c0       _CursorWait                004906c0 f   util.obj
 0001:0008f730       _ConvertDVBBCDTimeOffsets  00490730 f   util.obj
 0001:0008f7e0       _ConvertBCD                004907e0 f   util.obj
 0001:0008f840       _ConvertDVBDate            00490840 f   util.obj
 0001:0008f990       _ConvertDVBTime            00490990 f   util.obj
 0001:0008fa00       _ConvertATSCDateTime       00490a00 f   util.obj
 0001:0008fac0       _EventInPast               00490ac0 f   util.obj
 0001:0008fbe0       _LogDescriptor             00490be0 f   util.obj
 0001:0008fc00       _ExpireOldEIT_debug        00490c00 f   util.obj
 0001:0008fc20       _ExpireOldEITData          00490c20 f   util.obj
 0001:0008fe70       _SaveEPGData               00490e70 f   util.obj
 0001:00090400       _SaveExistingEPGData       00491400 f   util.obj
 0001:00090490       _myGetSaveFileName         00491490 f   util.obj
 0001:00090530       _GetLanguageFromDescriptor 00491530 f   util.obj
 0001:00090640       _StripTrailingSpaces       00491640 f   util.obj
 0001:000906b0       _TrueFalseString           004916b0 f   util.obj
 0001:000906f0       _EscapeReplaceXML          004916f0 f   util.obj
 0001:000908e0       _WriteHTMLLine             004918e0 f   util.obj
 0001:00090990       _WriteHTMLASCII            00491990 f   util.obj
 0001:00090ad0       _GetVideoStreamCount       00491ad0 f   util.obj
 0001:00090c80       _GetProgramCount           00491c80 f   util.obj
 0001:00090d10       _LoadVideoDecoderCrashThumbnail 00491d10 f   util.obj
 0001:00090ff0       _YUVtoRGB                  00491ff0 f   util.obj
 0001:000911d0       _GetNewThumbnailSize       004921d0 f   util.obj
 0001:000912d0       _GenerateSizedThumbnail    004922d0 f   util.obj
 0001:000914f0       _GenerateAudioThumbnail    004924f0 f   util.obj
 0001:000919c0       _SetupScrambledChannelThumbnail 004929c0 f   util.obj
 0001:00091ca0       _GetVideoArea              00492ca0 f   util.obj
 0001:00091dc0       _InvalidateThumbnails      00492dc0 f   util.obj
 0001:00091e50       _ReadFromMPEG2ESPipe       00492e50 f   util.obj
 0001:00091ef0       _DecoderThread_SaveThumbnail 00492ef0 f   util.obj
 0001:00092210       _NeAACDecClose             00493210 f   libfaad2:libfaad2.dll
 0001:00092216       _NeAACDecGetErrorMessage   00493216 f   libfaad2:libfaad2.dll
 0001:0009221c       _NeAACDecDecode            0049321c f   libfaad2:libfaad2.dll
 0001:00092222       _NeAACDecInit              00493222 f   libfaad2:libfaad2.dll
 0001:00092228       _NeAACDecSetConfiguration  00493228 f   libfaad2:libfaad2.dll
 0001:0009222e       _NeAACDecGetCurrentConfiguration 0049322e f   libfaad2:libfaad2.dll
 0001:00092234       _NeAACDecOpen              00493234 f   libfaad2:libfaad2.dll
 0001:00092240       _a52_init                  00493240 f   liba52:parse.obj
 0001:00092310       _a52_samples               00493310 f   liba52:parse.obj
 0001:00092340       _a52_syncinfo              00493340 f   liba52:parse.obj
 0001:000924c0       _a52_frame                 004934c0 f   liba52:parse.obj
 0001:00092860       _a52_dynrng                00493860 f   liba52:parse.obj
 0001:000928b0       _a52_block                 004938b0 f   liba52:parse.obj
 0001:000948c0       _a52_free                  004958c0 f   liba52:parse.obj
 0001:00094910       _a52_imdct_512             00495910 f   liba52:imdct.obj
 0001:00094bd0       _a52_imdct_256             00495bd0 f   liba52:imdct.obj
 0001:000950d0       _a52_imdct_init            004960d0 f   liba52:imdct.obj
 0001:00095dd0       _a52_downmix_init          00496dd0 f   liba52:downmix.obj
 0001:000960b0       _a52_downmix_coeff         004970b0 f   liba52:downmix.obj
 0001:00096690       _a52_downmix               00497690 f   liba52:downmix.obj
 0001:000972e0       _a52_upmix                 004982e0 f   liba52:downmix.obj
 0001:000975a0       _a52_bitstream_set_ptr     004985a0 f   liba52:bitstream.obj
 0001:000976a0       _a52_bitstream_get_bh      004986a0 f   liba52:bitstream.obj
 0001:000977c0       _a52_bitstream_get_bh_2    004987c0 f   liba52:bitstream.obj
 0001:00097870       _a52_bit_allocate          00498870 f   liba52:bit_allocate.obj
 0001:00098230       _ao_drivers                00499230 f   libao:audio_out.obj
 0001:00098260       _float2s16_2               00499260 f   libao:float2s16.obj
 0001:00098340       _float2s16_4               00499340 f   libao:float2s16.obj
 0001:00098420       _float2s16_5               00499420 f   libao:float2s16.obj
 0001:00098530       _channels_multi            00499530 f   libao:float2s16.obj
 0001:00098590       _float2s16_multi           00499590 f   libao:float2s16.obj
 0001:00098bc0       _s16_swap                  00499bc0 f   libao:float2s16.obj
 0001:00098ce0       _ao_float_open             00499ce0 f   libao:audio_out_float.obj
 0001:00098db0       _ao_null_open              00499db0 f   libao:audio_out_null.obj
 0001:00098de0       _ao_null4_open             00499de0 f   libao:audio_out_null.obj
 0001:00098e10       _ao_null6_open             00499e10 f   libao:audio_out_null.obj
 0001:00098e40       _ao_peak_open              00499e40 f   libao:audio_out_peak.obj
 0001:00099070       _ao_peakdolby_open         0049a070 f   libao:audio_out_peak.obj
 0001:000990b0       _ao_aif_open               0049a0b0 f   libao:audio_out_aif.obj
 0001:00099410       _ao_aifdolby_open          0049a410 f   libao:audio_out_aif.obj
 0001:00099450       _ao_wav_open               0049a450 f   libao:audio_out_wav.obj
 0001:00099750       _ao_wavdolby_open          0049a750 f   libao:audio_out_wav.obj
 0001:00099790       _ao_win_open               0049a790 f   libao:audio_out_win.obj
 0001:00099ca0       _ao_windolby_open          0049aca0 f   libao:audio_out_win.obj
 0001:00099ce0       _mad_timer_compare         0049ace0 f   libmad:timer.obj
 0001:00099d50       _mad_timer_negate          0049ad50 f   libmad:timer.obj
 0001:00099db0       _mad_timer_abs             0049adb0 f   libmad:timer.obj
 0001:00099e00       _mad_timer_set             0049ae00 f   libmad:timer.obj
 0001:0009a260       _mad_timer_add             0049b260 f   libmad:timer.obj
 0001:0009a2c0       _mad_timer_multiply        0049b2c0 f   libmad:timer.obj
 0001:0009a370       _mad_timer_count           0049b370 f   libmad:timer.obj
 0001:0009a580       _mad_timer_fraction        0049b580 f   libmad:timer.obj
 0001:0009a620       _mad_timer_string          0049b620 f   libmad:timer.obj
 0001:0009ab00       _mad_synth_init            0049bb00 f   libmad:synth.obj
 0001:0009ab70       _mad_synth_mute            0049bb70 f   libmad:synth.obj
 0001:0009ac80       _mad_synth_frame           0049bc80 f   libmad:synth.obj
 0001:0009d000       _mad_header_init           0049e000 f   libmad:frame.obj
 0001:0009d0a0       _mad_frame_init            0049e0a0 f   libmad:frame.obj
 0001:0009d100       _mad_frame_finish          0049e100 f   libmad:frame.obj
 0001:0009d160       _mad_header_decode         0049e160 f   libmad:frame.obj
 0001:0009da60       _mad_frame_decode          0049ea60 f   libmad:frame.obj
 0001:0009db70       _mad_frame_mute            0049eb70 f   libmad:frame.obj
 0001:0009dc70       _mad_stream_init           0049ec70 f   libmad:stream.obj
 0001:0009dd40       _mad_stream_finish         0049ed40 f   libmad:stream.obj
 0001:0009dd90       _mad_stream_buffer         0049ed90 f   libmad:stream.obj
 0001:0009de00       _mad_stream_skip           0049ee00 f   libmad:stream.obj
 0001:0009de30       _mad_stream_sync           0049ee30 f   libmad:stream.obj
 0001:0009dee0       _mad_stream_errorstr       0049eee0 f   libmad:stream.obj
 0001:0009e0f0       _mad_layer_III             0049f0f0 f   libmad:layer3.obj
 0001:000a2a50       _mad_layer_I               004a3a50 f   libmad:layer12.obj
 0001:000a2f90       _mad_layer_II              004a3f90 f   libmad:layer12.obj
 0001:000a3990       _mad_bit_init              004a4990 f   libmad:bit.obj
 0001:000a39d0       _mad_bit_length            004a49d0 f   libmad:bit.obj
 0001:000a3a20       _mad_bit_nextbyte          004a4a20 f   libmad:bit.obj
 0001:000a3a70       _mad_bit_skip              004a4a70 f   libmad:bit.obj
 0001:000a3b10       _mad_bit_read              004a4b10 f   libmad:bit.obj
 0001:000a3c80       _mad_bit_crc               004a4c80 f   libmad:bit.obj
 0001:000a3e8e       _PEdestroy@4               004a4e8e     PEGRPCS:PEGRPCS.dll
 0001:000a3e94       _PEnset@12                 004a4e94     PEGRPCS:PEGRPCS.dll
 0001:000a3e9a       _PEvsetcell@16             004a4e9a     PEGRPCS:PEGRPCS.dll
 0001:000a3ea0       _PEvsetcellEx@20           004a4ea0     PEGRPCS:PEGRPCS.dll
 0001:000a3ea6       _PEszset@12                004a4ea6     PEGRPCS:PEGRPCS.dll
 0001:000a3eac       _PEvset@16                 004a4eac     PEGRPCS:PEGRPCS.dll
 0001:000a3eb2       _PEcreate@20               004a4eb2     PEGRPCS:PEGRPCS.dll
 0001:000a3eb8       _PEresetimage@12           004a4eb8     PEGRPCS:PEGRPCS.dll
 0001:000a3ebe       _PEreinitialize@4          004a4ebe     PEGRPCS:PEGRPCS.dll
 0001:000a3ec4       _PEvsetEx@24               004a4ec4     PEGRPCS:PEGRPCS.dll
 0001:000a3eca       __ISCloseDest@4            004a4eca f   _isource:_ISource.dll
 0001:000a3ed0       __ISWriteRGBToJPG@24       004a4ed0 f   _isource:_ISource.dll
 0001:000a3ed6       __ISOpenFileDest@4         004a4ed6 f   _isource:_ISource.dll
 0001:000a3edc       __ISDrawRGB@36             004a4edc f   _isource:_ISource.dll
 0001:000a3ee2       __ISOverlayRGBTrans@44     004a4ee2 f   _isource:_ISource.dll
 0001:000a3ee8       __ISDrawTextOnRGB2@32      004a4ee8 f   _isource:_ISource.dll
 0001:000a3eee       __ISHBITMAPToRGB@20        004a4eee f   _isource:_ISource.dll
 0001:000a3ef4       __ISLoadResourceBitmap@12  004a4ef4 f   _isource:_ISource.dll
 0001:000a3efa       __ISResizeRGB@24           004a4efa f   _isource:_ISource.dll
 0001:000a3f00       __ISDecimateRGB@24         004a4f00 f   _isource:_ISource.dll
 0001:000a3f06       __ISCloseSource@4          004a4f06 f   _isource:_ISource.dll
 0001:000a3f0c       __ISReadBMPToRGB@12        004a4f0c f   _isource:_ISource.dll
 0001:000a3f12       __ISOpenFileSource@4       004a4f12 f   _isource:_ISource.dll
 0001:000a3f18       __ISInitialize@4           004a4f18 f   _isource:_ISource.dll
 0001:000a3f20       _mpeg2_info                004a4f20 f   libmpeg2:decode.obj
 0001:000a3f30       _mpeg2_buffer              004a4f30 f   libmpeg2:decode.obj
 0001:000a3f50       _mpeg2_getpos              004a4f50 f   libmpeg2:decode.obj
 0001:000a3f70       _mpeg2_seek_header         004a4f70 f   libmpeg2:decode.obj
 0001:000a4080       _mpeg2_parse               004a5080 f   libmpeg2:decode.obj
 0001:000a4510       _mpeg2_parse_header        004a5510 f   libmpeg2:decode.obj
 0001:000a47d0       _mpeg2_convert             004a57d0 f   libmpeg2:decode.obj
 0001:000a4830       _mpeg2_stride              004a5830 f   libmpeg2:decode.obj
 0001:000a48a0       _mpeg2_set_buf             004a58a0 f   libmpeg2:decode.obj
 0001:000a4930       _mpeg2_custom_fbuf         004a5930 f   libmpeg2:decode.obj
 0001:000a4940       _mpeg2_skip                004a5940 f   libmpeg2:decode.obj
 0001:000a4970       _mpeg2_slice_region        004a5970 f   libmpeg2:decode.obj
 0001:000a49d0       _mpeg2_tag_picture         004a59d0 f   libmpeg2:decode.obj
 0001:000a4a20       _mpeg2_accel               004a5a20 f   libmpeg2:decode.obj
 0001:000a4a70       _mpeg2_reset               004a5a70 f   libmpeg2:decode.obj
 0001:000a4b00       _mpeg2_init                004a5b00 f   libmpeg2:decode.obj
 0001:000a4b70       _mpeg2_close               004a5b70 f   libmpeg2:decode.obj
 0001:000a4ba0       _mpeg2_header_state_init   004a5ba0 f   libmpeg2:header.obj
 0001:000a4ce0       _mpeg2_reset_info          004a5ce0 f   libmpeg2:header.obj
 0001:000a4d00       _mpeg2_header_sequence     004a5d00 f   libmpeg2:header.obj
 0001:000a5100       _mpeg2_header_sequence_finalize 004a6100 f   libmpeg2:header.obj
 0001:000a5530       _mpeg2_header_gop          004a6530 f   libmpeg2:header.obj
 0001:000a55c0       _mpeg2_header_gop_finalize 004a65c0 f   libmpeg2:header.obj
 0001:000a5600       _mpeg2_set_fbuf            004a6600 f   libmpeg2:header.obj
 0001:000a5670       _mpeg2_header_picture_start 004a6670 f   libmpeg2:header.obj
 0001:000a5740       _mpeg2_header_picture      004a6740 f   libmpeg2:header.obj
 0001:000a5ae0       _mpeg2_header_picture_finalize 004a6ae0 f   libmpeg2:header.obj
 0001:000a5f80       _mpeg2_header_extension    004a6f80 f   libmpeg2:header.obj
 0001:000a5fc0       _mpeg2_header_user_data    004a6fc0 f   libmpeg2:header.obj
 0001:000a5ff0       _mpeg2_header_slice_start  004a6ff0 f   libmpeg2:header.obj
 0001:000a6220       _mpeg2_header_end          004a7220 f   libmpeg2:header.obj
 0001:000a6320       _mpeg2_init_fbuf           004a7320 f   libmpeg2:slice.obj
 0001:000ad560       _mpeg2_slice               004ae560 f   libmpeg2:slice.obj
 0001:000b0270       _mpeg2_mc_init             004b1270 f   libmpeg2:motion_comp.obj
 0001:000b1df0       _mpeg2_idct_init           004b2df0 f   libmpeg2:idct.obj
 0001:000b2820       _mpeg2_cpu_state_init      004b3820 f   libmpeg2:cpu_state.obj
 0001:000b2850       _mpeg2_detect_accel        004b3850 f   libmpeg2:cpu_accel.obj
 0001:000b2930       _mpeg2_malloc              004b3930 f   libmpeg2:alloc.obj
 0001:000b2980       _mpeg2_free                004b3980 f   libmpeg2:alloc.obj
 0001:000b29b0       _mpeg2_malloc_hooks        004b39b0 f   libmpeg2:alloc.obj
 0001:000b4050       _mpeg2_idct_copy_mmxext    004b5050 f   libmpeg2:idct_mmx.obj
 0001:000b40d0       _mpeg2_idct_add_mmxext     004b50d0 f   libmpeg2:idct_mmx.obj
 0001:000b42b0       _mpeg2_idct_copy_mmx       004b52b0 f   libmpeg2:idct_mmx.obj
 0001:000b4330       _mpeg2_idct_add_mmx        004b5330 f   libmpeg2:idct_mmx.obj
 0001:000b4400       _mpeg2_idct_mmx_init       004b5400 f   libmpeg2:idct_mmx.obj
 0001:000b8670       _mpeg2convert_rgb32        004b9670 f   libmpeg2convert:rgb.obj
 0001:000b8e80       _mpeg2convert_rgb24        004b9e80 f   libmpeg2convert:rgb.obj
 0001:000b8eb0       _mpeg2convert_rgb16        004b9eb0 f   libmpeg2convert:rgb.obj
 0001:000b8ee0       _mpeg2convert_rgb15        004b9ee0 f   libmpeg2convert:rgb.obj
 0001:000b8f10       _mpeg2convert_rgb8         004b9f10 f   libmpeg2convert:rgb.obj
 0001:000b8f40       _mpeg2convert_bgr32        004b9f40 f   libmpeg2convert:rgb.obj
 0001:000b8f70       _mpeg2convert_bgr24        004b9f70 f   libmpeg2convert:rgb.obj
 0001:000b8fa0       _mpeg2convert_bgr16        004b9fa0 f   libmpeg2convert:rgb.obj
 0001:000b8fd0       _mpeg2convert_bgr15        004b9fd0 f   libmpeg2convert:rgb.obj
 0001:000b9000       _mpeg2convert_bgr8         004ba000 f   libmpeg2convert:rgb.obj
 0001:000b9030       _mpeg2convert_rgb          004ba030 f   libmpeg2convert:rgb.obj
 0001:000b9080       _mpeg2convert_rgb_mmxext   004ba080 f   libmpeg2convert:rgb_mmx.obj
 0001:000b90c0       _mpeg2convert_rgb_mmx      004ba0c0 f   libmpeg2convert:rgb_mmx.obj
 0001:000b9510       _send@16                   004ba510 f   wsock32:WSOCK32.dll
 0001:000b9516       _recv@16                   004ba516 f   wsock32:WSOCK32.dll
 0001:000b951c       _setsockopt@20             004ba51c f   wsock32:WSOCK32.dll
 0001:000b9522       _accept@12                 004ba522 f   wsock32:WSOCK32.dll
 0001:000b9528       _closesocket@4             004ba528 f   wsock32:WSOCK32.dll
 0001:000b952e       _listen@8                  004ba52e f   wsock32:WSOCK32.dll
 0001:000b9534       _bind@12                   004ba534 f   wsock32:WSOCK32.dll
 0001:000b953a       _htons@4                   004ba53a f   wsock32:WSOCK32.dll
 0001:000b9540       _socket@12                 004ba540 f   wsock32:WSOCK32.dll
 0001:000b9546       _connect@12                004ba546 f   wsock32:WSOCK32.dll
 0001:000b954c       _WSAStartup@8              004ba54c f   wsock32:WSOCK32.dll
 0001:000b9552       _WSACleanup@0              004ba552 f   wsock32:WSOCK32.dll
 0001:000b9558       _gethostbyname@4           004ba558 f   wsock32:WSOCK32.dll
 0001:000b955e       _inet_addr@4               004ba55e f   wsock32:WSOCK32.dll
 0001:000b9564       _CloseHandle@4             004ba564 f   kernel32:KERNEL32.dll
 0001:000b956a       _LocalFree@4               004ba56a f   kernel32:KERNEL32.dll
 0001:000b9570       _OutputDebugStringA@4      004ba570 f   kernel32:KERNEL32.dll
 0001:000b9576       _Sleep@4                   004ba576 f   kernel32:KERNEL32.dll
 0001:000b957c       _LocalAlloc@8              004ba57c f   kernel32:KERNEL32.dll
 0001:000b9582       _LeaveCriticalSection@4    004ba582 f   kernel32:KERNEL32.dll
 0001:000b9588       _EnterCriticalSection@4    004ba588 f   kernel32:KERNEL32.dll
 0001:000b958e       _lstrcmpA@8                004ba58e f   kernel32:KERNEL32.dll
 0001:000b9594       _lstrcpyA@8                004ba594 f   kernel32:KERNEL32.dll
 0001:000b959a       _WriteFile@20              004ba59a f   kernel32:KERNEL32.dll
 0001:000b95a0       _GetLocalTime@4            004ba5a0 f   kernel32:KERNEL32.dll
 0001:000b95a6       _lstrcatA@8                004ba5a6 f   kernel32:KERNEL32.dll
 0001:000b95ac       _lstrlenA@4                004ba5ac f   kernel32:KERNEL32.dll
 0001:000b95b2       _GetProcAddress@8          004ba5b2 f   kernel32:KERNEL32.dll
 0001:000b95b8       _CreateFileA@28            004ba5b8 f   kernel32:KERNEL32.dll
 0001:000b95be       _FreeLibrary@4             004ba5be f   kernel32:KERNEL32.dll
 0001:000b95c4       _FindClose@4               004ba5c4 f   kernel32:KERNEL32.dll
 0001:000b95ca       _FindNextFileA@8           004ba5ca f   kernel32:KERNEL32.dll
 0001:000b95d0       _DeleteFileA@4             004ba5d0 f   kernel32:KERNEL32.dll
 0001:000b95d6       _FindFirstFileA@8          004ba5d6 f   kernel32:KERNEL32.dll
 0001:000b95dc       _LoadLibraryA@4            004ba5dc f   kernel32:KERNEL32.dll
 0001:000b95e2       _GetModuleFileNameA@12     004ba5e2 f   kernel32:KERNEL32.dll
 0001:000b95e8       _CreateThread@24           004ba5e8 f   kernel32:KERNEL32.dll
 0001:000b95ee       _SystemTimeToFileTime@8    004ba5ee f   kernel32:KERNEL32.dll
 0001:000b95f4       _GetTimeFormatA@24         004ba5f4 f   kernel32:KERNEL32.dll
 0001:000b95fa       _GetDateFormatA@24         004ba5fa f   kernel32:KERNEL32.dll
 0001:000b9600       _SystemTimeToTzSpecificLocalTime@12 004ba600 f   kernel32:KERNEL32.dll
 0001:000b9606       _FileTimeToSystemTime@8    004ba606 f   kernel32:KERNEL32.dll
 0001:000b960c       _MulDiv@12                 004ba60c f   kernel32:KERNEL32.dll
 0001:000b9612       _LocalFileTimeToFileTime@8 004ba612 f   kernel32:KERNEL32.dll
 0001:000b9618       _GetSystemTime@4           004ba618 f   kernel32:KERNEL32.dll
 0001:000b961e       _ReadFile@20               004ba61e f   kernel32:KERNEL32.dll
 0001:000b9624       _GetTickCount@0            004ba624 f   kernel32:KERNEL32.dll
 0001:000b962a       _DeleteCriticalSection@4   004ba62a f   kernel32:KERNEL32.dll
 0001:000b9630       _InitializeCriticalSection@4 004ba630 f   kernel32:KERNEL32.dll
 0001:000b9636       _GetCurrentProcess@0       004ba636 f   kernel32:KERNEL32.dll
 0001:000b963c       _ResumeThread@4            004ba63c f   kernel32:KERNEL32.dll
 0001:000b9642       _GetCurrentDirectoryA@8    004ba642 f   kernel32:KERNEL32.dll
 0001:000b9648       _SetThreadPriority@8       004ba648 f   kernel32:KERNEL32.dll
 0001:000b964e       _CreatePipe@16             004ba64e f   kernel32:KERNEL32.dll
 0001:000b9654       _WinExec@8                 004ba654 f   kernel32:KERNEL32.dll
 0001:000b965a       _GlobalFree@4              004ba65a f   kernel32:KERNEL32.dll
 0001:000b9660       _SetProcessAffinityMask@8  004ba660 f   kernel32:KERNEL32.dll
 0001:000b9666       _GetProcessAffinityMask@12 004ba666 f   kernel32:KERNEL32.dll
 0001:000b966c       _GetPrivateProfileStringA@24 004ba66c f   kernel32:KERNEL32.dll
 0001:000b9672       _GetLastError@0            004ba672 f   kernel32:KERNEL32.dll
 0001:000b9678       _SetSystemTime@4           004ba678 f   kernel32:KERNEL32.dll
 0001:000b967e       _WritePrivateProfileStringA@16 004ba67e f   kernel32:KERNEL32.dll
 0001:000b9684       _MoveFileA@8               004ba684 f   kernel32:KERNEL32.dll
 0001:000b968a       _SetPriorityClass@8        004ba68a f   kernel32:KERNEL32.dll
 0001:000b9690       _TerminateThread@8         004ba690 f   kernel32:KERNEL32.dll
 0001:000b9696       _SetFilePointer@16         004ba696 f   kernel32:KERNEL32.dll
 0001:000b969c       _GlobalAlloc@8             004ba69c f   kernel32:KERNEL32.dll
 0001:000b96a2       _QueryPerformanceFrequency@4 004ba6a2 f   kernel32:KERNEL32.dll
 0001:000b96a8       _GlobalUnlock@4            004ba6a8 f   kernel32:KERNEL32.dll
 0001:000b96ae       _wsprintfA                 004ba6ae f   user32:USER32.dll
 0001:000b96b4       _PostMessageA@16           004ba6b4 f   user32:USER32.dll
 0001:000b96ba       _SetForegroundWindow@4     004ba6ba f   user32:USER32.dll
 0001:000b96c0       _KillTimer@8               004ba6c0 f   user32:USER32.dll
 0001:000b96c6       _GetWindowRect@8           004ba6c6 f   user32:USER32.dll
 0001:000b96cc       _DestroyWindow@4           004ba6cc f   user32:USER32.dll
 0001:000b96d2       _MoveWindow@24             004ba6d2 f   user32:USER32.dll
 0001:000b96d8       _GetClientRect@8           004ba6d8 f   user32:USER32.dll
 0001:000b96de       _GetWindowLongA@8          004ba6de f   user32:USER32.dll
 0001:000b96e4       _DefWindowProcA@16         004ba6e4 f   user32:USER32.dll
 0001:000b96ea       _InvalidateRect@12         004ba6ea f   user32:USER32.dll
 0001:000b96f0       _SetTimer@16               004ba6f0 f   user32:USER32.dll
 0001:000b96f6       _SendMessageA@16           004ba6f6 f   user32:USER32.dll
 0001:000b96fc       _SendDlgItemMessageA@20    004ba6fc f   user32:USER32.dll
 0001:000b9702       _SetDlgItemTextA@12        004ba702 f   user32:USER32.dll
 0001:000b9708       _ShowWindow@8              004ba708 f   user32:USER32.dll
 0001:000b970e       _GetDlgItem@8              004ba70e f   user32:USER32.dll
 0001:000b9714       _DispatchMessageA@4        004ba714 f   user32:USER32.dll
 0001:000b971a       _TranslateMessage@4        004ba71a f   user32:USER32.dll
 0001:000b9720       _PeekMessageA@20           004ba720 f   user32:USER32.dll
 0001:000b9726       _CallWindowProcA@20        004ba726 f   user32:USER32.dll
 0001:000b972c       _GetParent@4               004ba72c f   user32:USER32.dll
 0001:000b9732       _SetFocus@4                004ba732 f   user32:USER32.dll
 0001:000b9738       _EndDialog@8               004ba738 f   user32:USER32.dll
 0001:000b973e       _MessageBoxA@16            004ba73e f   user32:USER32.dll
 0001:000b9744       _SetWindowLongA@12         004ba744 f   user32:USER32.dll
 0001:000b974a       _CheckMenuItem@12          004ba74a f   user32:USER32.dll
 0001:000b9750       _GetMenu@4                 004ba750 f   user32:USER32.dll
 0001:000b9756       _SetScrollInfo@16          004ba756 f   user32:USER32.dll
 0001:000b975c       _EndPaint@8                004ba75c f   user32:USER32.dll
 0001:000b9762       _FillRect@12               004ba762 f   user32:USER32.dll
 0001:000b9768       _DrawTextA@20              004ba768 f   user32:USER32.dll
 0001:000b976e       _DrawIcon@16               004ba76e f   user32:USER32.dll
 0001:000b9774       _BeginPaint@8              004ba774 f   user32:USER32.dll
 0001:000b977a       _SetScrollPos@16           004ba77a f   user32:USER32.dll
 0001:000b9780       _MessageBeep@4             004ba780 f   user32:USER32.dll
 0001:000b9786       _GetDlgItemTextA@16        004ba786 f   user32:USER32.dll
 0001:000b978c       _IsDlgButtonChecked@8      004ba78c f   user32:USER32.dll
 0001:000b9792       _CheckDlgButton@12         004ba792 f   user32:USER32.dll
 0001:000b9798       _DialogBoxParamA@20        004ba798 f   user32:USER32.dll
 0001:000b979e       _GetDlgItemInt@16          004ba79e f   user32:USER32.dll
 0001:000b97a4       _DestroyMenu@4             004ba7a4 f   user32:USER32.dll
 0001:000b97aa       _TrackPopupMenu@28         004ba7aa f   user32:USER32.dll
 0001:000b97b0       _GetSubMenu@8              004ba7b0 f   user32:USER32.dll
 0001:000b97b6       _LoadMenuA@8               004ba7b6 f   user32:USER32.dll
 0001:000b97bc       _SetDlgItemInt@16          004ba7bc f   user32:USER32.dll
 0001:000b97c2       _ClientToScreen@8          004ba7c2 f   user32:USER32.dll
 0001:000b97c8       _GetKeyState@4             004ba7c8 f   user32:USER32.dll
 0001:000b97ce       _DestroyIcon@4             004ba7ce f   user32:USER32.dll
 0001:000b97d4       _LoadIconA@8               004ba7d4 f   user32:USER32.dll
 0001:000b97da       _ReleaseDC@8               004ba7da f   user32:USER32.dll
 0001:000b97e0       _GetDC@4                   004ba7e0 f   user32:USER32.dll
 0001:000b97e6       _DeleteMenu@12             004ba7e6 f   user32:USER32.dll
 0001:000b97ec       _AppendMenuA@16            004ba7ec f   user32:USER32.dll
 0001:000b97f2       _WaitForInputIdle@8        004ba7f2 f   user32:USER32.dll
 0001:000b97f8       _GetMessageA@16            004ba7f8 f   user32:USER32.dll
 0001:000b97fe       _CreateDialogParamA@20     004ba7fe f   user32:USER32.dll
 0001:000b9804       _EnableWindow@8            004ba804 f   user32:USER32.dll
 0001:000b980a       _EnableMenuItem@12         004ba80a f   user32:USER32.dll
 0001:000b9810       _FindWindowA@8             004ba810 f   user32:USER32.dll
 0001:000b9816       _LoadImageA@24             004ba816 f   user32:USER32.dll
 0001:000b981c       _GetSystemMetrics@4        004ba81c f   user32:USER32.dll
 0001:000b9822       _SetScrollRange@20         004ba822 f   user32:USER32.dll
 0001:000b9828       _GetScrollRange@16         004ba828 f   user32:USER32.dll
 0001:000b982e       _GetSysColor@4             004ba82e f   user32:USER32.dll
 0001:000b9834       _UpdateWindow@4            004ba834 f   user32:USER32.dll
 0001:000b983a       _ModifyMenuA@20            004ba83a f   user32:USER32.dll
 0001:000b9840       _SetWindowPos@28           004ba840 f   user32:USER32.dll
 0001:000b9846       _CreateWindowExA@48        004ba846 f   user32:USER32.dll
 0001:000b984c       _CheckMenuRadioItem@20     004ba84c f   user32:USER32.dll
 0001:000b9852       _UnregisterClassA@8        004ba852 f   user32:USER32.dll
 0001:000b9858       _RegisterClassA@4          004ba858 f   user32:USER32.dll
 0001:000b985e       _LoadCursorA@8             004ba85e f   user32:USER32.dll
 0001:000b9864       _keybd_event@16            004ba864 f   user32:USER32.dll
 0001:000b986a       _PostQuitMessage@4         004ba86a f   user32:USER32.dll
 0001:000b9870       _RegisterWindowMessageA@4  004ba870 f   user32:USER32.dll
 0001:000b9876       _LoadAcceleratorsA@8       004ba876 f   user32:USER32.dll
 0001:000b987c       _IsDialogMessageA@8        004ba87c f   user32:USER32.dll
 0001:000b9882       _IsWindow@4                004ba882 f   user32:USER32.dll
 0001:000b9888       _TranslateAcceleratorA@12  004ba888 f   user32:USER32.dll
 0001:000b988e       _CloseClipboard@0          004ba88e f   user32:USER32.dll
 0001:000b9894       _SetClipboardData@8        004ba894 f   user32:USER32.dll
 0001:000b989a       _EmptyClipboard@0          004ba89a f   user32:USER32.dll
 0001:000b98a0       _OpenClipboard@4           004ba8a0 f   user32:USER32.dll
 0001:000b98a6       _SetCursor@4               004ba8a6 f   user32:USER32.dll
 0001:000b98ac       _ReleaseCapture@0          004ba8ac f   user32:USER32.dll
 0001:000b98b2       _SetCapture@4              004ba8b2 f   user32:USER32.dll
 0001:000b98b8       _LineTo@12                 004ba8b8 f   gdi32:GDI32.dll
 0001:000b98be       _MoveToEx@16               004ba8be f   gdi32:GDI32.dll
 0001:000b98c4       _Ellipse@20                004ba8c4 f   gdi32:GDI32.dll
 0001:000b98ca       _SelectObject@8            004ba8ca f   gdi32:GDI32.dll
 0001:000b98d0       _DeleteDC@4                004ba8d0 f   gdi32:GDI32.dll
 0001:000b98d6       _DeleteObject@4            004ba8d6 f   gdi32:GDI32.dll
 0001:000b98dc       _BitBlt@36                 004ba8dc f   gdi32:GDI32.dll
 0001:000b98e2       _RoundRect@28              004ba8e2 f   gdi32:GDI32.dll
 0001:000b98e8       _GetStockObject@4          004ba8e8 f   gdi32:GDI32.dll
 0001:000b98ee       _TextOutA@20               004ba8ee f   gdi32:GDI32.dll
 0001:000b98f4       _GetTextExtentPointA@16    004ba8f4 f   gdi32:GDI32.dll
 0001:000b98fa       _SetTextColor@8            004ba8fa f   gdi32:GDI32.dll
 0001:000b9900       _SetBkMode@8               004ba900 f   gdi32:GDI32.dll
 0001:000b9906       _CreateCompatibleBitmap@12 004ba906 f   gdi32:GDI32.dll
 0001:000b990c       _CreateCompatibleDC@4      004ba90c f   gdi32:GDI32.dll
 0001:000b9912       _CreateFontA@56            004ba912 f   gdi32:GDI32.dll
 0001:000b9918       _GetDeviceCaps@8           004ba918 f   gdi32:GDI32.dll
 0001:000b991e       _CreatePen@12              004ba91e f   gdi32:GDI32.dll
 0001:000b9924       _CreateSolidBrush@4        004ba924 f   gdi32:GDI32.dll
 0001:000b992a       _SetBkColor@8              004ba92a f   gdi32:GDI32.dll
 0001:000b9930       _GetTextExtentPoint32A@16  004ba930 f   gdi32:GDI32.dll
 0001:000b9936       _Polyline@12               004ba936 f   gdi32:GDI32.dll
 0001:000b993c       _CreateFontIndirectA@4     004ba93c f   gdi32:GDI32.dll
 0001:000b9942       _ChooseColorA@4            004ba942 f   comdlg32:comdlg32.dll
 0001:000b9948       _GetSaveFileNameA@4        004ba948 f   comdlg32:comdlg32.dll
 0001:000b994e       _RegSetValueExA@24         004ba94e f   advapi32:ADVAPI32.dll
 0001:000b9954       _RegCloseKey@4             004ba954 f   advapi32:ADVAPI32.dll
 0001:000b995a       _RegCreateKeyExA@36        004ba95a f   advapi32:ADVAPI32.dll
 0001:000b9960       _RegQueryValueExA@24       004ba960 f   advapi32:ADVAPI32.dll
 0001:000b9966       _RegOpenKeyExA@20          004ba966 f   advapi32:ADVAPI32.dll
 0001:000b996c       _RegEnumValueA@32          004ba96c f   advapi32:ADVAPI32.dll
 0001:000b9972       _SHGetPathFromIDListA@8    004ba972 f   shell32:SHELL32.dll
 0001:000b9978       _SHBrowseForFolderA@4      004ba978 f   shell32:SHELL32.dll
 0001:000b997e       _Shell_NotifyIconA@8       004ba97e f   shell32:SHELL32.dll
 0001:000b9984       _ShellExecuteA@24          004ba984 f   shell32:SHELL32.dll
 0001:000b998a       _DragFinish@4              004ba98a f   shell32:SHELL32.dll
 0001:000b9990       _DragQueryFileA@16         004ba990 f   shell32:SHELL32.dll
 0001:000b9996       _ImageList_ReplaceIcon@12  004ba996 f   comctl32:COMCTL32.dll
 0001:000b999c       _ImageList_Create@20       004ba99c f   comctl32:COMCTL32.dll
 0001:000b99a2       _CreateStatusWindowA@16    004ba9a2 f   comctl32:COMCTL32.dll
 0001:000b99a8       _ImageList_Destroy@4       004ba9a8 f   comctl32:COMCTL32.dll
 0001:000b99ae       _InitCommonControlsEx@4    004ba9ae f   comctl32:COMCTL32.dll
 0001:000b99b4       _waveOutWrite@12           004ba9b4 f   winmm:WINMM.dll
 0001:000b99ba       _waveOutPrepareHeader@12   004ba9ba f   winmm:WINMM.dll
 0001:000b99c0       _waveOutUnprepareHeader@12 004ba9c0 f   winmm:WINMM.dll
 0001:000b99c6       _waveOutOpen@24            004ba9c6 f   winmm:WINMM.dll
 0001:000b99cc       _waveOutClose@4            004ba9cc f   winmm:WINMM.dll
 0001:000b99d2       _waveOutReset@4            004ba9d2 f   winmm:WINMM.dll
 0001:000b99d8       _InternetCloseHandle@4     004ba9d8 f   Wininet:WININET.dll
 0001:000b99de       _InternetReadFile@16       004ba9de f   Wininet:WININET.dll
 0001:000b99e4       _HttpQueryInfoA@20         004ba9e4 f   Wininet:WININET.dll
 0001:000b99ea       _HttpSendRequestA@20       004ba9ea f   Wininet:WININET.dll
 0001:000b99f0       _HttpOpenRequestA@32       004ba9f0 f   Wininet:WININET.dll
 0001:000b99f6       _InternetConnectA@32       004ba9f6 f   Wininet:WININET.dll
 0001:000b99fc       _InternetOpenA@20          004ba9fc f   Wininet:WININET.dll
 0001:000b9a02       _SourceHelper_GetTSReaderEXEDirectory 004baa02 f   TSReader_SourceHelper:TSReader_SourceHelper.dll
 0001:000b9a08       _SourceHelper_ReadLine     004baa08 f   TSReader_SourceHelper:TSReader_SourceHelper.dll
 0001:000b9a0e       _SourceHelper_CRC_Check    004baa0e f   TSReader_SourceHelper:TSReader_SourceHelper.dll
 0001:000b9a14       _SourceHelper_SetWorkerThreadPriorities 004baa14 f   TSReader_SourceHelper:TSReader_SourceHelper.dll
 0001:000b9a1a       _SourceHelper_myGetOpenFileName 004baa1a f   TSReader_SourceHelper:TSReader_SourceHelper.dll
 0001:000b9a20       _SourceHelper_CRC_Calc     004baa20 f   TSReader_SourceHelper:TSReader_SourceHelper.dll
 0001:000b9a26       _SourceHelper_SetChannelSerialControl 004baa26 f   TSReader_SourceHelper:TSReader_SourceHelper.dll
 0001:000b9a2c       _SourceHelper_DeInitSerialControl 004baa2c f   TSReader_SourceHelper:TSReader_SourceHelper.dll
 0001:000b9a32       _SourceHelper_InitSerialControl 004baa32 f   TSReader_SourceHelper:TSReader_SourceHelper.dll
 0001:000b9a38       _SourceHelper_CalculateSwitchParameters 004baa38 f   TSReader_SourceHelper:TSReader_SourceHelper.dll
 0001:000b9a3e       _SourceHelper_DiSEqCPositionerDialog 004baa3e f   TSReader_SourceHelper:TSReader_SourceHelper.dll
 0001:000b9a44       _SourceHelper_ResetFirstTimeFlag 004baa44 f   TSReader_SourceHelper:TSReader_SourceHelper.dll
 0001:000b9a4a       _SourceHelper_ImportSatelliteList 004baa4a f   TSReader_SourceHelper:TSReader_SourceHelper.dll
 0001:000b9a50       _SourceHelper_Init         004baa50 f   TSReader_SourceHelper:TSReader_SourceHelper.dll
 0001:000b9a56       _SourceHelper_CRC_Init     004baa56 f   TSReader_SourceHelper:TSReader_SourceHelper.dll
 0001:000b9a60       _memcpy                    004baa60 f   LIBCMTD:memcpy.obj
 0001:000b9da0       __alloca_probe             004bada0 f   LIBCMTD:chkstk.obj
 0001:000b9da0       __chkstk                   004bada0 f   LIBCMTD:chkstk.obj
 0001:000b9dd0       __chkesp                   004badd0 f   LIBCMTD:chkesp.obj
 0001:000b9e10       __fpmath                   004bae10 f   LIBCMTD:fpinit.obj
 0001:000b9e40       __fpclear                  004bae40 f   LIBCMTD:fpinit.obj
 0001:000b9e50       __cfltcvt_init             004bae50 f   LIBCMTD:fpinit.obj
 0001:000b9ea0       ___setfflag                004baea0 f   LIBCMTD:fpinit.obj
 0001:000b9ec0       _memset                    004baec0 f   LIBCMTD:memset.obj
 0001:000b9f20       __allshr                   004baf20 f   LIBCMTD:llshr.obj
 0001:000b9f50       __alldiv                   004baf50 f   LIBCMTD:lldiv.obj
 0001:000ba000       __allrem                   004bb000 f   LIBCMTD:llrem.obj
 0001:000ba0b4       __ftol                     004bb0b4 f   LIBCMTD:ftol.obj
 0001:000ba0e0       __allmul                   004bb0e0 f   LIBCMTD:llmul.obj
 0001:000ba120       __allshl                   004bb120 f   LIBCMTD:llshl.obj
 0001:000ba140       _qsort                     004bb140 f   LIBCMTD:qsort.obj
 0001:000ba440       _atol                      004bb440 f   LIBCMTD:atox.obj
 0001:000ba540       _atoi                      004bb540 f   LIBCMTD:atox.obj
 0001:000ba560       __atoi64                   004bb560 f   LIBCMTD:atox.obj
 0001:000ba690       _atof                      004bb690 f   LIBCMTD:atof.obj
 0001:000ba710       _strstr                    004bb710 f   LIBCMTD:strstr.obj
 0001:000ba790       _strcpy                    004bb790 f   LIBCMTD:strcat.obj
 0001:000ba7a0       _strcat                    004bb7a0 f   LIBCMTD:strcat.obj
 0001:000ba880       _strcmp                    004bb880 f   LIBCMTD:strcmp.obj
 0001:000ba910       _sscanf                    004bb910 f   LIBCMTD:sscanf.obj
 0001:000ba9d0       _sprintf                   004bb9d0 f   LIBCMTD:sprintf.obj
 0001:000baad0       _memcmp                    004bbad0 f   LIBCMTD:memcmp.obj
 0001:000bab80       __aulldiv                  004bbb80 f   LIBCMTD:ulldiv.obj
[...]
FIXUPS: 88f23 29 21 4f 43 21 2d 37 e e 11 34 31 19 9 1c 9 1c 9 1c 9 1c
FIXUPS: 891cc 1c 9 1e c 1e fffff5c9 20 34 38 1e 1e 23 3d 27 34 1d 40 23
FIXUPS: 88a3b 2d 23 30 56 18 24 61 16 89 35 e 40 93 25 16 28 c 22 fffff67b
FIXUPS: 8847d 11 21 23 1e 21 34 31 31 31 10 13 26 1e 23 26 2c 26 d 1e 5
FIXUPS: 88713 c c 11 21 10 13 11 20 34 fffff506 12 290 34 e 34 31 31 31
FIXUPS: 880f3 e 34 27 2b 37 82 1b 31 10 13 21 21 d 28 37 d 28 37 21 21
FIXUPS: 8841c 27 fffff318 13 21 b8 34 3d 26 38 30 2a 1b 1b 62 1c 30 30
FIXUPS: 87aa0 30 30 1c 30 30 1c 30 30 24 15 28 21 15 21 26 fffff4f7 26
FIXUPS: 87203 4e 145 36 14 4c 25 21 24 25 21 2a 25 21 1b 25 21 13 2c 15
FIXUPS: 8762c 13 25 1e 41 13 23 1e 1e 13 fffff3da 12 12 12 12 12 138 1e
FIXUPS: 86ceb c2 90 2b 16 20 61 1d 1e 19 25 1e 19 18 10 48 25 21 2c 4e
FIXUPS: 870ff 15 4c 59 ffffef27 4a e 4b e 30 e 23 2c 1d 65 28 16 6f 2e
FIXUPS: 8655f 3d 37 28 186 e 10 51 52 c3 c 12 25 17c c 12 12 fffff29f 13
FIXUPS: 85dbc 14 9 29 1a 16 27 e 3a e 34 e 26 e 12 30 a 2a 13 16 27 16
FIXUPS: 86025 12 e c 11 2c 21 1b fffff7cc 1a 1c 1a 27 21 e 1a 9d 36 71
FIXUPS: 85ab0 5b 59 16 26 20 20 16 16 1d 35 e 8 30 11 19 15 26 1d 3d 1a
FIXUPS: 851de 19 11 1f 16 21 b c 1a eb 29 21 29 ca 35 35 c 63 16 2f 3c
FIXUPS: 8563f 8c 1a 68 23 2b 24 23 2b 29 29 fffff183 9 e c e 20 20 20 15
FIXUPS: 84b28 aa aa 37 34 34 50 47 1e 103 43 2c 5a 4a 27 b4 c 6d 2b 27
FIXUPS: 851a9 13 f fffff06d 1b b 17 24 2e 11 16 141 19 34 12 31 27 21 87
FIXUPS: 845c0 99 50 3d 19 16 a5 97 e 83 e 4d 38 1d 15 28 fffff37b 2a 2a
FIXUPS: 83de1 37 3d 1c 24 26 1c 27 13 18 18 3d 37 6f 17 15 1b 1b 1b 54
FIXUPS: 8412e 32 1b 1b 1b 1b 1b 1b 1b fffff4fc e 23 4b 7e 41 2b 16 6a e
FIXUPS: 8393e 1a 15 17d 26 3b 17 34 23 11 14 18 6 76 8 5 9 e 20 32 f 15
FIXUPS: 82dee 27 32 63 21 26 20 24 84 31 42 31 44 13 6e 28 1c 24 52 18
FIXUPS: 83218 21 17 17 f ae 97 b0 e0 e 78 e1 ffffed67 1d 2b e6 13 1c d
FIXUPS: 825e5 5d 13 150 20 1d 1d 1d 1d 57 85 8c 1d 42 29 36 29 10 7f 24
FIXUPS: 82b51 28 165 ce 2c fffff141 1d 2c 1d 1f 18 10 34 15 73 30 2b 1d
FIXUPS: 82142 16 33 27 21 18 10 4c 4d e 49 1c 2b 15 2c 15 b 31 15 fffff4e2
FIXUPS: 818d3 10 1f 62 31 2d 28 31 15 1a 26 34 c0 26 1f 17 12 a5 43 35
FIXUPS: 81d18 35 29 35 29 35 29 35 29 35 1c fffff557 17 12 71 23 23 24
FIXUPS: 8155f 23 26 e 26 e 15 10 5f 28 28 18 34 28 15 1a 1d 1b e 18 1b
FIXUPS: 817e8 17 f 87 fffff58f 1c 8b 24 e 1a 37 8e e 28 28 7b 28 28 79
FIXUPS: 811a6 28 d 9a 27 1c 26 e 15 10 5b 3e 1c 18 17 1a 1b fffff297 24
FIXUPS: 8076a 46 29 1f 21 2d 1f 10 33 16 5b 1c 17 20 25 96 4b 32 34 21
FIXUPS: 80b2b 24 13 40 5f 51 e3 84 2e 2f fffff37d 1d 39 1d 39 19 30 1b
FIXUPS: 802ce 19 30 1b 2b 19 30 1b 2b 19 34 19 34 16 34 13 1a f c9 21 1d
FIXUPS: 80647 4d 19 fffff4c7 23 26 26 1e 10 17 10 c5 34 28 28 1a 32 18
FIXUPS: 7fe09 24 24 28 28 21 146 1b 27 1b 27 1b 2b 15 1d 39 1d fffff284
FIXUPS: 7f3ec 2a e d 3b 82 5a 41 41 46 2a e 7e 5a 41 41 46 2a e d 1ba 27
FIXUPS: 7fa32 24 24 24 24 24 24 24 23 fffff31f 51 7c 40 1b 13 1c 10 b2
FIXUPS: 7f099 3b 6c f 15 12 6f 1c e 1c e 21 18 10 1a 3c 2c 17 f 4c e 22
FIXUPS: 7f3b4 fffff4b7 15a 64 10 63 2c e 10 54 2c 16 2c e 3d 59 2e 25 69
FIXUPS: 7ed20 1a 19 18 1a 19 18 1a 19 18 1a 16 18 1a fffff0cf 28 28 28
FIXUPS: 7dfd2 28 28 9 c 2b 28 28 28 28 28 28 31 d 48 d 94 24 25 13 149
FIXUPS: 7e466 1e 82 33 16 23 48 fffff381 6d 29 73 33 52 29 d 57 26 d 71
FIXUPS: 7dc20 26 d 34 2b 28 28 28 28 28 28 28 28 28 28 28 28 28 28 28 fffff3a1
FIXUPS: 7d2e1 47 e d 4e 26 16 30 54 20 55 48 10 2f 49 29 2e 55 33 5a 3a
FIXUPS: 7d76f 16 1a 28 7b 1d 39 57 21 18 fffff452 1c 2f 39 2f 1c d b6 1b
FIXUPS: 7cf5f 19 15 1d 25 35 16 2a 15 26 55 1c 1c 80 39 1f 1a 21 15 13
FIXUPS: 7d25e 1a 21 fffff5d3 1e 1d 22 63 23 1a 22 39 3d 25 25 25 25 25
FIXUPS: 7cadf 25 25 25 25 25 25 25 49 5 29 16 33 32 33 2b 1c fffff61e e
FIXUPS: 7c398 e 31 e 33 e 3c e 11 49 e 30 e 19 4e 5e 22 10 36 1e 4f 10
FIXUPS: 7c6fb 3c 28 28 28 2d 29 16 fffff464 13 256 2a 39 10 4f 54 1b 25
FIXUPS: 7c04e 8f 38 2a 23 18 17 20 17 23 13 2b 4c 1a 21 e 21 e 21 e 21
FIXUPS: 7c34b fffff438 1b 1b 1b 1b 1b 1b 1b d 57 1f 12 e8 1a 1a 28 17 13
FIXUPS: 7ba50 37 3e 10 10 47 10 10 15 1a d 9a e 20 fffff7af 1d 1d 1d 1d
FIXUPS: 7b490 1d 1d 1d 1d 1d 26 20 1b 1b 1b 1b 1b 1b 1b 1b 1b 1b 1b 1b
FIXUPS: 7b6c6 1b 1b 1b 1b 1b 1b fffff7e9 1a 38 46 b9 2f 1d 1b 25 12 3c
FIXUPS: 7b196 16 10 45 11 1d 1d 1d 1d 1d 1d 1d 1d 1d 1d 1d 1d 1d 1d 1d
FIXUPS: 7b3e2 fffff589 ae 20 20 20 2e 1d 31 1d 1d 1d 1d 76 1a 1f 10 41
FIXUPS: 7ad08 43 35 29 35 1c 28 69 1a 10 1c 1a 28 e 22 fffff4f5 41 3e 4d
FIXUPS: 7a533 27 27 27 27 27 24 11 10 6e 2b d 71 23 23 23 24 21 18 10 1a
FIXUPS: 7a894 28 28 28 18 21 17 fffff4a5 17 f 69 10 41 26 1a 23 f 7b 17
FIXUPS: 79fff 23 f 4c 1d 27 21 1d 1c 74 33 d 43 86 d 4e 41 41 41 41 fffff514
FIXUPS: 79925 2b 18 24 28 51 22 30 15 2b 60 2b 10 88 24 24 26 24 18 10
FIXUPS: 79c89 6 1a 15 12 71 21 18 10 38 1e fffff5d8 9 4e 15 26 23 27 12
FIXUPS: 794f0 18 10 1a 4b 28 31 26 23 18 2d 28 2e 15 17 f d1 1a 1f 1a 1a
FIXUPS: 79882 1d 4f fffff5a2 52 18 26 1f 57 e 1d e d 54 e 2c e 2c e d 51
FIXUPS: 7913c 21 d 5b 31 d 3f 24 6a 2c 27 25 18 10 fffff4c8 1f 2e ae 29
FIXUPS: 7899c e 23 19 21 59 d 1c 3a 2a 16 18 2b 1f 4a 88 22 20 41 38 2c
FIXUPS: 78d61 45 21 27 34 1b fffff3d0 22 ad 26 29 12 43 56 29 98 43 35
FIXUPS: 78538 35 1c 9 18 10 3a 24 1a 74 1c 2f 1d 19 31 34 2f 1f 1e 27 fffff462
FIXUPS: 77cb0 43 10 72 e e 49 2e 1a 3a 18 24 26 1d 34 3b 18 10 3b 18 10
FIXUPS: 7808e 1d 54 26 1d 1d 18 10 32 26 fffff54b 1d 18 10 1a b1 18 10
FIXUPS: 77884 18 10 22 18 10 21 2b 23 1a 31 18 10 55 18 10 7b 18 10 77
FIXUPS: 77bbe 3a 22 23 fffff2c3 4a 52 e 37 3e e 27 12 3a 60 51 12 99 107
FIXUPS: 77320 44 1d 3a 1d 1d 10 114 84 1c e 2f 1c 63 1a 48 23 fffff2fb
FIXUPS: 76a0d 1a 1c 13 a2 20 39 35 29 35 1c d 25 13 1f 10 83 16 1c 22 13
FIXUPS: 76d73 10 1c e 26 1a 1a 44 40 43 fffff67d 21 18 10 1a 3f 28 21 17
FIXUPS: 7665c 36 1a e 1a e 1a e 1a d 4e 1b 20 39 c 14 2c 2e 43 2d 89 d
FIXUPS: 769cd fffff5c8 54 15 17 b 12 143 29 2d 1b 15 10 4d 1c 6 1a 12 7b
FIXUPS: 76347 19 1b 15 10 1a 42 31 18 28 21 17 f 71 fffff5dd 15 10 1a 55
FIXUPS: 75b9f 1b 1d e 1b e 6e 17 1e e 18 10 12 85 2f d 51 d 16 33 2c 1f
FIXUPS: 75ebc 76 21 18 10 fffff6ef 46 28 28 28 21 17 f 74 24 26 26 e 24
FIXUPS: 758a9 15 10 1a 4f 24 28 24 24 21 17 1a 1b e f 75 e 1c fffff5dc
FIXUPS: 75134 25 2c 1a 2e 16 83 4b c 3f 3c 1d c 32 16 88 c 31 16 1a 32
FIXUPS: 754f1 21 10 73 26 26 26 21 18 10 fffff674 25 e 22 5 5 d 49 e 3a
FIXUPS: 74dcf 36 1a 14 27 e 7d 43 e 22 a 8 5 9 10 65 e e 10 5f 2c 1a fffff7b4
FIXUPS: 7488c 15 1d 1a 15 1d 1a 15 1d 1a d 40 5c 2e 28 1d 30 52 e 48 e
FIXUPS: 74b84 45 e 3a e 36 c 1a 14 27 fffff752 1c 38 1c 1c 1c 35 e 77 1f
FIXUPS: 745a5 1c 1c 1c d 51 2b 28 28 28 44 17 1d 1a 15 1d 1a 1a 1a 1a 1a
FIXUPS: 74855 fffff7fc 2a 2f d 4a e c c 10 30 1d 1a 1a 1a 1a 1a 1a 1a 1a
FIXUPS: 7426e 1a 1a 1a 1a 1a 1a 1a 38 1c 1c 1c 3c fffff66a 1a 29 23 17
FIXUPS: 73ae6 13 3f 17 13 19 9 45 29 27 27 1c 54 60 34 d1 21 1c cd 21 1c
FIXUPS: 73f7c 21 1c 1b 30 10 fffff50d 1d 1d 1d 1d 1d 15 10 3e 17 12 12e
FIXUPS: 7378b 13 18 10 1c e 1c 4b 15 26 12 4c 1d 1d 30 9 5d 3f 1e f fffff6a2
FIXUPS: 730f6 25 1d 1f 39 1f 1f 1e 23 1f 25 25 25 25 25 25 25 27 27 27
FIXUPS: 733cd 27 16 1a 23 25 1f 22 1d 1d 1d fffff4cf 80 39 21 36 18 23
FIXUPS: 72b80 26 1d 82 15 1a 1d 15 20 29 1a 11 35 26 10 16 42 2c 1f 15
FIXUPS: 72ec2 2b 12 189 27 fffff0ef 5f 2e 10 4b 10 14a e 26 e 2b 1f d 20
FIXUPS: 7258e 1f 23 6a 38 f7 24 24 24 24 9 18 10 22 32 1a 45 21 fffff1a5
FIXUPS: 71ad8 12 4b 6f 3b 25 24 36 35 12 4b 40 2c 24 5b 2f 31 25 27 58
FIXUPS: 71f04 27 38 3a 2f 4a 4f 22 27 52 3a fffff1d7 2f 2f 66 2c 24 34
FIXUPS: 71488 31 2c 24 c9 32 51 2c 24 58 37 1d 2f b4 3b 22 24 36 35 12
FIXUPS: 7197d 6f 3b 22 24 fffff166 53 76 2c 1d 1d 4f a6 1d 80 58 6b 39
FIXUPS: 70fa0 4b 2e 22 27 92 22 c 12 12 1c 19 1f 1d 24 2e 2e 2c 24 ffffeec4
FIXUPS: 70181 19 20 1d 1d 4a 38 38 d1 5c 2e 10 4b 77 63 22 2b 25 22 5d
FIXUPS: 706c5 10f 6c 2e 10 4b 123 69 4f c9 56 ffffea08 a9 4e 2b 37 2c ec
FIXUPS: 6f8c3 5b 42 2b 9d 4a 9e 1b 1b 27 27 89 83 d6 45 f3 3a 32 5e 6d
FIXUPS: 70034 22 1d 81 3a ffffed3f e 16 10 a1 17 15 15 3c 1c 69 34 13 34
FIXUPS: 6f149 13 48 30 4c 1d 2a 79 18 16 48 3e 19 10 1c 2a 186 22 fffff164
FIXUPS: 6e738 1d 1b 1b 14 11 16 1b 2f b 10 136 e 74 e 4d e 75 e 9e e 16
FIXUPS: 6eba1 c0 e 74 e 4d e 75 e ffffeddf 47 1a 16 13 a4 a1 1d 10 203
FIXUPS: 6dfca 2f 6a 20 1b 143 1d 2f 40 20 1b 64 1a 1a 22f 1d 2f 40 20 4a
FIXUPS: 6e6af 4a ffffee63 e 2a e 42 e 29 1b 2e d 59 c 31 b 16 110 24 ae
FIXUPS: 6d93f 80 13 4a 10 28 28 88 13 34 1a 16 13 16 fffff052 3f 12 29
FIXUPS: 6cca2 17 13 13 1c 16 d 43 25 19 2e 37 9 c 1a 10b 41 1d 27 e 1d8
FIXUPS: 6d39d 3d 5a 5 53 8 83 ffffed60 37 81 1d 25 10 3b 24 13 16 28 10
FIXUPS: 6c452 16 11 11 11 13 83 6e 35 28 b 1d 16 5 10 39f 165 11 16 10
FIXUPS: 6bae2 26 13 11 11 33 14 33 14 20 23 14 20 23 14 37 34 1d 2b 14
FIXUPS: 6bd64 3a 19 2f 14 29 1d6 9c 83 66 70 5b fffff35d 62 19 36 a 17
FIXUPS: 6b6b4 11 57 11 17 47 13 d6 11 17 39 6d 10 1a 13 17 91 1b e 11 11
FIXUPS: 6ba83 11 13 13 13 fffff2d5 28 23 24 54 a1 16 7a 1d 20 98 c c 8e
FIXUPS: 6b134 87 92 23 a9 38 38 35 19 19 19 23 23 1f a5 34 28 23 fffff0a5
FIXUPS: 6a647 31 7c 7b 3c 79 7b 3c 30 10 11 13 39 a 26 14 11 1c e 17 27
FIXUPS: 6aa88 6c 21 47 59 91 49 23 1f 62 fffff3c1 2b 14 28 17 3b 17 13
FIXUPS: 6a1eb 5a 14 39 14 39 14 39 14 1e 12 13 11 16 11 13 153 6f 31 28
FIXUPS: 6a5f4 16 12 16 fffff3a1 14 33 14 33 14 33 14 33 14 33 14 33 14
FIXUPS: 69bc4 14 11 11 38 14 33 14 3e 17 13 11 3b 3a 17 1d 306 2b fffff41f
FIXUPS: 69513 33 14 11 23 33 14 33 14 33 14 33 14 33 14 33 14 84 2e 14
FIXUPS: 6982c 14 69 1d 18 10 21 17 27 16 3d fffff674 3e 14 3e 14 2e 14
FIXUPS: 69138 14 87 32 14 33 14 61 1d 18 10 21 17 11 16 16 35 33 14 33
FIXUPS: 6943e 33 14 33 14 fffff629 14 61 1d 18 10 21 17 11 16 11 16 2b
FIXUPS: 68c98 14 33 14 60 8c 3d 14 3f 14 3e 14 44 14 37 14 36 14 3e fffff51c
FIXUPS: 68565 14 41 14 2e 14 41 14 2e 14 41 14 2e 14 41 14 7d e4 4f 16
FIXUPS: 68987 14 2e 14 2e 14 11 34 18 32 14 fffff5a3 14 2e 14 41 14 2e
FIXUPS: 68152 41 14 2e 14 41 14 2e 14 41 14 2e 14 41 14 41 14 16 29 29
FIXUPS: 68452 36 2e 14 3e fffff664 2e 14 41 14 49 14 41 14 2e 14 41 14
FIXUPS: 67d62 29 29 29 29 29 29 29 36 2e 14 3e 14 2e 14 41 14 2e 14 fffff5fe
FIXUPS: 67636 2e 14 5c 1d 18 10 21 17 11 43 6d 2b 29 29 36 2e 14 3e 14
FIXUPS: 679ae 3b 41 14 2e 14 41 14 2e 14 41 fffff56b 5c 1d 18 10 21 17
FIXUPS: 671ad 43 16 16 37 38 14 33 14 11 56 49 14 3e 14 3e 14 3e 14 3e
FIXUPS: 674f2 3f 14 69 46 fffff51b 2e 14 2e 14 5c 1d 18 10 21 17 11 99
FIXUPS: 66d61 14 4b 14 e3 4f 16 2e 14 2e 14 2e 14 11 34 18 2e 14 2e fffff521
FIXUPS: 665e4 2e 14 11 18 44 14 45 14 8a 1d 1b 10 21 17 11 16 11 16 81
FIXUPS: 6690c 14 11 4e 13 3c 14 3c 14 2e 14 fffff5ea 38 14 11 47 30 c 30
FIXUPS: 6617a 2b 14 2e 14 2e 14 3b 14 3b 14 3b 14 3b 14 3b 14 3b 14 41
FIXUPS: 6646c 7a a6 16 fffff5eb 17 27 16 16 1b 38 14 33 14 68 49 14 68
FIXUPS: 65e00 14 11 3c 14 3d 14 76 1d 1b 10 21 17 11 11 16 23 33 fffff519
FIXUPS: 65575 15 12 15 4d 14 4b 14 14 6e 56 14 57 14 b0 1d 1b 10 21 17
FIXUPS: 65955 23 b5 2e 14 2e 14 73 1d 1b 10 fffff398 18 58 14 59 14 ae
FIXUPS: 650c0 1b 10 21 17 11 16 5b 2e 14 58 14 4b 14 6e 3b 14 14 15 16
FIXUPS: 654c1 14 52 15 12 fffff391 3c 14 37 14 3c 14 3c 14 6b c 42 c 2e
FIXUPS: 64b21 2e 14 5d 14 4b 14 4b 14 4b 14 8c dc 16 2e 14 2e 14 fffff508
FIXUPS: 6440f 33 14 11 11 33 14 38 14 33 14 8d 1d 36 1e 23 33 14 31 14
FIXUPS: 64710 11 38 14 38 14 33 14 78 17 3c fffff713 2b 14 30 14 31 14
FIXUPS: 64104 14 31 14 13 29 58 11 11 11 11 a 26 14 11 11 11 33 14 33 14
FIXUPS: 6436d 14 33 14 fffff6fe 2e 14 14 110 14 18 2e 14 23 2e 14 19 2e
FIXUPS: 63d5a 19 2e 14 19 2e 14 19 2e 14 2a 1d 2b 14 50 14 14 58 fffff65d
FIXUPS: 63632 1e 17 2b 14 2b 14 13 2b 14 13 2b 14 13 2b 14 7d 2e 10 17
FIXUPS: 6394b 36 33 1d 2b 14 2e 14 19 2e 14 fffff18c 29 1d 1d9 3a 1d 63
FIXUPS: 62f31 12 1f 12 fa 38 13 b8 22 93 46 1d 36 14 18 c4 14 27 14 24
FIXUPS: 63436 24 14 16e 1a ffffec4c 36 1f 91 36 36 36 36 6f 6f 6f 4f 1d
FIXUPS: 625cb 1d 34 1f 82 50 29 1d 9c 5a 31 30 1d 1a0 4e 31 3e 1d a8 fffff205
FIXUPS: 61e0d 21 1f f1 1a 1d 62 1f 13 1f 11 1f 11 1f 11 1f 11 1f 11 1f
FIXUPS: 62129 1f 13 1f 13 1f 13 1f 13 1f 13 fffff6e4 1a 1a 38 33 33 33
FIXUPS: 61a3f 33 36 36 36 36 36 31 37 11 11 53 c 10 17 13 13 69 1f 9 1f
FIXUPS: 61d85 1f 9 1f fffff61f 3c 4e 21 63 17 17 10 65 e 1c e 2b 2a 2a
FIXUPS: 6167d 2a 2a 2a 2d 33 33 33 33 52 17 17 17 17 17 1a 1a fffff4e3
FIXUPS: 60df2 24 14 27 38 34 1d 16 28 16 27 8c 33 17 2c 16 2f 24 82 af
FIXUPS: 61208 2a 14 2a 28 1a 2c 48 21 61 14 fffff5e9 27 29 18 18 1b 1b
FIXUPS: 60a75 2b 1b 1b 3a 14 21 16 26 2a 14 24 16 29 21 36 14 27 16 2c
FIXUPS: 60d17 36 14 2a 16 fffff604 1b 54 13 23 76 78 39 13 26 76 78 39
FIXUPS: 606e4 29 10 68 1a 22 21 27 e 20 2c 13 4a 18 27 40 1a 14 24 fffff181
FIXUPS: 5fb32 2e 16 3f 2e e 38 2c 2f 1f 1d 1d 29 1d 2b 1f 1a 2e 16 10 5c
FIXUPS: 5fe54 23a 2f 33 b0 27 38 59 27 118 fffff0c4 e 38 2c 20 2e 16 46
FIXUPS: 5f5a5 e 38 2c 20 2e 16 15b 2e e 38 2c 4f 1a 2e 16 1a 3b e 7e 2e
FIXUPS: 5fa40 46 4c fffff457 32 e 42 28 e 2c 23 1a 25 13 8c 28 e 2c 23
FIXUPS: 5f1ab 4c 17 25 13 3b 47 28 e 41 25 23 1a 25 13 54 fffff46a 1d 9
FIXUPS: 5e8d9 19 17 1a 27 19 9f 1c 17 3d 11 24 19 f4 1c 17 23 8 9 19 17
FIXUPS: 5ec66 13 1b3 33 12 32 23 29 ffffed75 1b 19 17 1b 1b 8c 18 19 17
FIXUPS: 5de4e 24 26 17 1db 55 55 52 1fd 1c 29 28 142 71 64 31 63 46 23
FIXUPS: 5e72d 10f 3f ffffef81 19 17 3c 9 1f 34 9 29 7 16 77 1c 17 34 9
FIXUPS: 5da16 19 17 3c 9 1c 19 17 3c 9 27 19 93 27 1c 17 fffff678 17 c
FIXUPS: 5d2f7 4e 32 e 185 19 17 34 9 1c 19 17 34 9 d 16 17 34 9 3d 19 17
FIXUPS: 5d720 9 1c 19 17 34 9 fffff1ee 10 1c7 25 5b 7d 1e f5 20 22 1a 1e
FIXUPS: 5cee4 20 22 16 1c 17 2b 13 49 32 e 68 a4 1f 17 c 52 1d 2a 85 fffff292
FIXUPS: 5c582 34 1d 48 1d 1c 19 1b 3b 23 20 26 1a 14 1d 9e 15 17 17 13
FIXUPS: 5c87e 13 13 10 3e e 17 2e 13 2c 13 fffff2ac 20 2f 13 1eb 55 20
FIXUPS: 5bf22 28 20 1d 1b 2e 13 3c 24 21 17 74 b4 4c 46 46 2e 43 9d 4c
FIXUPS: 5c41b 46 2e 43 2e fffff1a0 5d 9e 1a 18 73 22 1a 2a e 20 2c 13 3c
FIXUPS: 5b9d9 17 10 3c 16 23 25 17 10 92 1e 1e 1e 16 22 18 17 21 fffff2e2
FIXUPS: 5af2a 1ad c6 5 10 33 10 20 20 20 20 20 20 24 24 19 6d 38 1f 38
FIXUPS: 5b431 3a 8b 1d 1d 1d 22 2f 1d 15 35 ffffecf3 61 61 61 61 207 189
FIXUPS: 5a89a 17 c9 53 57 e 45 e 2e e 20 27 e 50 13 9d 2a 22 38 31 2d 1d
FIXUPS: 5ad1a 10a 68 ffffe936 22 1a 18 3a 18 1b 1d 21 12 143 27 d7 72 1a
FIXUPS: 59c03 3b a3 f3 27 36 8e 47 95 5f 5f 5f 5f 5f 5f 61 61 ffffeaae
FIXUPS: 58da6 6e 25 12 2c 14 d 51 1b d 4e 25 1d 13 10 10a 43 3b 10 53 a6
FIXUPS: 5928e 2a6 65 19 17 f 1d f a2 103 ffffec1c 10 28 d 11 83 35 25 13
FIXUPS: 5859f 3d 23 61 ac 80 80 c4 31 19 92 42 20 23 51 20 57 1d 48 19
FIXUPS: 58c08 8c 23 ffffef74 ad 1b 5f 5c 43 44 48 31 23 44 41 21 3c 25
FIXUPS: 57ff9 3c 21 13 10 a0 28 7e 34 38 35 2e 39 35 2e 39 4f ffffd062
FIXUPS: 5545e ff 141 173 9 c 1d e 9b b0 dd c2 11 8a 16 5 1cd6 12 79 c 1e
FIXUPS: 57992 56 9d 39 92 3a 3a 1d 15 14 ffffc90c 11c 95 78 62 57 9 1b
FIXUPS: 5482f 53 cc 69 d1 9b 81 13d 53 4c 12f d9 96 42 33 68 9b e 21 e
FIXUPS: 552b5 3b 3f 18 ffffe698 c 13 87 fb 16 27 8d 61 a5 86 5e 78 3f 6a
FIXUPS: 53f84 41 75 78 78 50 42 66 99 69 27 7d d ca 3a 5 28 ffffeb01 18
FIXUPS: 53055 26 6c 25 33 d a7 9 1d a 16 18 128 79 20 3f 13 9 13 96 24
FIXUPS: 53564 21d 40 31 c 12a 42 42 16 ffffeb08 133 39 39 39 39 39 36 36
FIXUPS: 527c4 43 44 58 b 1d f9 e3 39 b8 20f c 28 16 3f 48 a1 4d 28 25 e
FIXUPS: 52fe6 e ffffe387 8 23 bd ec 8 28 c3 cb 37 164 50 64 1d 382 22 b9
FIXUPS: 51e5e 64 ec 8f b 1d 95 d7 16 8f b 1d 175 8f b ffffdf4b 42 3f 20
FIXUPS: 504af b4 13f 51 42 27 159 36 cb 20 16 fe 63 6d 51 ac 107 7e 22d
FIXUPS: 510b8 26 4e 7b 2a 38 2a 46 30 ffffe878 46f e e e e 18 e e 18 32
FIXUPS: 50054 e e e e e e e 30 1b 8 29 1a c 18 2f 39 17 19 22 100 ffffedaf
FIXUPS: 4f138 2f 3a 2c 2a 2b c 24 19 e8 7c 55 1b 6e 34 31 31 d bc 79 17
FIXUPS: 4f6f2 29 10 160 4c 28 4e 69 89 ac ffffef9f e 1e e 1c e b 35 41
FIXUPS: 4eb9e 1b 14 7e 4e 13 2a e 1c e 1e e 1c e b 41 2f 1e 20 1e 17b 1a
FIXUPS: 4f0be fffff47b 20 e 5 4a 27 55 30 1e 83 32 11 3d 1f 23 23 23 29
FIXUPS: 4e853 23 2b 16 3c 25 1c 10 83 17 18 10 5a e fffff575 f 34 57 6c
FIXUPS: 4e115 12 47 57 4a 22 3b 22 39 25 25 21 e 1c e b 59 e 21 e 21 e
FIXUPS: 4e499 e 2e e 48 fffff697 34 18 10 17 17 f 74 e 1c e b 59 e 21 e
FIXUPS: 4ddc9 e 21 e 51 21 18 22 11 2b e 48 e 20 e 48 fffff756 1e 3d 2c
FIXUPS: 4d7b4 6f 23 26 e 26 e 21 15 10 1a 4f 31 10 18 1a 1a 21 e 1e e f
FIXUPS: 4dac3 36 1c 1a 42 24 fffff522 e 13 e 13 e 13 44 15 48 1e 13 a 18
FIXUPS: 4d383 51 59 f 3b 4f 38 38 38 29 3b d 8c 1c 15 10 17 41 fffff5d0
FIXUPS: 4ccf4 e 48 f3 20 13 2c 25 3b 20 16 20 50 e e e e e e e e e 10 e
FIXUPS: 4d04f e e e 11 e 11 fffff77b 8 17 22 e 5b 21 20 e e 11 60 21 20
FIXUPS: 4c9eb e 11 60 39 2a 28 e e 28 3d 13 13 13 45 20 20 92 fffff463
FIXUPS: 4c158 3dc e e e e 10 8 f 10 e e e e e e 8 f 1a e 2b 77 58 e 8 f
FIXUPS: 4c76f e 1c 18 65 fffff2c0 46 195 142 e e e e e e e e e e e e e
FIXUPS: 4beb7 e e 8 f 10 e 10 15 13 a 18 103 51 3b ffffeb4a e 26 e 18 10
FIXUPS: 4acbf 31 24 20 22 18 21 12 196 31 16 79 45 22 12 1b 14 30 3a 23
FIXUPS: 4b6d0 10d 47 10 39 220 ffffec92 63 3d 25 22 36 43 21 2e c 28 1a
FIXUPS: 4a93f 24 53 1e 1a 1d 38 e 2c e 15 85 2b 1d 32 e 26 e 26 e fffff334
FIXUPS: 49f6c 15 10 86 20 22 118 5b 1f 32 e 1d 29 c2 35 d1 35 66 1c 24
FIXUPS: 4a53a 4c 39 18 10 3c 46 27 2e 39 18 fffff165 ad 50 1d 19 29 1d
FIXUPS: 49a13 2e 42 48 50 26 2e 42 2e 18 2e 26 15 26 21 78 47 6d 1e 58
FIXUPS: 49e67 59 32 32 15 fffff420 e 1c e 1c e 1c e 1c e 3b 2a e 1c e 1a
FIXUPS: 494e2 1c e 1c e 1c e 13 a0 d5 50 26 2e 7a 1d 1d fffff773 26 e 26
FIXUPS: 4901b 26 e 26 e 26 e 26 21 23 24 28 1c 3e 1c e 26 42 2e e 1c e
FIXUPS: 492db e 1c e 1c e fffff65c 1d 31 25 15 4f 52 18 26 10 19 3a 3f
FIXUPS: 48c07 26 1d 28 21 1c 1b 15 51 60 18 26 10 c3 63 23 24 24 28 fffff4c2
FIXUPS: 484bc 15 10 41 17 1a 23 f 49 1a 22 10 8a 24 1d 23 21 18 10 1a 83
FIXUPS: 48803 17 1f 15 4d 28 31 15 21 49 fffff07d 122 1b 55 1b 2b 33 15
FIXUPS: 47c39 2e 31 31 31 31 31 56 1b 55 1b 25 26 cb 10 2bc 5e 40 5e 5
FIXUPS: 48392 5e 28 34 ffffee6f d 4e 69 34 31 24 1b 50 d 9c 25 17 18 d
FIXUPS: 475c4 65 19 17 f 1d f 65 25 66 2e 10 11b c 3b 3d 19 ffffec9d 12
FIXUPS: 46658 46 2a9 15 200 6e 7e 46 17 17 13 3f 3a 31 16 13 152 b9 8e
FIXUPS: 470a9 7e 46 17 17 13 3f 34 2e 16 13 ffffef7b 16 13 44 12 2f 18
FIXUPS: 462f3 f f f 27 86 f f 27 3d f f f f f f f bb f f f 3b f f f fffff57b
FIXUPS: 45bc2 68 2e 2e 16 13 90 15 21 f f f f f f 1f 19 15 f f e8 8e 6e
FIXUPS: 4609c 46 17 17 13 3f 35 2e ffffedc3 6e 7e 46 17 17 13 3f 40 2e
FIXUPS: 451be 13 114 6e 7e 46 17 17 13 3f 40 2e 16 13 1cf 8c 287 6e 7e
FIXUPS: 45b42 17 17 ffffe85b 23 bf 60 f2 58 219 74 45 1b 45 1b 45 1b 45
FIXUPS: 44a64 45 1b 45 1b 45 18 45 1f 99 4b 1b c 20 1b 16 5c ffffe865 42
FIXUPS: 4366c 42 28 42 28 42 28 42 28 42 28 42 2fe 1f 1f 1f ad 107 b 10
FIXUPS: 43e53 23 10 46 12 2d6 3c 36 f 124 ffffe996 25 42 1f 23 1a 23 2a
FIXUPS: 42e1c 1d 10b 39 8d ae 9c 70 53 45 36 97 5d 42 28 42 28 42 28 42
FIXUPS: 4352e 42 28 42 fffff0d7 28 37 28 37 28 37 28 37 28 37 18 10 5a
FIXUPS: 4291e 4f 5b 4d 16 1e 6e 43 2b 1b 1a 1f 21 3a 2f 3a 23 4d fffff3f2
FIXUPS: 420d9 16 50 26 39 25 26 39 2e 29 29 37 29 37 29 2f 50 37 28 37
FIXUPS: 4249f 37 28 37 28 37 28 37 28 37 28 5073e 31 43 d 73 2e 4e 9 24
FIXUPS: 92f61 3f 28 85 4b 1d c 5f cc c 10 fffaec9e 13 1e d 43 70 2a 2c
FIXUPS: 42008 3d 1a 1f 5005b 27 1c 1e9 8f 9c 3a 40 24 d 11b c1 10e 59 e7
FIXUPS: 92965 1a 24 d 138 c1 76 43 24 d 48 e 20 27 e 25 13 ffffe9c7 68
FIXUPS: 917c6 21 1e 7d 13 d 6d 16 13 19 20 d 40 1a c5 13 d 28b 2c 1d c
FIXUPS: 91dc4 17 73 51 33 d4 9 24 10 fffff064 89 1d 64 1d 22 1d 5f 1d 1d
FIXUPS: 9126d 1d 34 1d 1d 34 1d 1d 1b 21 21 2a 7b 1c 3b 15 c 44 143 20
FIXUPS: 9169e 79 fffff2d6 3f c 72 75 26 17 f 1d f 40 89 17 65 20 4f 16
FIXUPS: 90d96 16 30 16 21 16 35 1b 92 42 16 28 3c 1d 28 fffff445 1a 188
FIXUPS: 9061f 1e 10 36 16 10 d 31 16 10 d 4c 12 27 12 20 42 12 13 3c 1d
FIXUPS: 908b7 1d 1d 23 d d 95 1a ffffeb7e 55 15 15 e 2a d 19 194 66 e4
FIXUPS: 8f95e 66 e2 48 48 66 119 8c e5 48 48 66 3b4 40 11 2f 14 14 61 34
FIXUPS: 90434 ffffebd3 3b 43 15 1e 1f 12 3d 1a 1e 15 15 f 13 10 3d 25 20
FIXUPS: 8f265 d 3c 20 29 d a5 17 19 17 4c e 13 e1
