 TSReaderPro

 Timestamp is 47b45c25 (Thu Feb 14 10:20:05 2008)

 Preferred load address is 00400000

 Start         Length     Name                   Class
 0001:00000000 001e2460H .text                   CODE
 0001:001e2460 00000275H .text$x                 CODE
 0002:00000000 00000ed0H .rodata                 CODE
 0003:00000000 000ad272H .rotext                 CODE
 0004:00000000 00000030H CONST                   CODE
 0005:00000000 00038c3cH .rdata                  DATA
 0005:00038c3c 0000028cH .xdata$x                DATA
 0005:00038ec8 00000000H .edata                  DATA
 0006:00000000 00000004H .CRT$XCA                DATA
 0006:00000004 00000004H .CRT$XCZ                DATA
 0006:00000008 00000004H .CRT$XIA                DATA
 0006:0000000c 00000008H .CRT$XIC                DATA
 0006:00000014 00000004H .CRT$XIY                DATA
 0006:00000018 00000004H .CRT$XIZ                DATA
 0006:0000001c 00000004H .CRT$XPA                DATA
 0006:00000020 00000004H .CRT$XPX                DATA
 0006:00000024 00000004H .CRT$XPZ                DATA
 0006:00000028 00000004H .CRT$XTA                DATA
 0006:0000002c 00000004H .CRT$XTB                DATA
 0006:00000030 00000004H .CRT$XTZ                DATA
 0006:00000040 0005e980H .data                   DATA
 0006:0005e9c0 004c5274H .bss                    DATA
 0007:00000000 0000012cH .idata$2                DATA
 0007:0000012c 00000028H .idata$3                DATA
 0007:00000154 00000618H .idata$4                DATA
 0007:0000076c 00000618H .idata$5                DATA
 0007:00000d84 0000169eH .idata$6                DATA
 0008:00000000 00003568H .rsrc$01                DATA
 0008:00003570 00022800H .rsrc$02                DATA

  Address         Publics by Value              Rva+Base     Lib:Object

 0001:00000000       _AACAudioDecoderThread@4   00401000 f   AACAudioDecoder.obj
 0001:000008c0       _AC3Init                   004018c0 f   AC3AudioDecoder.obj
 0001:000009e0       _AC3DeInit                 004019e0 f   AC3AudioDecoder.obj
 0001:00000a40       _a52_decode_data           00401a40 f   AC3AudioDecoder.obj
 0001:00000ee0       _AC3AudioDecoderThread@4   00401ee0 f   AC3AudioDecoder.obj
 0001:00001380       _GetProgramCCorTEICount    00402380 f   archive.obj
 0001:000014b0       _ArchiveEventListWrite     004024b0 f   archive.obj
 0001:00001700       _LoadArchiveSettings       00402700 f   archive.obj
 0001:00001e50       _SaveArchiveSettings       00402e50 f   archive.obj
 0001:00002460       _GetArchiveChannelListDispInfo 00403460 f   archive.obj
 0001:00002630       _AddPMTEntryToArchivePIDList 00403630 f   archive.obj
 0001:000026e0       _BuildArchivePIDList       004036e0 f   archive.obj
 0001:000029b0       _BuildOutputPAT            004039b0 f   archive.obj
 0001:00002b80       _BuildOutputPMT            00403b80 f   archive.obj
 0001:00002ff0       _GenerateArchivePATs       00403ff0 f   archive.obj
 0001:000030d0       _WriteFileWithCRLF         004040d0 f   archive.obj
 0001:00003150       _CloseUserDataAndCaptionFiles 00404150 f   archive.obj
 0001:000032f0       _CleanupArchiveFilename    004042f0 f   archive.obj
 0001:000033e0       _OpenCurrentArchiveFile    004043e0 f   archive.obj
 0001:00003e90       _RemoveATSCRatingFromProgram 00404e90 f   archive.obj
 0001:00003f20       _ReadEITSocket             00404f20 f   archive.obj
 0001:00004000       _ReceiveRemoteEPGDataThread@4 00405000 f   archive.obj
 0001:00004490       _SetupNewRemoteEPGProgramDetails 00405490 f   archive.obj
 0001:000045b0       _OpenRemoteEPGConnection   004055b0 f   archive.obj
 0001:00004850       _GenerateInitialArchiveFiles 00405850 f   archive.obj
 0001:00004d20       _SetupDefaultChannelNames  00405d20 f   archive.obj
 0001:00004ee0       _CheckActiveArchiveChannels 00405ee0 f   archive.obj
 0001:00005340       _SetCalculatedMemory       00406340 f   archive.obj
 0001:00005460       _ArchiveWaitEPGDlgProc@16  00406460 f   archive.obj
 0001:00005490       _ArchiveSetupDlgProc@16    00406490 f   archive.obj
 0001:00006e60       _FileIOCompletionRoutine@12 00407e60 f   archive.obj
 0001:00006f90       _FlushBufferData           00407f90 f   archive.obj
 0001:000073b0       _WriteArchiveBlockBuffer   004083b0 f   archive.obj
 0001:000076b0       _GetRecordedString         004086b0 f   archive.obj
 0001:000077b0       _SetupArchiveStatusFonts   004087b0 f   archive.obj
 0001:000078b0       _BeepThread@4              004088b0 f   archive.obj
 0001:00007bc0       _LocateXMLTag              00408bc0 f   archive.obj
 0001:00007ce0       _ParseArchiveXML           00408ce0 f   archive.obj
 0001:00007f90       _MoveArchiveFile           00408f90 f   archive.obj
 0001:00008180       _RemoveOldestFilesThread@4 00409180 f   archive.obj
 0001:00008880       _UpdateOutputFreeSpace     00409880 f   archive.obj
 0001:00008c30       _ArchiveThumbnailCount     00409c30 f   archive.obj
 0001:00008e20       _ArchiveRunDialogProc@16   00409e20 f   archive.obj
 0001:0000bbe0       _WriteCaptionFileTime      0040cbe0 f   archive.obj
 0001:0000bce0       _WriteCCCharacter          0040cce0 f   archive.obj
 0001:0000be40       _WriteCCData               0040ce40 f   archive.obj
 0001:0000c5a0       _OutputPendingUserData     0040d5a0 f   archive.obj
 0001:0000cdb0       _BufferAndWriteUserData    0040ddb0 f   archive.obj
 0001:0000cf40       _ExtractSubtitleData       0040df40 f   archive.obj
 0001:0000d6a0       _ExtractVideoUserData      0040e6a0 f   archive.obj
 0001:0000d860       _BufferSubtitlePESData     0040e860 f   archive.obj
 0001:0000db80       _BufferVideoPESData        0040eb80 f   archive.obj
 0001:0000dea0       _ReadFromArchivePipe       0040eea0 f   archive.obj
 0001:0000df20       _ArchivePIDData            0040ef20 f   archive.obj
 0001:0000e470       _WriteXMLFile              0040f470 f   archive.obj
 0001:0000f2c0       _RestartArchiveChannel     004102c0 f   archive.obj
 0001:0000f580       _EPGDataWithin15SecondsPresent 00410580 f   archive.obj
 0001:0000f750       _CheckEPG                  00410750 f   archive.obj
 0001:0000fe10       _CheckOutstandingFileCloses 00410e10 f   archive.obj
 0001:0000ffc0       _AllocateOrDeAllocateThumbnailBuffers 00410fc0 f   archive.obj
 0001:00010140       _UpdateGraphData           00411140 f   archive.obj
 0001:000104c0       _ArchiveGraphThread@4      004114c0 f   archive.obj
 0001:00010550       _ArchiveThread@4           00411550 f   archive.obj
 0001:00010970       _ArchiveProgramData        00411970 f   archive.obj
 0001:00010a50       _AllocateOrDeAllocateArchiveProgramBuffers 00411a50 f   archive.obj
 0001:00010b20       _StartArchivePrograms      00411b20 f   archive.obj
 0001:00010e20       _StopArchivePrograms       00411e20 f   archive.obj
 0001:00010f40       _GetArchiveThumbnailName   00411f40 f   archive.obj
 0001:00011290       _LoadArchiveXML            00412290 f   archive.obj
 0001:00011810       _GetArchiveFileListDispInfo 00412810 f   archive.obj
 0001:00011ad0       _ShowArchiveThumbnails@4   00412ad0 f   archive.obj
 0001:00011f10       _TerminateThumbnailPreviewThread 00412f10 f   archive.obj
 0001:00011f90       _DeletedArchiveItem        00412f90 f   archive.obj
 0001:00012000       _LoadArchiveXMLThread@4    00413000 f   archive.obj
 0001:00012080       _ViewArchiveDlgProc@16     00413080 f   archive.obj
 0001:000130a0       _ViewArchivedFiles         004140a0 f   archive.obj
 0001:00013100       _SaveEPGDataDlgProc@16     00414100 f   archive.obj
 0001:00013280       _ATSCHuffmanDecode         00414280 f   ATSC_huffman.obj
 0001:000134a0       _WriteFileAndUpdateCounters 004144a0 f   bcdmux.obj
 0001:00013550       _set_buf                   00414550 f   bcdmux.obj
 0001:00013610       _buf_size                  00414610 f   bcdmux.obj
 0001:00013640       _set_bits                  00414640 f   bcdmux.obj
 0001:00013780       _get_bits                  00414780 f   bcdmux.obj
 0001:00013900       _get_bit_pos               00414900 f   bcdmux.obj
 0001:00013930       _get_byte_pos              00414930 f   bcdmux.obj
 0001:00013960       _set_bit_pos               00414960 f   bcdmux.obj
 0001:00013a00       _set_pts                   00414a00 f   bcdmux.obj
 0001:00013ac0       _write_pack                00414ac0 f   bcdmux.obj
 0001:00013c60       _write_system              00414c60 f   bcdmux.obj
 0001:00013e50       _pad_buffer                00414e50 f   bcdmux.obj
 0001:00013f20       _make_pes_header           00414f20 f   bcdmux.obj
 0001:00014250       _write_file_header         00415250 f   bcdmux.obj
 0001:00014370       _PS__StartWriting          00415370 f   bcdmux.obj
 0001:00014560       _PS__StopWriting           00415560 f   bcdmux.obj
 0001:000145f0       _PS__TranslateToProgramStream 004155f0 f   bcdmux.obj
 0001:00015440       _bs_init                   00416440 f   CCDecoder.obj
 0001:00015490       _bs_byte_aligned           00416490 f   CCDecoder.obj
 0001:000154d0       _bs_eof                    004164d0 f   CCDecoder.obj
 0001:00015500       _bs_read_u1                00416500 f   CCDecoder.obj
 0001:00015590       _bs_read_u                 00416590 f   CCDecoder.obj
 0001:00015600       _bs_read_f                 00416600 f   CCDecoder.obj
 0001:00015640       _bs_read_u8                00416640 f   CCDecoder.obj
 0001:00015680       _bs_read_ue                00416680 f   CCDecoder.obj
 0001:00015720       _bs_read_se                00416720 f   CCDecoder.obj
 0001:00015790       _read_scaling_list         00416790 f   CCDecoder.obj
 0001:00015870       _read_hrd_parameters       00416870 f   CCDecoder.obj
 0001:000159b0       _read_vui_parameters       004169b0 f   CCDecoder.obj
 0001:00015d40       _Scroll608Page             00416d40 f   CCDecoder.obj
 0001:00015e40       _Write608Character         00416e40 f   CCDecoder.obj
 0001:00015f60       _Scroll708Page             00416f60 f   CCDecoder.obj
 0001:00016050       _Translate708CharacterSet  00417050 f   CCDecoder.obj
 0001:00016090       _Write708Character         00417090 f   CCDecoder.obj
 0001:00016190       _InitCCDecoder             00417190 f   CCDecoder.obj
 0001:00016510       _GetCCDataType             00417510 f   CCDecoder.obj
 0001:000167a0       _unknownType               004177a0 f   CCDecoder.obj
 0001:000167c0       _standardChar              004177c0 f   CCDecoder.obj
 0001:000168b0       _cntrlCodeMisc             004178b0 f   CCDecoder.obj
 0001:00016a30       _cntrlCodeMidRow           00417a30 f   CCDecoder.obj
 0001:00016a90       _cntrlCodePreAmble         00417a90 f   CCDecoder.obj
 0001:00016cb0       _cntrlCodeAttribute        00417cb0 f   CCDecoder.obj
 0001:00016d10       _cntrlCodeClosedGroup      00417d10 f   CCDecoder.obj
 0001:00016d90       _cntrlCodeExtChar          00417d90 f   CCDecoder.obj
 0001:00016ee0       _xdsCapture                00417ee0 f   CCDecoder.obj
 0001:000170a0       _AddBufferHexASCII         004180a0 f   CCDecoder.obj
 0001:00017200       _convertXdsToStandardChar  00418200 f   CCDecoder.obj
 0001:00017270       _miscClass01               00418270 f   CCDecoder.obj
 0001:000173d0       _miscClass02               004183d0 f   CCDecoder.obj
 0001:000174b0       _miscClass03               004184b0 f   CCDecoder.obj
 0001:00017550       _miscClass04               00418550 f   CCDecoder.obj
 0001:000175e0       _miscClass64               004185e0 f   CCDecoder.obj
 0001:00017680       _miscClass65               00418680 f   CCDecoder.obj
 0001:00017720       _miscClass66               00418720 f   CCDecoder.obj
 0001:000177c0       _miscClass67               004187c0 f   CCDecoder.obj
 0001:00017a10       _miscClassUnknown          00418a10 f   CCDecoder.obj
 0001:00017aa0       _miscClass                 00418aa0 f   CCDecoder.obj
 0001:00017c10       _publicClass01             00418c10 f   CCDecoder.obj
 0001:00017de0       _publicClass02             00418de0 f   CCDecoder.obj
 0001:00017e70       _publicClassUnknown        00418e70 f   CCDecoder.obj
 0001:00017f00       _publicClass               00418f00 f   CCDecoder.obj
 0001:00017f80       _currentClass01            00418f80 f   CCDecoder.obj
 0001:00018070       _currentClass02            00419070 f   CCDecoder.obj
 0001:000181d0       _currentClass03            004191d0 f   CCDecoder.obj
 0001:00018270       _currentClass04            00419270 f   CCDecoder.obj
 0001:00018340       _currentClass05            00419340 f   CCDecoder.obj
 0001:00018700       _currentClass06            00419700 f   CCDecoder.obj
 0001:000187e0       _currentClass07            004197e0 f   CCDecoder.obj
 0001:000188e0       _currentClass08            004198e0 f   CCDecoder.obj
 0001:000189d0       _currentClass09            004199d0 f   CCDecoder.obj
 0001:00018b00       _currentClass12            00419b00 f   CCDecoder.obj
 0001:00018d20       _currentClass13            00419d20 f   CCDecoder.obj
 0001:00019000       _currentClass16to23        0041a000 f   CCDecoder.obj
 0001:000190a0       _currentClassUnknown       0041a0a0 f   CCDecoder.obj
 0001:00019130       _currentClass              0041a130 f   CCDecoder.obj
 0001:000192f0       _channelClass01            0041a2f0 f   CCDecoder.obj
 0001:00019380       _channelClass02            0041a380 f   CCDecoder.obj
 0001:00019410       _channelClass03            0041a410 f   CCDecoder.obj
 0001:000194a0       _channelClass04            0041a4a0 f   CCDecoder.obj
 0001:00019570       _channelClassUnknown       0041a570 f   CCDecoder.obj
 0001:00019600       _channelClass              0041a600 f   CCDecoder.obj
 0001:000196c0       _cc608                     0041a6c0 f   CCDecoder.obj
 0001:00019920       _Parse708Escape            0041a920 f   CCDecoder.obj
 0001:00019940       _Parse708Block             0041a940 f   CCDecoder.obj
 0001:00019c50       _Parse708Packet            0041ac50 f   CCDecoder.obj
 0001:00019d20       _cc708                     0041ad20 f   CCDecoder.obj
 0001:0001a000       _DumpUserDataBuffer        0041b000 f   CCDecoder.obj
 0001:0001a2a0       _SendIPCaptions            0041b2a0 f   CCDecoder.obj
 0001:0001a600       _BufferATSC708User         0041b600 f   CCDecoder.obj
 0001:0001a7f0       _Buffer608Data             0041b7f0 f   CCDecoder.obj
 0001:0001a9f0       _DumpEIA608Raw             0041b9f0 f   CCDecoder.obj
 0001:0001ab20       _DumpEIA708Raw             0041bb20 f   CCDecoder.obj
 0001:0001ac20       _CCParseSystemSCTE20       0041bc20 f   CCDecoder.obj
 0001:0001ade0       _CCParseSystemCCUBE        0041bde0 f   CCDecoder.obj
 0001:0001b1b0       _CCParseSystemATSC         0041c1b0 f   CCDecoder.obj
 0001:0001b380       _CCParseSystemSciAtl       0041c380 f   CCDecoder.obj
 0001:0001b4e0       _CCParseSystemDIRECTV      0041c4e0 f   CCDecoder.obj
 0001:0001b630       _CCParseSystem32133f       0041c630 f   CCDecoder.obj
 0001:0001b800       _ParseUserData             0041c800 f   CCDecoder.obj
 0001:0001bba0       _ExtractH264UserData       0041cba0 f   CCDecoder.obj
 0001:0001bfc0       _ExtractMPEG2UserData      0041cfc0 f   CCDecoder.obj
 0001:0001c190       _ReadFromCCPipe            0041d190 f   CCDecoder.obj
 0001:0001c270       _CaptionDecoderThread@4    0041d270 f   CCDecoder.obj
 0001:0001c400       _FormatCCByteCounter       0041d400 f   CCDecoder.obj
 0001:0001c4b0       _CCTextOut                 0041d4b0 f   CCDecoder.obj
 0001:0001c510       _CCPaint                   0041d510 f   CCDecoder.obj
 0001:0001d8e0       _EraseCC708Screen          0041e8e0 f   CCDecoder.obj
 0001:0001d9a0       _EraseCC608Screen          0041e9a0 f   CCDecoder.obj
 0001:0001da60       _CCMaskStreamsDlgProc@16   0041ea60 f   CCDecoder.obj
 0001:0001ddb0       _CCDumpStreamsHook@16      0041edb0 f   CCDecoder.obj
 0001:0001dfd0       _CCDisplayDlgProc@16       0041efd0 f   CCDecoder.obj
 0001:0001e960       _CreateCaptionDisplayWindow 0041f960 f   CCDecoder.obj
 0001:0001ec20       _ClosedCaptionDecoderToggle 0041fc20 f   CCDecoder.obj
 0001:0001f020       _InputCCData               00420020 f   CCDecoder.obj
 0001:0001f150       _CheckCommonGraphMessages  00420150 f   charting.obj
 0001:0001f5c0       _SaveChartData             004205c0 f   charting.obj
 0001:0001f6a0       _Charting__UpdateQuickStyle 004206a0 f   charting.obj
 0001:0001f720       _SetupPIEGraphData         00420720 f   charting.obj
 0001:0001f970       _SetupChartSubtitle        00420970 f   charting.obj
 0001:0001fa40       _PIDPieChartWindowProc@16  00420a40 f   charting.obj
 0001:0001fee0       _AddVideoRateData          00420ee0 f   charting.obj
 0001:00020340       _VideoBitrateChartWindowProc@16 00421340 f   charting.obj
 0001:00020d00       _AddMuxRateData            00421d00 f   charting.obj
 0001:00021240       _MuxrateChartWindowProc@16 00422240 f   charting.obj
 0001:000219a0       _SetupActivePIDData        004229a0 f   charting.obj
 0001:00021e50       _ActivePIDsChartWindowProc@16 00422e50 f   charting.obj
 0001:00022350       _ProgramUsageCheckMaxRate  00423350 f   charting.obj
 0001:00022460       _SetupProgramUsageData     00423460 f   charting.obj
 0001:00022f30       _ProgramUsageChartWindowProc@16 00423f30 f   charting.obj
 0001:000237f0       _AddSignalChartData        004247f0 f   charting.obj
 0001:00023a50       _SignalChartWindowProc@16  00424a50 f   charting.obj
 0001:00024210       _VideoCompositionChartWindowProc@16 00425210 f   charting.obj
 0001:00024990       _UpdateVideoCompositionChart 00425990 f   charting.obj
 0001:00025020       _InputH264VideoCompositionESData 00426020 f   charting.obj
 0001:000253e0       _InputMPEG2VideoCompositionESData 004263e0 f   charting.obj
 0001:00025740       _PIDUsageVBRStackedAreaWindowProc@16 00426740 f   charting.obj
 0001:00025c70       _AddDataToPIDUsageStackedChart 00426c70 f   charting.obj
 0001:000262d0       _GenerateCAPMT             004272d0 f   CI-CAM.obj
 0001:00026800       _GetCIInfo                 00427800 f   CI-CAM.obj
 0001:00026830       _DeEscapeCIString          00427830 f   CI-CAM.obj
 0001:000268d0       _UpdateCIMenu              004278d0 f   CI-CAM.obj
 0001:00026ae0       _GetMMIAnswer              00427ae0 f   CI-CAM.obj
 0001:00026c00       _CIInit                    00427c00 f   CI-CAM.obj
 0001:00026e90       _EntryNextCI               00427e90 f   CI-CAM.obj
 0001:00026ff0       _ReturnPrevCI              00427ff0 f   CI-CAM.obj
 0001:000270e0       _ListViewSubclassProc@16   004280e0 f   CI-CAM.obj
 0001:000271b0       _CAMMenuDlgProc@16         004281b0 f   CI-CAM.obj
 0001:000275f0       _SendControlResponse       004285f0 f   ControlServer.obj
 0001:00027640       _CS__SendHelp              00428640 f   ControlServer.obj
 0001:00027990       _CS__Program               00428990 f   ControlServer.obj
 0001:00027d50       _CS__TerminateTSReader     00428d50 f   ControlServer.obj
 0001:00027e40       _CS__PIDs                  00428e40 f   ControlServer.obj
 0001:000280f0       _CS__Play                  004290f0 f   ControlServer.obj
 0001:00028400       _CS__Stop                  00429400 f   ControlServer.obj
 0001:00028600       _CS__Reset                 00429600 f   ControlServer.obj
 0001:00028790       _CS__Record                00429790 f   ControlServer.obj
 0001:00028db0       _CS__Export                00429db0 f   ControlServer.obj
 0001:00029110       _SendControlserverStatistics 0042a110 f   ControlServer.obj
 0001:000291c0       _CS__ManualChannel         0042a1c0 f   ControlServer.obj
 0001:00029700       _CS__GetInfo               0042a700 f   ControlServer.obj
 0001:00029c70       _CS__XML_SendGeneralInfo   0042ac70 f   ControlServer.obj
 0001:00029f10       _CS__XML_SendPIDs          0042af10 f   ControlServer.obj
 0001:0002a230       _CS__XMLFormatStats        0042b230 f   ControlServer.obj
 0001:0002a2e0       _CS__XMLFormatStats64      0042b2e0 f   ControlServer.obj
 0001:0002a3f0       _CS__XML_SendStats         0042b3f0 f   ControlServer.obj
 0001:0002ab00       _CS__XMLFinishCurrentTable 0042bb00 f   ControlServer.obj
 0001:0002ab70       _SendRequestedData         0042bb70 f   ControlServer.obj
 0001:0002af00       _ControlServerXMLStreamer@4 0042bf00 f   ControlServer.obj
 0001:0002c5b0       _CS__XML                   0042d5b0 f   ControlServer.obj
 0001:0002c7e0       _CS__Window                0042d7e0 f   ControlServer.obj
 0001:0002c9e0       _CS__WriteThumbnail        0042d9e0 f   ControlServer.obj
 0001:0002d160       _CS__Graph                 0042e160 f   ControlServer.obj
 0001:0002d4a0       _CS__Tune                  0042e4a0 f   ControlServer.obj
 0001:0002d650       _SendVLCConfigurationInfo  0042e650 f   ControlServer.obj
 0001:0002d700       _SetMenuOption             0042e700 f   ControlServer.obj
 0001:0002d7a0       _CS__Setting               0042e7a0 f   ControlServer.obj
 0001:0002de30       _CS__SetVLC                0042ee30 f   ControlServer.obj
 0001:0002df60       _CS__Source                0042ef60 f   ControlServer.obj
 0001:0002e480       _CS__Audio                 0042f480 f   ControlServer.obj
 0001:0002e910       _CS__DiSEqC                0042f910 f   ControlServer.obj
 0001:0002eb40       _CS__Stall                 0042fb40 f   ControlServer.obj
 0001:0002ed40       _RemoveCommandBackspaces   0042fd40 f   ControlServer.obj
 0001:0002ee20       _ControlServerThread@4     0042fe20 f   ControlServer.obj
 0001:0002f730       _StartControlServer        00430730 f   ControlServer.obj
 0001:0002f800       _TerminateControlServer    00430800 f   ControlServer.obj
 0001:0002f870       _GetHufByte                00430870 f   dn_huffman.obj
 0001:0002f9c0       _GetRLEByte                004309c0 f   dn_huffman.obj
 0001:0002fb00       _HufDecmpKernel            00430b00 f   dn_huffman.obj
 0001:0002fc00       _DcpString                 00430c00 f   dn_huffman.obj
 0001:0002fd80       _SendRemoteEPGData         00430d80 f   EITServer.obj
 0001:0002fe00       _LocateCurrentProgramFromEPG 00430e00 f   EITServer.obj
 0001:0002ff80       _EITServerThread@4         00430f80 f   EITServer.obj
 0001:00030500       _StartEITServer            00431500 f   EITServer.obj
 0001:00030760       _GetEITConnectionCount     00431760 f   EITServer.obj
 0001:00030810       _TerminateEITServer        00431810 f   EITServer.obj
 0001:000308a0       _Base64Encode              004318a0 f   email.obj
 0001:00030b10       _Base64Decode              00431b10 f   email.obj
 0001:00030e10       _ReadSMTPSocket            00431e10 f   email.obj
 0001:00030ed0       _EmailThread@4             00431ed0 f   email.obj
 0001:00031880       _GetEITOffset              00432880 f   EPGGrid.obj
 0001:00031940       _GetMaxEITChannels         00432940 f   EPGGrid.obj
 0001:000319f0       _SetupVerticalScrollMax    004329f0 f   EPGGrid.obj
 0001:00031a80       _IsRecordingScheduled      00432a80 f   EPGGrid.obj
 0001:00031c40       _CheckForDuplicateRecording 00432c40 f   EPGGrid.obj
 0001:00031db0       _DrawEPGScheduledIcon      00432db0 f   EPGGrid.obj
 0001:00031f50       _EPGPaint                  00432f50 f   EPGGrid.obj
 0001:00035180       _UpdateHorizontalScroll    00436180 f   EPGGrid.obj
 0001:00035240       _UpdateVerticalScroll      00436240 f   EPGGrid.obj
 0001:000352b0       _SetupGridFonts            004362b0 f   EPGGrid.obj
 0001:000354f0       _SetupHorizontalScrollRange 004364f0 f   EPGGrid.obj
 0001:00035570       _SetEPGOffsetNearChannel   00436570 f   EPGGrid.obj
 0001:000356d0       _SearchNextEPGEntry        004366d0 f   EPGGrid.obj
 0001:00035c20       _EPGGotoDateDlgProc@16     00436c20 f   EPGGrid.obj
 0001:00035e20       _EPGFindStringDlgProc@16   00436e20 f   EPGGrid.obj
 0001:00036160       _GetEPGScheduleDisplayInfo 00437160 f   EPGGrid.obj
 0001:000364d0       _UpdateManualRecordingEndDateTime 004374d0 f   EPGGrid.obj
 0001:00036720       _ManualEPGNoSourceParametersDlgProc@16 00437720 f   EPGGrid.obj
 0001:00036810       _CheckForBadFilenameChars  00437810 f   EPGGrid.obj
 0001:000368f0       _SpecificLocalTimeToSystemTime 004378f0 f   EPGGrid.obj
 0001:00036980       _ScheduleManualRecording   00437980 f   EPGGrid.obj
 0001:000370c0       _EPGManualScheduleDlgProc@16 004380c0 f   EPGGrid.obj
 0001:00037900       _EPGShowScheduleDlgProc@16 00438900 f   EPGGrid.obj
 0001:00037cc0       _EPGGotoChannelDlgProc@16  00438cc0 f   EPGGrid.obj
 0001:00037fc0       _EPGSchedulerWarningDlgProc@16 00438fc0 f   EPGGrid.obj
 0001:000380b0       _SchedulerStartup          004390b0 f   EPGGrid.obj
 0001:000382f0       _EventCurrentlyRunning     004392f0 f   EPGGrid.obj
 0001:000383f0       _GetRecordTaskName         004393f0 f   EPGGrid.obj
 0001:000385a0       _CheckEPGRecordSettings    004395a0 f   EPGGrid.obj
 0001:00038680       _ScheduleRecording         00439680 f   EPGGrid.obj
 0001:000395a0       _DeletedSelectedScheduledRecording 0043a5a0 f   EPGGrid.obj
 0001:000396a0       _EPGScheduleSettingsDlgProc@16 0043a6a0 f   EPGGrid.obj
 0001:000398e0       _LoadEPGMaps               0043a8e0 f   EPGGrid.obj
 0001:00039a90       _EPGridWndProc@16          0043aa90 f   EPGGrid.obj
 0001:0003b800       _DecodeDVBLeakRate         0043c800 f   formatter.obj
 0001:0003baf0       _FormatDVBSCodeRate        0043caf0 f   formatter.obj
 0001:0003bcb0       _FormatDVBTCodeRate        0043ccb0 f   formatter.obj
 0001:0003bdb0       _FormatDVBTGuardInterval   0043cdb0 f   formatter.obj
 0001:0003be70       _FormatDVBTTransmissionMode 0043ce70 f   formatter.obj
 0001:0003bf20       _FormatPolarity            0043cf20 f   formatter.obj
 0001:0003c060       _FormatDVBSModulation      0043d060 f   formatter.obj
 0001:0003c210       _DecodeStreamType          0043d210 f   formatter.obj
 0001:0003c920       _DecodeServiceType         0043d920 f   formatter.obj
 0001:0003cce0       _DecodePrivateDataSpecifierDescriptor 0043dce0 f   formatter.obj
 0001:0003d260       _FormatDVBCModulation      0043e260 f   formatter.obj
 0001:0003d380       _FormatDVBCOuterFEC        0043e380 f   formatter.obj
 0001:0003d430       _FormatDVBCInnerFEC        0043e430 f   formatter.obj
 0001:0003d590       _FormatDVBTBandwidth       0043e590 f   formatter.obj
 0001:0003d650       _FormatDVBTConstellation   0043e650 f   formatter.obj
 0001:0003d700       _FormatDVBTHierarchyInformation 0043e700 f   formatter.obj
 0001:0003d860       _DecodeDescriptorNames     0043e860 f   formatter.obj
 0001:0003ea60       _FormatCASystemName        0043fa60 f   formatter.obj
 0001:0003f450       _DecodeDTSAudioDescriptor  00440450 f   formatter.obj
 0001:0003f920       _DecodeVBIDataServiceDescription 00440920 f   formatter.obj
 0001:0003fa70       _QuickFormatNIT            00440a70 f   formatter.obj
 0001:0003fdd0       _DecodeCADescriptor        00440dd0 f   formatter.obj
 0001:0003fee0       _DecodeComponentAndStreamContent 00440ee0 f   formatter.obj
 0001:000404a0       _DecodeComponentDescriptor 004414a0 f   formatter.obj
 0001:00040620       _DecodeContentNibbles      00441620 f   formatter.obj
 0001:00040dc0       _DecodeContentDescriptor   00441dc0 f   formatter.obj
 0001:00040f00       _DecodeParentalRatingDescriptor 00441f00 f   formatter.obj
 0001:000410a0       _DecodeMultilingualComponentDescriptor 004420a0 f   formatter.obj
 0001:00041200       _DecodeATSCAC3Descriptor   00442200 f   formatter.obj
 0001:00041250       _DecodeATSCContentAdvisoryDescriptor 00442250 f   formatter.obj
 0001:00041590       _DecodeATSCCaptionServceDescriptor 00442590 f   formatter.obj
 0001:000417e0       _FormatDefaultEITDescriptor 004427e0 f   formatter.obj
 0001:00041970       _DecodeAncilliaryDataDescriptor 00442970 f   formatter.obj
 0001:00041ab0       _DecodeAnnouncementSupportDescriptor 00442ab0 f   formatter.obj
 0001:00041fc0       _DecodeMosaicCellCount     00442fc0 f   formatter.obj
 0001:00042060       _DecodeFrameRate           00443060 f   formatter.obj
 0001:000421e0       _DecodeMPEG2Descriptor     004431e0 f   formatter.obj
 0001:00048270       _FormatATSCModulationMode  00449270 f   formatter.obj
 0001:00048460       _DecodeFEC                 00449460 f   formatter.obj
 0001:00048610       _GetTableDescription       00449610 f   formatter.obj
 0001:00048b30       _FormatNITEntry            00449b30 f   formatter.obj
 0001:00049410       _SortEITCompare            0044a410 f   formatter.obj
 0001:000494b0       _GetEITSource              0044a4b0 f   formatter.obj
 0001:000495f0       _FormatEITEntry            0044a5f0 f   formatter.obj
 0001:0004ad40       _FormatCAT                 0044bd40 f   formatter.obj
 0001:0004aec0       _FormatCVCT                0044bec0 f   formatter.obj
 0001:0004b5a0       _FormatBAT                 0044c5a0 f   formatter.obj
 0001:0004b9e0       _FormatMGT                 0044c9e0 f   formatter.obj
 0001:0004c020       _FormatSITEntry            0044d020 f   formatter.obj
 0001:0004c260       _FormatRRTEntry            0044d260 f   formatter.obj
 0001:0004c4a0       _FormatCDTEntry            0044d4a0 f   formatter.obj
 0001:0004c630       _FormatDVBTOT              0044d630 f   formatter.obj
 0001:0004c780       _FormatTDTEntry            0044d780 f   formatter.obj
 0001:0004ce40       _FormatMMTEntry            0044de40 f   formatter.obj
 0001:0004d400       _FormatPMTEntry            0044e400 f   formatter.obj
 0001:0004d900       _FormatAACAudioParse       0044e900 f   formatter.obj
 0001:0004dad0       _FormatH264VideoParse      0044ead0 f   formatter.obj
 0001:0004db50       _FormatMPEG4VideoParse     0044eb50 f   formatter.obj
 0001:0004dbd0       _FormatVC1VideoParse       0044ebd0 f   formatter.obj
 0001:0004dc50       _GetMPEG2VideoAspectRation 0044ec50 f   formatter.obj
 0001:0004dd50       _GetMPEG2FrameRate         0044ed50 f   formatter.obj
 0001:0004ded0       _GetMPEG2ChromaFormat      0044eed0 f   formatter.obj
 0001:0004df90       _GetAFDFormat              0044ef90 f   formatter.obj
 0001:0004e140       _FormatMPEGVideoParse      0044f140 f   formatter.obj
 0001:0004e3e0       _GetMPEGAudioMode          0044f3e0 f   formatter.obj
 0001:0004e4a0       _GetMPEGAudioSamplingFrequency 0044f4a0 f   formatter.obj
 0001:0004e550       _FormatMPEGAudioParse      0044f550 f   formatter.obj
 0001:0004e690       _GetAC3fscod               0044f690 f   formatter.obj
 0001:0004e740       _GetAC3bsmod               0044f740 f   formatter.obj
 0001:0004e8d0       _GetAC3acmod               0044f8d0 f   formatter.obj
 0001:0004ea10       _GetAC3cmixlev             0044fa10 f   formatter.obj
 0001:0004eae0       _GetAC3surmixlev           0044fae0 f   formatter.obj
 0001:0004ebb0       _GetAC3dsurmod             0044fbb0 f   formatter.obj
 0001:0004ec80       _FormatAC3Parse            0044fc80 f   formatter.obj
 0001:0004f080       _FormatESEntry             00450080 f   formatter.obj
 0001:0004f640       _GetTSIDName               00450640 f   formatter.obj
 0001:0004f700       _FormatSDTEntry            00450700 f   formatter.obj
 0001:0004feb0       _FormatPAT                 00450eb0 f   formatter.obj
 0001:00050420       _LoadForwarderSettings     00451420 f   Forwarder.obj
 0001:00050940       _SaveForwarderSettings     00451940 f   Forwarder.obj
 0001:00050d60       _GetForwarderChannelListDispInfo 00451d60 f   Forwarder.obj
 0001:00050f30       _ForwarderSetupDlgProc@16  00451f30 f   Forwarder.obj
 0001:00051b70       _ReadFromForwarderPipe     00452b70 f   Forwarder.obj
 0001:00051bf0       _GenerateForwarderPATs     00452bf0 f   Forwarder.obj
 0001:00051cb0       _AddPMTEntryToForwarderPIDList 00452cb0 f   Forwarder.obj
 0001:00051d80       _BuildForwarderPIDList     00452d80 f   Forwarder.obj
 0001:00052160       _WriteForwarderBlockBuffer 00453160 f   Forwarder.obj
 0001:00052330       _ForwardPIDData            00453330 f   Forwarder.obj
 0001:00052570       _BuildIndividualSocket     00453570 f   Forwarder.obj
 0001:000529c0       _BuildSockets              004539c0 f   Forwarder.obj
 0001:00052ac0       _OpenForwarderSockets      00453ac0 f   Forwarder.obj
 0001:00052ba0       _ShutdownIndividualSocket  00453ba0 f   Forwarder.obj
 0001:00052d10       _ShutdownForwarderSockets  00453d10 f   Forwarder.obj
 0001:00052dd0       _BuildIndividualSAPMessage 00453dd0 f   Forwarder.obj
 0001:00053150       _SAPSetup                  00454150 f   Forwarder.obj
 0001:000533c0       _SAPShutdown               004543c0 f   Forwarder.obj
 0001:00053600       _SendSAP                   00454600 f   Forwarder.obj
 0001:00053740       _UDPForwarderThread@4      00454740 f   Forwarder.obj
 0001:00053900       _AllocateOrDeAllocateForwarderProgramBuffers 00454900 f   Forwarder.obj
 0001:00053a20       _DrawForwardingStream      00454a20 f   Forwarder.obj
 0001:00053ea0       _ForwarderRunDialogProc@16 00454ea0 f   Forwarder.obj
 0001:00054930       _StartUDPForwarder         00455930 f   Forwarder.obj
 0001:00054ae0       _StopUDPForwarder          00455ae0 f   Forwarder.obj
 0001:00054bb0       _ForwardProgramData        00455bb0 f   Forwarder.obj
 0001:00054d80       _PBRSScramble              00455d80 f   Forwarder.obj
 0001:00054f00       _GetInterLeaverInputPosition 00455f00 f   Forwarder.obj
 0001:00054f50       _InterleavePacket          00455f50 f   Forwarder.obj
 0001:000550d0       _ForwarderModuleThread@4   004560d0 f   Forwarder.obj
 0001:000554e0       _ForwarderModuleStartStop  004564e0 f   Forwarder.obj
 0001:000557f0       _GPSSerialReadThread@4     004567f0 f   GPSSignal.obj
 0001:00055bf0       _ReceiveGPSSerial          00456bf0 f   GPSSignal.obj
 0001:00055d20       _SetupGPSPortParameters    00456d20 f   GPSSignal.obj
 0001:00055e10       _OpenGPSSerialPort         00456e10 f   GPSSignal.obj
 0001:00055f80       _CloseGPSSerialPort        00456f80 f   GPSSignal.obj
 0001:00056040       _OpenCurrentlySelectedGPSSerialPort 00457040 f   GPSSignal.obj
 0001:00056140       _ParseGPSLine              00457140 f   GPSSignal.obj
 0001:00056610       _LoadGPSPortList           00457610 f   GPSSignal.obj
 0001:000567d0       _LogGPS                    004577d0 f   GPSSignal.obj
 0001:00056b30       _GPSSignalExportDlgProc@16 00457b30 f   GPSSignal.obj
 0001:00058580       _H264DecoderThread@4       00459580 f   H264Decoder.obj
 0001:00058b90       _ReadFromH264ESPipe        00459b90 f   H264Decoder.obj
 0001:00058c20       _H264DecoderThread_DEBUG@4 00459c20 f   H264Decoder.obj
 0001:00058e20       _Write_Log                 00459e20 f   MDInterface.obj
 0001:00058ec0       _MD__Shutdown              00459ec0 f   MDInterface.obj
 0001:00058f50       _MD__Unload_External_Dll   00459f50 f   MDInterface.obj
 0001:00059220       _MD__Send_External_DLL_Menu_Cmd 0045a220 f   MDInterface.obj
 0001:000592a0       _MD__Load_External_Dll     0045a2a0 f   MDInterface.obj
 0001:00059ad0       _MD__StartPluginsRunning   0045aad0 f   MDInterface.obj
 0001:00059d80       _MD__StartFilter           0045ad80 f   MDInterface.obj
 0001:00059f00       _MD__StopFilter            0045af00 f   MDInterface.obj
 0001:00059fe0       _MD__ExternCommandDispatch 0045afe0 f   MDInterface.obj
 0001:0005ad60       _MD__ChannelChange         0045bd60 f   MDInterface.obj
 0001:0005af70       _PotentiallyDecrypt        0045bf70 f   MDInterface.obj
 0001:0005b090       _FFDecrypt                 0045c090 f   MDInterface.obj
 0001:0005b1b0       _NullKey                   0045c1b0 f   MDInterface.obj
 0001:0005b210       _MD__DataToFilters         0045c210 f   MDInterface.obj
 0001:0005b8c0       _MD__IPDataToFilters       0045c8c0 f   MDInterface.obj
 0001:0005b940       _GetThumbnailMaxWidthAndHeight 0045c940 f   mosaic.obj
 0001:0005bc10       _GetVideoThumbnailCount    0045cc10 f   mosaic.obj
 0001:0005be40       _PaintVideoMosaic          0045ce40 f   mosaic.obj
 0001:0005c530       _VideoMosaicWndProc@16     0045d530 f   mosaic.obj
 0001:0005caf0       _ShowVideoMosaic           0045daf0 f   mosaic.obj
 0001:0005cd70       _save_ppm                  0045dd70 f   MPEG2Decoder.obj
 0001:0005ce50       _MPEG2DecoderThread@4      0045de50 f   MPEG2Decoder.obj
 0001:0005d6f0       _MPEG4DecoderThread@4      0045e6f0 f   MPEG4Decoder.obj
 0001:0005dc00       _MPEGAInit                 0045ec00 f   MPEGAudio.obj
 0001:0005dc90       _MPEGADeInit               0045ec90 f   MPEGAudio.obj
 0001:0005dcf0       _MPEGAudioDecoderThread@4  0045ecf0 f   MPEGAudio.obj
 0001:0005e350       _ParseATSCCETT             0045f350 f   parser.obj
 0001:0005e5c0       _ParseATSCEITPacket        0045f5c0 f   parser.obj
 0001:0005f0d0       _ParseATSCETTPacket        004600d0 f   parser.obj
 0001:0005f520       _ParseDVBEITPacket         00460520 f   parser.obj
 0001:000608f0       _ParseDVBBAT               004618f0 f   parser.obj
 0001:00060f80       _ParseDVBSDTPacket         00461f80 f   parser.obj
 0001:00061850       _ParseDCIIPMTTypeThing     00462850 f   parser.obj
 0001:00061e70       _ParseDCIIProgramNameMessage 00462e70 f   parser.obj
 0001:00062040       _ParsePMTPacket            00463040 f   parser.obj
 0001:00062bb0       _ParseIPPacket             00463bb0 f   parser.obj
 0001:00063900       _ParsePATPacket            00464900 f   parser.obj
 0001:00063dc0       _ParsePSIPPacket           00464dc0 f   parser.obj
 0001:000659d0       _ParseCATPacket            004669d0 f   parser.obj
 0001:00065c30       _ParseDCIINetworkPacket    00466c30 f   parser.obj
 0001:00066ea0       _ParseDVBRSTPacket         00467ea0 f   parser.obj
 0001:00067010       _ParseISDBBITPacket        00468010 f   parser.obj
 0001:00067460       _ParseDVBTDTPacket         00468460 f   parser.obj
 0001:00067980       _ParseDVBNITPacket         00468980 f   parser.obj
 0001:00068ae0       _ParseDCIIECMPacket        00469ae0 f   parser.obj
 0001:00068e10       _QuickParseUserData        00469e10 f   parser.obj
 0001:00069270       _ParseDVBINTPacket         0046a270 f   parser.obj
 0001:000693e0       _LoadProfileSettings       0046a3e0 f   ProfileBrowser.obj
 0001:00069740       _SaveProfileSettings       0046a740 f   ProfileBrowser.obj
 0001:000699b0       _ProfileListCompareFunc@12 0046a9b0 f   ProfileBrowser.obj
 0001:00069c10       _LoadProfiles              0046ac10 f   ProfileBrowser.obj
 0001:0006a0f0       _GetProfileDispInfo        0046b0f0 f   ProfileBrowser.obj
 0001:0006a3a0       _SetProfileLVState         0046b3a0 f   ProfileBrowser.obj
 0001:0006a640       _GetSelectedProfile        0046b640 f   ProfileBrowser.obj
 0001:0006a720       _CreateShortcut            0046b720 f   ProfileBrowser.obj
 0001:0006a8a0       _CreateWin32DesktopShortcut 0046b8a0 f   ProfileBrowser.obj
 0001:0006aaf0       _DeleteProfile             0046baf0 f   ProfileBrowser.obj
 0001:0006ac10       _CopyProfile               0046bc10 f   ProfileBrowser.obj
 0001:0006aea0       _RenameProfile             0046bea0 f   ProfileBrowser.obj
 0001:0006af10       _EnableOrDisableOK         0046bf10 f   ProfileBrowser.obj
 0001:0006b010       _NewProfileDlgProc@16      0046c010 f   ProfileBrowser.obj
 0001:0006b4c0       _ProfileSheetContextMenu   0046c4c0 f   ProfileBrowser.obj
 0001:0006b600       _OKToDestroyOtherWindows   0046c600 f   ProfileBrowser.obj
 0001:0006b8d0       _ProfileWndProc@16         0046c8d0 f   ProfileBrowser.obj
 0001:0006d760       _InitProfileApplication    0046e760 f   ProfileBrowser.obj
 0001:0006d810       _InitProfileInstance       0046e810 f   ProfileBrowser.obj
 0001:0006d920       _ShowProfileBrowser        0046e920 f   ProfileBrowser.obj
 0001:0006dac0       _free_rs_char              0046eac0 f   reed-solomon.obj
 0001:0006db30       _init_rs_char              0046eb30 f   reed-solomon.obj
 0001:0006df60       _encode_rs_char            0046ef60 f   reed-solomon.obj
 0001:0006e140       _SendIACEmulatorName       0046f140 f   RokuTelnetInterface.obj
 0001:0006e260       _AnswerIAC                 0046f260 f   RokuTelnetInterface.obj
 0001:0006e7f0       _ReadTelnetByte            0046f7f0 f   RokuTelnetInterface.obj
 0001:0006e970       _SendTelnetString          0046f970 f   RokuTelnetInterface.obj
 0001:0006ea30       _RokuTraceDlgProc@16       0046fa30 f   RokuTelnetInterface.obj
 0001:0006eb80       _RokuTraceWindowThread@4   0046fb80 f   RokuTelnetInterface.obj
 0001:0006ec70       _AddTrace                  0046fc70 f   RokuTelnetInterface.obj
 0001:0006ed90       _RokuTelnetControlThread@4 0046fd90 f   RokuTelnetInterface.obj
 0001:0006f450       _SetupTreeView             00470450 f   settings.obj
 0001:0006f5a0       _Settings_Threads@16       004705a0 f   settings.obj
 0001:0006fba0       _Settings_Thumbnails@16    00470ba0 f   settings.obj
 0001:0006fef0       _Settings_EIT@16           00470ef0 f   settings.obj
 0001:00070100       _Settings_IPDVB@16         00471100 f   settings.obj
 0001:00070210       _Settings_Parser@16        00471210 f   settings.obj
 0001:000706d0       _Settings_Chart@16         004716d0 f   settings.obj
 0001:000708d0       _Settings_UI@16            004718d0 f   settings.obj
 0001:00070ab0       _Settings_SerialReceiver@16 00471ab0 f   settings.obj
 0001:00070bd0       _Settings_ControlServer@16 00471bd0 f   settings.obj
 0001:00070cd0       _Settings_SplitFilenames@16 00471cd0 f   settings.obj
 0001:00070dd0       _Settings_DVHS@16          00471dd0 f   settings.obj
 0001:00070f10       _Settings_Source@16        00471f10 f   settings.obj
 0001:000713a0       _Settings_CA@16            004723a0 f   settings.obj
 0001:000714f0       _Settings_Roku@16          004724f0 f   settings.obj
 0001:000716e0       _Settings_Stradis@16       004726e0 f   settings.obj
 0001:00071790       _Settings_XNS@16           00472790 f   settings.obj
 0001:00071840       _Settings_VLC@16           00472840 f   settings.obj
 0001:00071960       _SettingsDlgProc@16        00472960 f   settings.obj
 0001:00072180       _extract_seq               00473180 f   sky_epg.obj
 0001:000721c0       _getGenre                  004731c0 f   sky_epg.obj
 0001:000721f0       _getRating                 004731f0 f   sky_epg.obj
 0001:00072220       _getSubGenre               00473220 f   sky_epg.obj
 0001:000722e0       _getDay                    004732e0 f   sky_epg.obj
 0001:00072360       _getStartTime              00473360 f   sky_epg.obj
 0001:00072390       _getEndTime                00473390 f   sky_epg.obj
 0001:000723c0       _dump_raw_bytes            004733c0 f   sky_epg.obj
 0001:000723f0       _dump_table_b5             004733f0 f   sky_epg.obj
 0001:000728d0       _dump_table_b9             004738d0 f   sky_epg.obj
 0001:00072aa0       _dump_table_b0             00473aa0 f   sky_epg.obj
 0001:00072b60       _dump_table_f0             00473b60 f   sky_epg.obj
 0001:00072c20       _dump_table_05             00473c20 f   sky_epg.obj
 0001:00072c50       _dump_table_06             00473c50 f   sky_epg.obj
 0001:00072c80       _dump_table_bc             00473c80 f   sky_epg.obj
 0001:00072d30       _dump_table_30             00473d30 f   sky_epg.obj
 0001:00072db0       _dump_table_31             00473db0 f   sky_epg.obj
 0001:00072e30       _decode_frame              00473e30 f   sky_epg.obj
 0001:00073100       _ParseSkyEPG               00474100 f   sky_epg.obj
 0001:00073310       _UpdateSkyEPGMap           00474310 f   sky_epg.obj
 0001:000736f0       _sky_decode                004746f0 f   sky_huffman.obj
 0001:00073910       _GetStreamMonitorTime      00474910 f   StreamMonitor.obj
 0001:000739c0       _TranslateAlarmCode        004749c0 f   StreamMonitor.obj
 0001:00073df0       _OpenStreamMonitorLogFile  00474df0 f   StreamMonitor.obj
 0001:00073f80       _MonitorAlarmOn            00474f80 f   StreamMonitor.obj
 0001:000744b0       _GetTotalCRCErrors         004754b0 f   StreamMonitor.obj
 0001:00074510       _StreamMonitorThread@4     00475510 f   StreamMonitor.obj
 0001:000751e0       _GetStreamMonitorDispInfo  004761e0 f   StreamMonitor.obj
 0001:00075340       _StreamMonitorSettingsDlgProc@16 00476340 f   StreamMonitor.obj
 0001:00075530       _StreamMonitorDlgProc@16   00476530 f   StreamMonitor.obj
 0001:000760c0       _MonitorProgramData        004770c0 f   StreamMonitor.obj
 0001:000763a0       _AudioThumbnailSettingsDlgProc@16 004773a0 f   TitleThumbnails.obj
 0001:00076840       _GetTitleString            00477840 f   TitleThumbnails.obj
 0001:000768a0       _MakeAudioTitleThumbnail   004778a0 f   TitleThumbnails.obj
 0001:00076b50       _DecodeAudioTitleData      00477b50 f   TitleThumbnails.obj
 0001:00076f30       _StartIncomingTSDataThread 00477f30 f   TSReader.obj
 0001:00077000       _SaveSettings_New          00478000 f   TSReader.obj
 0001:00077120       _SaveSettings              00478120 f   TSReader.obj
 0001:00077a50       _myRegQueryDWORDValue      00478a50 f   TSReader.obj
 0001:00077ac0       _LoadSettings_New          00478ac0 f   TSReader.obj
 0001:00077bf0       _LoadSettings              00478bf0 f   TSReader.obj
 0001:000790c0       _GetTSRVersion             0047a0c0 f   TSReader.obj
 0001:00079150       _ContainsRC                0047a150 f   TSReader.obj
 0001:00079210       _GetNextESPID              0047a210 f   TSReader.obj
 0001:0007a350       _DecodeH264Video           0047b350 f   TSReader.obj
 0001:0007a6c0       _DecodeMPEG4Video          0047b6c0 f   TSReader.obj
 0001:0007aa20       _DecodeVC1Video            0047ba20 f   TSReader.obj
 0001:0007ad80       _DecodeMPEG2Video          0047bd80 f   TSReader.obj
 0001:0007b500       _DecodeAC3AudioHeader      0047c500 f   TSReader.obj
 0001:0007ba70       _DecodeTeletextVBIHeader   0047ca70 f   TSReader.obj
 0001:0007c2b0       _DecodeMPEGAACAudio        0047d2b0 f   TSReader.obj
 0001:0007c5f0       _DecodeMPEGAudioHeader     0047d5f0 f   TSReader.obj
 0001:0007cac0       _AutoRecordPIDs            0047dac0 f   TSReader.obj
 0001:0007cb10       _AutoRecord                0047db10 f   TSReader.obj
 0001:0007ccd0       _SortPMTCompareFunction    0047dcd0 f   TSReader.obj
 0001:0007cd30       _AddNumberFormat           0047dd30 f   TSReader.obj
 0001:0007cdd0       _GetCurrentEITEvent        0047ddd0 f   TSReader.obj
 0001:0007d070       _GenerateSplitFilename     0047e070 f   TSReader.obj
 0001:0007d890       _UpdateSDTContinuity       0047e890 f   TSReader.obj
 0001:0007d910       _UpdatePATContinuity       0047e910 f   TSReader.obj
 0001:0007d990       _UpdatePMTContinuity       0047e990 f   TSReader.obj
 0001:0007da70       _WritePATandPMTandSDT      0047ea70 f   TSReader.obj
 0001:0007dd10       _PSWarningDlgProc@16       0047ed10 f   TSReader.obj
 0001:0007de30       _UpdateFilenameFormatPreview 0047ee30 f   TSReader.obj
 0001:0007ded0       _FileNameFormatDlgProc@16  0047eed0 f   TSReader.obj
 0001:0007e100       _LoadPIDList               0047f100 f   TSReader.obj
 0001:0007e2d0       _LoadPIDListDialog         0047f2d0 f   TSReader.obj
 0001:0007e3c0       _SavePIDList               0047f3c0 f   TSReader.obj
 0001:0007e590       _SavePIDListDialog         0047f590 f   TSReader.obj
 0001:0007e690       _LoadTableList             0047f690 f   TSReader.obj
 0001:0007e990       _LoadTableListDialog       0047f990 f   TSReader.obj
 0001:0007ea80       _SaveTableList             0047fa80 f   TSReader.obj
 0001:0007ec40       _SaveTableListDialog       0047fc40 f   TSReader.obj
 0001:0007ed40       _RecordAdvancedFileDlgProc@16 0047fd40 f   TSReader.obj
 0001:0007ef70       _RecordAdvancedMuxDlgProc@16 0047ff70 f   TSReader.obj
 0001:0007f350       _RecordDlgProc@16          00480350 f   TSReader.obj
 0001:000815b0       _VerifySelectedProgram     004825b0 f   TSReader.obj
 0001:00081630       _BuildTSSection            00482630 f   TSReader.obj
 0001:000817e0       _GetECMPID                 004827e0 f   TSReader.obj
 0001:00081b80       _SetupCAESInfo             00482b80 f   TSReader.obj
 0001:00081ee0       _SetupPriorToProgramRecording 00482ee0 f   TSReader.obj
 0001:00083a80       _EnableDisableVLCMenuItems 00484a80 f   TSReader.obj
 0001:00083af0       _EnableOrDisableStreamMenuItems 00484af0 f   TSReader.obj
 0001:00083c90       _VLCConnectionDlgProc@16   00484c90 f   TSReader.obj
 0001:00083df0       _LaunchVLCThread@4         00484df0 f   TSReader.obj
 0001:00083e60       _EITLanguageSettingsDlgProc@16 00484e60 f   TSReader.obj
 0001:00084100       _StradisSettingsDlgProc@16 00485100 f   TSReader.obj
 0001:00084310       _StreamDecoder             00485310 f   TSReader.obj
 0001:00085040       _GetRecordStartTime        00486040 f   TSReader.obj
 0001:000850b0       _AdvancedRecordFreeSpaceMonitorThread@4 004860b0 f   TSReader.obj
 0001:00085570       _RecordStream              00486570 f   TSReader.obj
 0001:000859f0       _CheckForFileSplit         004869f0 f   TSReader.obj
 0001:00085e20       _RecordAllTS               00486e20 f   TSReader.obj
 0001:00086010       _UpdateInputActivityPosition 00487010 f   TSReader.obj
 0001:00086130       _UpdateForwarderActivityPosition 00487130 f   TSReader.obj
 0001:000862a0       _ForcePID                  004872a0 f   TSReader.obj
 0001:00086300       _WaitForNextTSBuffer       00487300 f   TSReader.obj
 0001:00086470       _RecordOutstandingTSBuffers 00487470 f   TSReader.obj
 0001:00086860       _CheckPIDTEI               00487860 f   TSReader.obj
 0001:00086940       _CheckPIDContinuity        00487940 f   TSReader.obj
 0001:00086c30       _TimestampRecordPID        00487c30 f   TSReader.obj
 0001:00086ee0       _DecodeDSSRTC              00487ee0 f   TSReader.obj
 0001:00086f70       _DSSMuxrateProcessing      00487f70 f   TSReader.obj
 0001:000874a0       _MPEG2MuxrateProcessing    004884a0 f   TSReader.obj
 0001:00087de0       _BufferRecordChannelData   00488de0 f   TSReader.obj
 0001:000884b0       _CheckForGeneralESParsing  004894b0 f   TSReader.obj
 0001:00088720       _LogTableMonitorData       00489720 f   TSReader.obj
 0001:00088c30       _CheckForTableMonitor      00489c30 f   TSReader.obj
 0001:00088f10       _CheckForESParsing         00489f10 f   TSReader.obj
 0001:00089c40       _GetNextECMPID             0048ac40 f   TSReader.obj
 0001:00089f70       _PMTParsingComplete        0048af70 f   TSReader.obj
 0001:0008a370       _SetupForNextPMTEntry      0048b370 f   TSReader.obj
 0001:0008a6a0       _PostPATProcessing         0048b6a0 f   TSReader.obj
 0001:0008ac20       _CheckPATVersionNumber     0048bc20 f   TSReader.obj
 0001:0008ade0       _RecordTableData           0048bde0 f   TSReader.obj
 0001:0008b3d0       _DispatchSIPacket          0048c3d0 f   TSReader.obj
 0001:0008beb0       _PMTListenPMTParser        0048ceb0 f   TSReader.obj
 0001:0008c150       _PMTListenParser           0048d150 f   TSReader.obj
 0001:0008c470       _BufferSections            0048d470 f   TSReader.obj
 0001:0008c8f0       _ParseIncomingTSDataThread@4 0048d8f0 f   TSReader.obj
 0001:0008f7d0       _CleanupIPParsingThread    004907d0 f   TSReader.obj
 0001:0008f8f0       _ReadPersistantEPG         004908f0 f   TSReader.obj
 0001:0008fc20       _WritePersistantEPG        00490c20 f   TSReader.obj
 0001:0008ff70       _CleanupMPEGParsingThread  00490f70 f   TSReader.obj
 0001:00090ab0       _AddSITreeIcon             00491ab0 f   TSReader.obj
 0001:00090b60       _InitSITreeViewImageLists  00491b60 f   TSReader.obj
 0001:00090d00       _AddItemToSITree           00491d00 f   TSReader.obj
 0001:00090e30       _SortPIDsByPackets         00491e30 f   TSReader.obj
 0001:00090ec0       _SortPIDsByPID             00491ec0 f   TSReader.obj
 0001:00090f20       _GetPMTOffsetFromThumbnailScrollOffset 00491f20 f   TSReader.obj
 0001:00091020       _LocateCurrentProgram      00492020 f   TSReader.obj
 0001:00091420       _GetNextThumbnailHeight    00492420 f   TSReader.obj
 0001:00091520       _DrawThumbnail             00492520 f   TSReader.obj
 0001:00092560       _UpdateVideoPix            00493560 f   TSReader.obj
 0001:00092d80       _CreateBrushes             00493d80 f   TSReader.obj
 0001:00092ee0       _UpdateSourceInfo          00493ee0 f   TSReader.obj
 0001:000931b0       _UpdatePIDChart            004941b0 f   TSReader.obj
 0001:00093fa0       _ForcePIDChartRepaint      00494fa0 f   TSReader.obj
 0001:000940a0       _SortMACsByDataCompareFunction 004950a0 f   TSReader.obj
 0001:00094130       _SortMACsByPacketsCompareFunction 00495130 f   TSReader.obj
 0001:00094190       _DecodeIPParserPID         00495190 f   TSReader.obj
 0001:000946a0       _HandleTreeClickIPDVB      004956a0 f   TSReader.obj
 0001:000949e0       _HandleTreeClickMPEG2      004959e0 f   TSReader.obj
 0001:000965c0       _SIParserMsgNotify         004975c0 f   TSReader.obj
 0001:000977e0       _UpdatePIDChartingData     004987e0 f   TSReader.obj
 0001:00097de0       _ShowStatistics            00498de0 f   TSReader.obj
 0001:00098140       _UpdateStatistics          00499140 f   TSReader.obj
 0001:00098f50       _ResetTreeViewHandles      00499f50 f   TSReader.obj
 0001:000990d0       _ResetParserPackets        0049a0d0 f   TSReader.obj
 0001:000991c0       _ResetParserCRCs           0049a1c0 f   TSReader.obj
 0001:000992b0       _ResetParserTableErrors    0049a2b0 f   TSReader.obj
 0001:00099350       _ResetTableTimes           0049a350 f   TSReader.obj
 0001:00099440       _ResetTableTimingErrors    0049a440 f   TSReader.obj
 0001:000994e0       _ResetPIDChart             0049a4e0 f   TSReader.obj
 0001:000996c0       _ThumbnailThreadsRunning   0049a6c0 f   TSReader.obj
 0001:00099770       _WaitForThumbnailThread    0049a770 f   TSReader.obj
 0001:00099850       _SetupForNewStream         0049a850 f   TSReader.obj
 0001:0009a240       _RetuneForSIParser         0049b240 f   TSReader.obj
 0001:0009a2f0       _GetPercentageOfTransportStream 0049b2f0 f   TSReader.obj
 0001:0009a380       _SIParserExportNIT         0049b380 f   TSReader.obj
 0001:0009b490       _HandleThumbnailScroll     0049c490 f   TSReader.obj
 0001:0009b790       _HandlePIDScroll           0049c790 f   TSReader.obj
 0001:0009ba90       _FormatIPv6Address         0049ca90 f   TSReader.obj
 0001:0009bb50       _HandleWMUSER2IPMode       0049cb50 f   TSReader.obj
 0001:0009bf90       _XMLLogCheckItemCount      0049cf90 f   TSReader.obj
 0001:0009c0d0       _LogXMLItem                0049d0d0 f   TSReader.obj
 0001:0009c1f0       _HandleWMUSER2MPEG2Mode    0049d1f0 f   TSReader.obj
 0001:0009f1e0       _UpdateRecordPIDsOneFileOptions 004a01e0 f   TSReader.obj
 0001:0009f2d0       _IPDVBPIDSelectDlgProc@16  004a02d0 f   TSReader.obj
 0001:0009fe10       _AboutDlgProc@16           004a0e10 f   TSReader.obj
 0001:000a0450       _crc16                     004a1450 f   TSReader.obj
 0001:000a04d0       _LicenseDlgProc@16         004a14d0 f   TSReader.obj
 0001:000a06b0       _RestartTSReader_Stop      004a16b0 f   TSReader.obj
 0001:000a0ba0       _SaveManualChannels        004a1ba0 f   TSReader.obj
 0001:000a0f50       _RestartTSReader_Start     004a1f50 f   TSReader.obj
 0001:000a0ff0       _RestartTSReader           004a1ff0 f   TSReader.obj
 0001:000a1070       _UpdateThreadDialogPriorities 004a2070 f   TSReader.obj
 0001:000a1560       _SetupMenu                 004a2560 f   TSReader.obj
 0001:000a1700       _SetupVLCMenuNames         004a2700 f   TSReader.obj
 0001:000a1900       _IPDVBModeOn               004a2900 f   TSReader.obj
 0001:000a1ac0       _IPDVBModeOff              004a2ac0 f   TSReader.obj
 0001:000a1d20       _ToggleIPDVBMode           004a2d20 f   TSReader.obj
 0001:000a1dc0       _SaveThumbnails            004a2dc0 f   TSReader.obj
 0001:000a22c0       _ThumbnailRefreshRateDlgProc@16 004a32c0 f   TSReader.obj
 0001:000a2590       _AutoRestartDlgProc@16     004a3590 f   TSReader.obj
 0001:000a2870       _ConfirmATSCRCDlgProc@16   004a3870 f   TSReader.obj
 0001:000a2b20       _GetSourceDispInfo         004a3b20 f   TSReader.obj
 0001:000a2be0       _BrowseIPSaveFolder        004a3be0 f   TSReader.obj
 0001:000a2ce0       _IPSettingsDlgProc@16      004a3ce0 f   TSReader.obj
 0001:000a2e50       _PIDListDlgProc@16         004a3e50 f   TSReader.obj
 0001:000a30c0       _ControlServerDlgProc@16   004a40c0 f   TSReader.obj
 0001:000a32d0       _BufferSizesDlgProc@16     004a42d0 f   TSReader.obj
 0001:000a3480       _DeleteObsoleteSourceModules 004a4480 f   TSReader.obj
 0001:000a3550       _PopulateSourceList        004a4550 f   TSReader.obj
 0001:000a3870       _SourceDlgProc@16          004a4870 f   TSReader.obj
 0001:000a3d60       _PopulateManualChannelList 004a4d60 f   TSReader.obj
 0001:000a3e60       _GetManualChannelDisplayInfo 004a4e60 f   TSReader.obj
 0001:000a4200       _ManualChannelEditDialogProc@16 004a5200 f   TSReader.obj
 0001:000a5040       _GetManualChannelListSelected 004a6040 f   TSReader.obj
 0001:000a5100       _ManualChannelsDialogProc@16 004a6100 f   TSReader.obj
 0001:000a5710       _DefineManualChannels      004a6710 f   TSReader.obj
 0001:000a5770       _LoadManualChannels        004a6770 f   TSReader.obj
 0001:000a5b40       _LoadManualChannelsMenu    004a6b40 f   TSReader.obj
 0001:000a5c40       _ToggleMenuOption          004a6c40 f   TSReader.obj
 0001:000a5ce0       _EnableDisablePIDChartButtons 004a6ce0 f   TSReader.obj
 0001:000a5dc0       _UpdateVLCConfigDisplay    004a6dc0 f   TSReader.obj
 0001:000a5e70       _GetVLCConfig              004a6e70 f   TSReader.obj
 0001:000a5f00       _LoadSerialPortCombo       004a6f00 f   TSReader.obj
 0001:000a6070       _InitSerialControlDialog   004a7070 f   TSReader.obj
 0001:000a61a0       _SerialControlDlgProc@16   004a71a0 f   TSReader.obj
 0001:000a63f0       _VLCSettings_WM_COMMAND    004a73f0 f   TSReader.obj
 0001:000a6830       _VLCSettingsDlgProc@16     004a7830 f   TSReader.obj
 0001:000a69d0       _XNSServerDlgProc@16       004a79d0 f   TSReader.obj
 0001:000a6b30       _VLCWarningDlgProc@16      004a7b30 f   TSReader.obj
 0001:000a6c50       _PIDWarningDlgProc@16      004a7c50 f   TSReader.obj
 0001:000a6d30       _LoadPlugins               004a7d30 f   TSReader.obj
 0001:000a6e20       _CreateTooltip             004a7e20 f   TSReader.obj
 0001:000a6ed0       _ResizeStatusbar           004a7ed0 f   TSReader.obj
 0001:000a6fb0       _CreateStatusBar           004a7fb0 f   TSReader.obj
 0001:000a7470       _DeleteStatusBar           004a8470 f   TSReader.obj
 0001:000a7510       _FwdSettingsDlgProc@16     004a8510 f   TSReader.obj
 0001:000a79e0       _RokuHD1000Settings@16     004a89e0 f   TSReader.obj
 0001:000a7c70       _GetDescriptorListDispInfo 004a8c70 f   TSReader.obj
 0001:000a7f50       _DescriptorUsageDlgProc@16 004a8f50 f   TSReader.obj
 0001:000a8440       _GetBitmapPtr              004a9440 f   TSReader.obj
 0001:000a84c0       _SetupServiceBitmaps       004a94c0 f   TSReader.obj
 0001:000a8bc0       _SetupChannelFont          004a9bc0 f   TSReader.obj
 0001:000a8dc0       _SetupFonts                004a9dc0 f   TSReader.obj
 0001:000a8f60       _MouseMoveTooltips         004a9f60 f   TSReader.obj
 0001:000a9340       _AddTaskbarIcon            004aa340 f   TSReader.obj
 0001:000a9430       _ResizeDialogWindow        004aa430 f   TSReader.obj
 0001:000a99f0       _SetupProcessorAffinity    004aa9f0 f   TSReader.obj
 0001:000a9aa0       _LoadSource                004aaaa0 f   TSReader.obj
 0001:000aa0b0       _EnableDisableSourceMenuItems 004ab0b0 f   TSReader.obj
 0001:000aa230       _IPDeviceDlgProc@16        004ab230 f   TSReader.obj
 0001:000aa690       _SetTreeViewIcon           004ab690 f   TSReader.obj
 0001:000aa720       _CheckWinPcap              004ab720 f   TSReader.obj
 0001:000aa7b0       _ReTransmitSelectedIPStream 004ab7b0 f   TSReader.obj
 0001:000aa900       _ReTransmitSelectedIPMACStream 004ab900 f   TSReader.obj
 0001:000aa9a0       _ReTransmitSelectedIPPIDStream 004ab9a0 f   TSReader.obj
 0001:000aaa50       _RecordSelectedIPStream    004aba50 f   TSReader.obj
 0001:000aad20       _RecordSelectedIPMACStream 004abd20 f   TSReader.obj
 0001:000aadb0       _RecordSelectedIPPIDStream 004abdb0 f   TSReader.obj
 0001:000aae50       _ToggleAlwaysOnTop         004abe50 f   TSReader.obj
 0001:000aaee0       _CheckThumbnailDisplayOrderMenu 004abee0 f   TSReader.obj
 0001:000aaf70       _CheckThumbnailSizeMenu    004abf70 f   TSReader.obj
 0001:000ab030       _SetInitialMenuStates      004ac030 f   TSReader.obj
 0001:000ab540       _SetupChartClassName       004ac540 f   TSReader.obj
 0001:000ab590       _CloseExistingChart        004ac590 f   TSReader.obj
 0001:000ab680       _GetRetuneCommandLineParameters 004ac680 f   TSReader.obj
 0001:000abe00       _RetuneToThisChannel       004ace00 f   TSReader.obj
 0001:000abe90       _RetuneToThisMux           004ace90 f   TSReader.obj
 0001:000abfa0       _myChooseColor             004acfa0 f   TSReader.obj
 0001:000ac050       _ProcessPIDColorButtonClicks 004ad050 f   TSReader.obj
 0001:000ac230       _PaintPIDChartColorBoxes   004ad230 f   TSReader.obj
 0001:000ac380       _PIDChartColorsDlgProc@16  004ad380 f   TSReader.obj
 0001:000ac520       _GraphRefreshRateDlgProc@16 004ad520 f   TSReader.obj
 0001:000ac6e0       _SetupEPGGridScrollbars    004ad6e0 f   TSReader.obj
 0001:000ac7e0       _ProcessEPGScrollbarMessages 004ad7e0 f   TSReader.obj
 0001:000acc10       _EPGGridSettingsDlgProc@16 004adc10 f   TSReader.obj
 0001:000ad950       _ValidateWindowXY          004ae950 f   TSReader.obj
 0001:000ad9c0       _ShowEPGGrid               004ae9c0 f   TSReader.obj
 0001:000adc20       _CreateChartWindow         004aec20 f   TSReader.obj
 0001:000adf10       _UpdateTableMonitorStats   004aef10 f   TSReader.obj
 0001:000ae1f0       _GetTableMonitorDispInfo   004af1f0 f   TSReader.obj
 0001:000ae5a0       _AddRecordTable            004af5a0 f   TSReader.obj
 0001:000aea40       _RemoveRecordTable         004afa40 f   TSReader.obj
 0001:000aebe0       _GetRecordTableListDispInfo 004afbe0 f   TSReader.obj
 0001:000aee20       _RecordTablesDlgProc@16    004afe20 f   TSReader.obj
 0001:000af8a0       _PluginSettingsDlgProc@16  004b08a0 f   TSReader.obj
 0001:000afb10       _EmailSetupDlgProc@16      004b0b10 f   TSReader.obj
 0001:000afec0       _EITServerSettingsDlgProc@16 004b0ec0 f   TSReader.obj
 0001:000b0280       _TableViewerDlgProc@16     004b1280 f   TSReader.obj
 0001:000b0bd0       _IsFileSource              004b1bd0 f   TSReader.obj
 0001:000b0c20       _SetPCTimeToStreamTime     004b1c20 f   TSReader.obj
 0001:000b0d70       _MainDlgSubclassProc@16    004b1d70 f   TSReader.obj
 0001:000b0e40       _ChartSaveDataDlgProc@16   004b1e40 f   TSReader.obj
 0001:000b0fc0       _MDIIndexDlgProc@16        004b1fc0 f   TSReader.obj
 0001:000b1370       _AddNetworkToINI           004b2370 f   TSReader.obj
 0001:000b17f0       _ExportNITAsINIFiles       004b27f0 f   TSReader.obj
 0001:000b1dd0       _ExportNITAsINIDlgProc@16  004b2dd0 f   TSReader.obj
 0001:000b1f90       _ToggleNetworkIgnore       004b2f90 f   TSReader.obj
 0001:000b2690       _SIParserDlgProc@16        004b3690 f   TSReader.obj
 0001:000b56b0       _SetProcessPriority        004b66b0 f   TSReader.obj
 0001:000b5710       _DecodeSkyLCN              004b6710 f   TSReader.obj
 0001:000b5f40       _LoadPIDListFile           004b6f40 f   TSReader.obj
 0001:000b6080       _LoadManualPIDList         004b7080 f   TSReader.obj
 0001:000b6170       _GetVideoCompositionPID    004b7170 f   TSReader.obj
 0001:000b6420       _CheckNewVersionThread@4   004b7420 f   TSReader.obj
 0001:000b67d0       _CheckNewVersionDlgProc@16 004b77d0 f   TSReader.obj
 0001:000b6d70       _ProcessMain_WM_COMMAND    004b7d70 f   TSReader.obj
 0001:000b9830       _AutoRecordNoProgramDlgProc@16 004ba830 f   TSReader.obj
 0001:000b9950       _LoadForwardDLLs           004ba950 f   TSReader.obj
 0001:000b9cb0       _MainWndProc@16            004bacb0 f   TSReader.obj
 0001:000bae50       _InitVariables             004bbe50 f   TSReader.obj
 0001:000bb9c0       _DeInitVariables           004bc9c0 f   TSReader.obj
 0001:000bbcf0       _GetCommandLineFilename    004bccf0 f   TSReader.obj
 0001:000bbe10       _SkipCommandLineSwitch     004bce10 f   TSReader.obj
 0001:000bbe70       _ParseTSReaderCommandLine  004bce70 f   TSReader.obj
 0001:000bdea0       _LoadOutputModules         004beea0 f   TSReader.obj
 0001:000bdfd0       _LoadOtherModules          004befd0 f   TSReader.obj
 0001:000be3f0       _UnloadOtherModules        004bf3f0 f   TSReader.obj
 0001:000be550       _InitApplication           004bf550 f   TSReader.obj
 0001:000be610       _InitInstance              004bf610 f   TSReader.obj
 0001:000be930       _BombWarningDlgProc@16     004bf930 f   TSReader.obj
 0001:000bea50       _DoNormalTSReaderWindow    004bfa50 f   TSReader.obj
 0001:000becd0       _LoadSerialReceiverDLLs    004bfcd0 f   TSReader.obj
 0001:000bee50       _UnloadSerialReceiverDLLs  004bfe50 f   TSReader.obj
 0001:000beec0       _CheckHASP                 004bfec0 f   TSReader.obj
 0001:000bf110       _WinMain@16                004c0110 f   TSReader.obj
 0001:000bf4a0       _GetExtensionPtr           004c04a0 f   util.obj
 0001:000bf510       _CopyListControlToClipboard 004c0510 f   util.obj
 0001:000bf690       _UpdateMainStatusText      004c0690 f   util.obj
 0001:000bf740       _UpdateSecondaryStatusText 004c0740 f   util.obj
 0001:000bf7d0       _ATSCPIDs                  004c07d0 f   util.obj
 0001:000bf840       _DecodeMPEG2PCR            004c0840 f   util.obj
 0001:000bf930       _GetTotalPMTChannels       004c0930 f   util.obj
 0001:000bf9a0       _IsDuplicateDescriptor     004c09a0 f   util.obj
 0001:000bfa30       _FillAddr                  004c0a30 f   util.obj
 0001:000bfb00       _IsMPEGAudioStream         004c0b00 f   util.obj
 0001:000bfb80       _IsAC3AudioStream          004c0b80 f   util.obj
 0001:000bfd00       _IsPCMAudioStream          004c0d00 f   util.obj
 0001:000bfe90       _IsDTSAudioStream          004c0e90 f   util.obj
 0001:000c0070       _GetDTSAudioDescriptor     004c1070 f   util.obj
 0001:000c0210       _GetDTSFrameSize           004c1210 f   util.obj
 0001:000c03f0       _IsDataBroadcastStream     004c13f0 f   util.obj
 0001:000c04f0       _IsTeleTextOrVBIStream     004c14f0 f   util.obj
 0001:000c0660       _IsSubtitleStream          004c1660 f   util.obj
 0001:000c0760       _GetATSCMultipleString     004c1760 f   util.obj
 0001:000c0940       _GetExtendedChannelName    004c1940 f   util.obj
 0001:000c0b20       _CursorNormal              004c1b20 f   util.obj
 0001:000c0b80       _CursorWait                004c1b80 f   util.obj
 0001:000c0bf0       _ConvertDVBBCDTimeOffsets  004c1bf0 f   util.obj
 0001:000c0ca0       _ConvertBCD                004c1ca0 f   util.obj
 0001:000c0d00       _ConvertDVBDate            004c1d00 f   util.obj
 0001:000c0e50       _ConvertDVBTime            004c1e50 f   util.obj
 0001:000c0ec0       _ConvertATSCDateTime       004c1ec0 f   util.obj
 0001:000c0f80       _EventInPast               004c1f80 f   util.obj
 0001:000c10a0       _LogDescriptor             004c20a0 f   util.obj
 0001:000c10e0       _ExpireOldEIT_debug        004c20e0 f   util.obj
 0001:000c1100       _ExpireOldEITData          004c2100 f   util.obj
 0001:000c1350       _SaveEPGData               004c2350 f   util.obj
 0001:000c18e0       _SaveExistingEPGData       004c28e0 f   util.obj
 0001:000c1970       _myGetSaveFileName         004c2970 f   util.obj
 0001:000c1a10       _GetLanguageFromDescriptor 004c2a10 f   util.obj
 0001:000c1b20       _StripTrailingSpaces       004c2b20 f   util.obj
 0001:000c1b90       _TrueFalseString           004c2b90 f   util.obj
 0001:000c1bd0       _EscapeReplaceXML          004c2bd0 f   util.obj
 0001:000c1dc0       _WriteHTMLLine             004c2dc0 f   util.obj
 0001:000c1e70       _WriteHTMLASCII            004c2e70 f   util.obj
 0001:000c1fb0       _GetVideoStreamCount       004c2fb0 f   util.obj
 0001:000c2160       _GetProgramCount           004c3160 f   util.obj
 0001:000c21f0       _LoadVideoDecoderCrashThumbnail 004c31f0 f   util.obj
 0001:000c24d0       _YUVtoRGB                  004c34d0 f   util.obj
 0001:000c26b0       _GetNewThumbnailSize       004c36b0 f   util.obj
 0001:000c27b0       _GenerateSizedThumbnail    004c37b0 f   util.obj
 0001:000c29d0       _GenerateAudioThumbnail    004c39d0 f   util.obj
 0001:000c2ea0       _SetupScrambledChannelThumbnail 004c3ea0 f   util.obj
 0001:000c31b0       _GetVideoArea              004c41b0 f   util.obj
 0001:000c32d0       _InvalidateThumbnails      004c42d0 f   util.obj
 0001:000c3360       _ReadFromMPEG2ESPipe       004c4360 f   util.obj
 0001:000c3400       _SaveArchiveThumbnail      004c4400 f   util.obj
 0001:000c3570       _DecoderThread_SaveThumbnail 004c4570 f   util.obj
 0001:000c3b60       _ReverseBits               004c4b60 f   util.obj
 0001:000c3c40       _DetermineSignalType       004c4c40 f   util.obj
 0001:000c3d20       _ExtractSignalData         004c4d20 f   util.obj
 0001:000c3fd0       _GetLogicalChannelNumber   004c4fd0 f   util.obj
 0001:000c4020       _GetBouquetName            004c5020 f   util.obj
 0001:000c4100       _GetPIDTooltipInfo         004c5100 f   util.obj
 0001:000c5410       _GetSourceInfoLine         004c6410 f   util.obj
 0001:000c5950       _FormatTooltipPID          004c6950 f   util.obj
 0001:000c59b0       _ReadFromVC1ESPipe         004c69b0 f   VC1Decoder.obj
 0001:000c5a40       _VC1DecoderThread@4        004c6a40 f   VC1Decoder.obj
 0001:000c6700       _mdiStreamInit             004c7700 f   mdi.obj
 0001:000c67a0       _mdiStreamStop             004c77a0 f   mdi.obj
 0001:000c67e0       _mdiPacket                 004c77e0 f   mdi.obj
 0001:000c6d80       _mdiSample                 004c7d80 f   mdi.obj
 0001:000c6e70       _WriteAudioSampleXMLData   004c7e70 f   export.obj
 0001:000c70c0       _XMLExport__WriteESParserData 004c80c0 f   export.obj
 0001:000c8090       _XMLExport                 004c9090 f   export.obj
 0001:000ce3d0       _XMLTVExport               004cf3d0 f   export.obj
 0001:000ce4d0       _StartXMLExport            004cf4d0 f   export.obj
 0001:000ce650       _WriteHTMLStatistics       004cf650 f   export.obj
 0001:000ce950       _HTMLExport                004cf950 f   export.obj
 0001:000d0500       _ExportSIHookProc@16       004d1500 f   export.obj
 0001:000d0b80       _SIParserExport            004d1b80 f   export.obj
 0001:000d0cf8       _SourceHelper_GetTSReaderEXEDirectory 004d1cf8 f   TSReader_SourceHelper:TSReader_SourceHelper.dll
 0001:000d0cfe       _SourceHelper_CRC_Calc     004d1cfe f   TSReader_SourceHelper:TSReader_SourceHelper.dll
 0001:000d0d04       _SourceHelper_myGetOpenFileName 004d1d04 f   TSReader_SourceHelper:TSReader_SourceHelper.dll
 0001:000d0d0a       _SourceHelper_ReadLine     004d1d0a f   TSReader_SourceHelper:TSReader_SourceHelper.dll
 0001:000d0d10       _SourceHelper_CRC_Check    004d1d10 f   TSReader_SourceHelper:TSReader_SourceHelper.dll
 0001:000d0d16       _SourceHelper_SetWorkerThreadPriorities 004d1d16 f   TSReader_SourceHelper:TSReader_SourceHelper.dll
 0001:000d0d1c       _SourceHelper_SetChannelSerialControl 004d1d1c f   TSReader_SourceHelper:TSReader_SourceHelper.dll
 0001:000d0d22       _SourceHelper_DeInitSerialControl 004d1d22 f   TSReader_SourceHelper:TSReader_SourceHelper.dll
 0001:000d0d28       _SourceHelper_InitSerialControl 004d1d28 f   TSReader_SourceHelper:TSReader_SourceHelper.dll
 0001:000d0d2e       _SourceHelper_CalculateSwitchParameters 004d1d2e f   TSReader_SourceHelper:TSReader_SourceHelper.dll
 0001:000d0d34       _SourceHelper_DiSEqCPositionerDialog 004d1d34 f   TSReader_SourceHelper:TSReader_SourceHelper.dll
 0001:000d0d3a       _SourceHelper_ResetFirstTimeFlag 004d1d3a f   TSReader_SourceHelper:TSReader_SourceHelper.dll
 0001:000d0d40       _SourceHelper_ImportSatelliteList 004d1d40 f   TSReader_SourceHelper:TSReader_SourceHelper.dll
 0001:000d0d46       _SourceHelper_Init         004d1d46 f   TSReader_SourceHelper:TSReader_SourceHelper.dll
 0001:000d0d4c       _SourceHelper_CRC_Init     004d1d4c f   TSReader_SourceHelper:TSReader_SourceHelper.dll
 0001:000d0d52       _NeAACDecClose             004d1d52 f   libfaad2:libfaad2.dll
 0001:000d0d58       _NeAACDecGetErrorMessage   004d1d58 f   libfaad2:libfaad2.dll
 0001:000d0d5e       _NeAACDecDecode            004d1d5e f   libfaad2:libfaad2.dll
 0001:000d0d64       _NeAACDecInit              004d1d64 f   libfaad2:libfaad2.dll
 0001:000d0d6a       _NeAACDecSetConfiguration  004d1d6a f   libfaad2:libfaad2.dll
 0001:000d0d70       _NeAACDecGetCurrentConfiguration 004d1d70 f   libfaad2:libfaad2.dll
 0001:000d0d76       _NeAACDecOpen              004d1d76 f   libfaad2:libfaad2.dll
 0001:000d0d80       ??3@YAXPAX@Z               004d1d80 f i fvdmp4:skl_probe_dec.obj
 0001:000d0da0       _Fvd_Probe_Video_Decoder   004d1da0 f   fvdmp4:skl_probe_dec.obj
 0001:000d0eb0       _Fvd_New_Decoder           004d1eb0 f   fvdmp4:skl_probe_dec.obj
 0001:000d0ed0       _Fvd_Delete_Decoder        004d1ed0 f   fvdmp4:skl_probe_dec.obj
 0001:000d0f10       _Fvd_Dec_Decode            004d1f10 f   fvdmp4:skl_codec_c.obj
 0001:000d0f30       _Fvd_Dec_Has_Pending_Frames 004d1f30 f   fvdmp4:skl_codec_c.obj
 0001:000d0f40       _Fvd_Dec_Consume_Frame     004d1f40 f   fvdmp4:skl_codec_c.obj
 0001:000d0f50       _Fvd_Dec_Set_Param         004d1f50 f   fvdmp4:skl_codec_c.obj
 0001:000d0f70       _Fvd_Dec_Get_Param         004d1f70 f   fvdmp4:skl_codec_c.obj
 0001:000d0f80       ?Initialize@XVID_H264_SLICE@@QAEXQAVXVID_H264_I@@H@Z 004d1f80 f   fvdmp4:skl_h264_dec.obj
 0001:000d1010       ?Set_Working_Frame@XVID_H264_SLICE@@QAEXQAUXVID_H264_FRAME@@@Z 004d2010 f   fvdmp4:skl_h264_dec.obj
 0001:000d10c0       ?Set_RBSP_Limits@XVID_H264_SLICE@@QAEXQBEH@Z 004d20c0 f   fvdmp4:skl_h264_dec.obj
 0001:000d10e0       ?Start_Scan@XVID_H264_SLICE@@QAEXXZ 004d20e0 f   fvdmp4:skl_h264_dec.obj
 0001:000d11a0       ?Set_Next_FMO@XVID_H264_SLICE@@QAEXXZ 004d21a0 f   fvdmp4:skl_h264_dec.obj
 0001:000d1310       ?Next_Scanline@XVID_H264_SLICE@@QAEXXZ 004d2310 f   fvdmp4:skl_h264_dec.obj
 0001:000d13c0       ?End_Scan@XVID_H264_SLICE@@QAEXXZ 004d23c0 f   fvdmp4:skl_h264_dec.obj
 0001:000d1440       ?Arith_Init@XVID_H264_SLICE@@QAEXXZ 004d2440 f   fvdmp4:skl_h264_dec.obj
 0001:000d14a0       ?Arith_Finish@XVID_H264_SLICE@@QAEXXZ 004d24a0 f   fvdmp4:skl_h264_dec.obj
 0001:000d14c0       ?Parse_Weights@XVID_H264_SLICE@@QAEXHQAY0BA@H0@Z 004d24c0 f   fvdmp4:skl_h264_dec.obj
 0001:000d1630       ?Optimize_Weights@XVID_H264_SLICE@@QAEXXZ 004d2630 f   fvdmp4:skl_h264_dec.obj
 0001:000d16c0       ?Decode_Pred_Weight_Table@XVID_H264_SLICE@@QAEXXZ 004d26c0 f   fvdmp4:skl_h264_dec.obj
 0001:000d1750       ?Ref_Pic_List_Reorder@XVID_H264_SLICE@@QAEHQAPBUXVID_H264_REF_FRAME@@H@Z 004d2750 f   fvdmp4:skl_h264_dec.obj
 0001:000d19e0       ?Set_Current_Frame_Num@XVID_H264_I@@IAEHHHQBUXVID_PPS@@@Z 004d29e0 f   fvdmp4:skl_h264_dec.obj
 0001:000d1ab0       ?Reset_POC_Params@XVID_H264_I@@IAEXXZ 004d2ab0 f   fvdmp4:skl_h264_dec.obj
 0001:000d1ad0       ?Search_RBSP_Stop_Bit@XVID_H264_I@@KAHQBEI@Z 004d2ad0 f   fvdmp4:skl_h264_dec.obj
 0001:000d1b10       ?Parse_POC@XVID_H264_I@@IAEHQAUXVID_FBB@@QAUXVID_H264_REF_FRAME@@@Z 004d2b10 f   fvdmp4:skl_h264_dec.obj
 0001:000d1df0       ?Decode_MMCOps@XVID_H264_I@@IAEHQAUXVID_FBB@@QAVXVID_H264_SLICE@@@Z 004d2df0 f   fvdmp4:skl_h264_dec.obj
 0001:000d20a0       ?Parse_Slice_Header@XVID_H264_I@@IAEHQAVXVID_H264_SLICE@@@Z 004d30a0 f   fvdmp4:skl_h264_dec.obj
 0001:000d2790       ?Parse_SEI@XVID_H264_I@@IAEHPBEH@Z 004d3790 f   fvdmp4:skl_h264_dec.obj
 0001:000d2850       ??0XVID_H264_DEC_I@@QAE@PAVXVID_MEM_I@@@Z 004d3850 f   fvdmp4:skl_h264_dec.obj
 0001:000d28b0       ??1XVID_VIDEO_DEC@@MAE@XZ  004d38b0 f i fvdmp4:skl_h264_dec.obj
 0001:000d28c0       ?Decode@XVID_VIDEO_DEC@@UAEHPBEH@Z 004d38c0 f i fvdmp4:skl_h264_dec.obj
 0001:000d28d0       ?Has_Pending_Frames@XVID_VIDEO_DEC@@UBEHXZ 004d38d0 f i fvdmp4:skl_h264_dec.obj
 0001:000d28e0       ?Consume_Frame@XVID_VIDEO_DEC@@UAEHQAUXVID_PIC@@@Z 004d38e0 f i fvdmp4:skl_h264_dec.obj
 0001:000d28f0       ?Set_Param@XVID_VIDEO_DEC@@UAEHW4XVID_PARAM@@II@Z 004d38f0 f i fvdmp4:skl_h264_dec.obj
 0001:000d2900       ?Get_Param@XVID_VIDEO_DEC@@UBEIW4XVID_PARAM@@@Z 004d3900 f i fvdmp4:skl_h264_dec.obj
 0001:000d2910       ??_GXVID_VIDEO_DEC@@MAEPAXI@Z 004d3910 f i fvdmp4:skl_h264_dec.obj
 0001:000d2910       ??_EXVID_VIDEO_DEC@@MAEPAXI@Z 004d3910 f i fvdmp4:skl_h264_dec.obj
 0001:000d2930       ??_GXVID_H264_DEC_I@@UAEPAXI@Z 004d3930 f i fvdmp4:skl_h264_dec.obj
 0001:000d2930       ??_EXVID_H264_DEC_I@@UAEPAXI@Z 004d3930 f i fvdmp4:skl_h264_dec.obj
 0001:000d2960       ??1XVID_H264_DEC_I@@UAE@XZ 004d3960 f   fvdmp4:skl_h264_dec.obj
 0001:000d29d0       ?Decode_Slice@XVID_H264_DEC_I@@QAEHQAVXVID_H264_SLICE@@@Z 004d39d0 f   fvdmp4:skl_h264_dec.obj
 0001:000d2a70       ?Init_Slice_From_NAL@XVID_H264_DEC_I@@IAEHQAVXVID_H264_SLICE@@QBUXVID_H264_NAL@@H@Z 004d3a70 f   fvdmp4:skl_h264_dec.obj
 0001:000d2b40       ?Start_Pic_Decoding@XVID_H264_DEC_I@@IAEHPAVXVID_H264_SLICE@@@Z 004d3b40 f   fvdmp4:skl_h264_dec.obj
 0001:000d2be0       ?Finish_Pic_Decoding@XVID_H264_DEC_I@@IAEXPAUXVID_H264_REF_FRAME@@@Z 004d3be0 f   fvdmp4:skl_h264_dec.obj
 0001:000d2c30       ?Decode_Pending_Slices@XVID_H264_DEC_I@@IAEHXZ 004d3c30 f   fvdmp4:skl_h264_dec.obj
 0001:000d2f00       ?Decode@XVID_H264_DEC_I@@UAEHPBEH@Z 004d3f00 f   fvdmp4:skl_h264_dec.obj
 0001:000d3240       ?Has_Pending_Frames@XVID_H264_DEC_I@@UBEHXZ 004d4240 f   fvdmp4:skl_h264_dec.obj
 0001:000d3250       ?Consume_Frame@XVID_H264_DEC_I@@UAEHQAUXVID_PIC@@@Z 004d4250 f   fvdmp4:skl_h264_dec.obj
 0001:000d3360       ?Set_Param@XVID_H264_DEC_I@@UAEHW4XVID_PARAM@@II@Z 004d4360 f   fvdmp4:skl_h264_dec.obj
 0001:000d33c0       ?Get_Param@XVID_H264_DEC_I@@UBEIW4XVID_PARAM@@@Z 004d43c0 f   fvdmp4:skl_h264_dec.obj
 0001:000d33f0       _Fvd_H264_New_Decoder      004d43f0 f   fvdmp4:skl_h264_dec.obj
 0001:000d3410       _Fvd_H264_Delete_Decoder   004d4410 f   fvdmp4:skl_h264_dec.obj
 0001:000d3420       ??0XVID_MB@@QAE@QBUXVID_MP4_I@@QAUXVID_FBB@@@Z 004d4420 f   fvdmp4:skl_mpg4_dec.obj
 0001:000d3690       ??1XVID_MB@@QAE@XZ         004d4690 f   fvdmp4:skl_mpg4_dec.obj
 0001:000d36a0       ?Set_Not_Intra@XVID_MB@@QAEXXZ 004d46a0 f   fvdmp4:skl_mpg4_dec.obj
 0001:000d3700       ?Init_Offset@XVID_MB@@QAEXXZ 004d4700 f   fvdmp4:skl_mpg4_dec.obj
 0001:000d3810       ?Resync_Cursor@XVID_MB@@QAEXQBUXVID_MP4_I@@H@Z 004d4810 f   fvdmp4:skl_mpg4_dec.obj
 0001:000d3940       ?Init_Scanline@XVID_MB@@QAEXQBUXVID_MP4_I@@H@Z 004d4940 f   fvdmp4:skl_mpg4_dec.obj
 0001:000d3ad0       ??EXVID_MB@@QAEXH@Z        004d4ad0 f   fvdmp4:skl_mpg4_dec.obj
 0001:000d3c40       ?Update_Quant_Map@XVID_MB@@QBEXXZ 004d4c40 f   fvdmp4:skl_mpg4_dec.obj
 0001:000d3c60       ?Store_Dec_Map_Infos@XVID_MB@@QBEXQAUXVID_MP4_DEC_MAP@@@Z 004d4c60 f   fvdmp4:skl_mpg4_dec.obj
 0001:000d3ca0       ?Predict_Motion_Vector@XVID_MB@@QBEXQAFQAY01$$CBFH@Z 004d4ca0 f   fvdmp4:skl_mpg4_dec.obj
 0001:000d3ee0       ?Predict_Motion_Vector_Blk0@XVID_MB@@QBEXQAFQAY01$$CBFQBF@Z 004d4ee0 f   fvdmp4:skl_mpg4_dec.obj
 0001:000d40e0       ?Choose_Pred_Dir@XVID_MB_DATA@@QAEHPBU1@@Z 004d50e0 f   fvdmp4:skl_mpg4_dec.obj
 0001:000d4140       ?Add_DC_AC_Pred@XVID_MB_DATA@@QAEXQAFH0PBU1@HH@Z 004d5140 f   fvdmp4:skl_mpg4_dec.obj
 0001:000d4310       ?Resync_Marker@XVID_MB@@QAEHXZ 004d5310 f   fvdmp4:skl_mpg4_dec.obj
 0001:000d47a0       ?Get_Size@XVID_BMASKS@@SAHH@Z 004d57a0 f i fvdmp4:skl_mpg4_dec.obj
 0001:000d47d0       ?Load@XVID_FBB@@QAEXXZ     004d57d0 f i fvdmp4:skl_mpg4_dec.obj
 0001:000d4800       ?Check_Bits@XVID_FBB@@QAEXH@Z 004d5800 f i fvdmp4:skl_mpg4_dec.obj
 0001:000d4840       ?Discard@XVID_FBB@@QAEXH@Z 004d5840 f i fvdmp4:skl_mpg4_dec.obj
 0001:000d4a10       ?Decode_Intra_Blocks@XVID_MB@@QBEXXZ 004d5a10 f   fvdmp4:skl_mpg4_dec.obj
 0001:000d5010       ?Decode_Inter_Blocks@XVID_MB@@QBEXXZ 004d6010 f   fvdmp4:skl_mpg4_dec.obj
[...]
FIXUPS: b1b11 18 17 3a 44 3b 1d 2b e6 13 1c d 62 5d 13 6e 23 15 10 1a 3b
FIXUPS: b1f74 15 17 f 9a a 24 28 42 10 fffff4c8 1d 2c 1d 1f 37 18 24 10
FIXUPS: b16f5 15 83 30 2b 1d 48 16 33 27 21 18 10 4c 4d e 49 1c 2b 15 2f
FIXUPS: b1a96 32 fffff493 18 10 1f 62 31 2d 28 31 15 1a 26 34 c0 26 1f
FIXUPS: b1260 12 a5 43 35 29 35 29 35 29 35 29 35 29 35 1c fffff557 17
FIXUPS: b0b01 71 23 23 24 23 23 26 e 26 e 15 10 5f 28 28 18 34 28 15 1a
FIXUPS: b0e1e 1b e 18 1b e 17 f 87 fffff763 30 1a e 11 11 11 11 29 10 16
FIXUPS: b07c5 2c 1f b 1a 2e 15 9d 27 1c 26 e 15 10 5b 3e 1c 18 17 1a 1b
FIXUPS: affa5 26 2e 28 1c 39 35 29 35 1c 49 51 e 1d 10 a6 16 23 18 10 28
FIXUPS: b0341 f4 65 7f 65 29 1d 1d 16 28 1d fffff20f 10 8c 18 10 76 48
FIXUPS: af9db 1d 18 10 17 40 e 61 e 33 e 49 42 d 9b 34 71 48 5f 48 d a5
FIXUPS: afedc 23 84 fffff334 37 8e e 28 28 7b 28 28 79 28 28 d 60 28 18
FIXUPS: af62b 2d 23 1a 27 16 23 18 10 16 35 1a 34 1a 42 21 fffff365 21
FIXUPS: aebe6 1f 10 33 16 5b 1c 17 20 25 96 4b 32 34 21 32 24 13 40 5f
FIXUPS: aeff2 e3 84 2e 2f e 1c 8b 24 e fffff35b 30 1b 2b 19 30 1b 2b 19
FIXUPS: ae746 1b 2b 19 34 19 34 16 34 13 1a f c9 21 1d 34 4d 19 14 24 85
FIXUPS: aeb50 29 fffff438 17 10 c5 34 28 28 1a 32 18 24 24 24 28 28 21
FIXUPS: ae3a8 1b 27 1b 27 1b 2b 15 1d 39 1d 39 1d 39 1d 39 fffff22d 82
FIXUPS: ad8e8 41 41 46 2a e 7e 5a 41 41 46 2a e d 1ba 27 24 24 24 24 24
FIXUPS: ade86 24 24 23 23 23 26 26 1e fffff37c 1b 13 1c 10 b2 10 3b 6c
FIXUPS: ad4ef 15 12 6f 26 21 18 10 1a 42 33 21 17 f 4c e 22 e 2a e 2a e
FIXUPS: ad7d1 fffff608 63 2c e 10 54 2c 16 2c e 3d 59 2e 25 69 18 1a 19
FIXUPS: ad10b 1a 19 18 1a 19 18 1a 16 18 1a d 51 7c fffff075 28 28 28 9
FIXUPS: ac3df 2b 28 28 28 28 28 28 31 d 40 d 94 24 25 13 149 48 1e 82 33
FIXUPS: ac8ef 23 48 2b1 15a 64 ffffefd8 73 33 52 29 d 57 26 d 71 26 26
FIXUPS: ac023 34 2b 28 28 28 28 28 28 28 28 28 28 28 28 28 28 28 28 28
FIXUPS: ab6f8 e d 4e 26 16 30 54 20 55 48 10 2f 49 29 2e 55 33 5a 3a 66
FIXUPS: abb55 1a 28 7b 1d 39 57 21 18 13 6d fffff41d 39 2f 1c d b6 1b 38
FIXUPS: ab348 15 1d 25 35 16 2a 15 26 55 1c 1c 80 39 1f 1a 21 15 13 17
FIXUPS: ab648 21 12 36 fffff5c6 22 63 23 1a 22 39 3d 25 25 25 25 25 25
FIXUPS: aaed4 25 25 25 25 25 25 49 5 29 16 33 32 33 2b 1c 2c 1c fffff602
FIXUPS: aa776 31 e 33 e 3c e 11 49 e 30 e 19 4e 5e 22 10 36 1e 4f 10 3b
FIXUPS: aab07 28 28 28 2d 29 16 51 1e fffff65e 2a 39 10 4f 54 1b 25 10
FIXUPS: aa4ad 38 2a 23 18 17 20 17 23 13 2b 4c 1a 21 e 21 e 21 e 21 e 21
FIXUPS: aa74a fffff420 1b 1b d 57 1f 12 e8 1a 1a 28 17 13 d 37 3e 10 10
FIXUPS: a9e8c 10 10 47 10 10 15 1a d a3 e 20 2f 13 fffff792 1d 1d 1d 26
FIXUPS: a9891 1b 1b 1b 1b 1b 1b 1b 1b 1b 1b 1b 1b 1b 1b 1b 1b 1b 1b 1b
FIXUPS: a9aad 1b 1b 1b 1b 1b 1b fffff8e1 3c 1a 16 10 45 11 1d 1d 1d 1d
FIXUPS: a9593 1d 1d 1d 1d 1d 1d 1d 1d 1d 1d 1d 1d 1d 1d 1d 1d 1d 1d 1d
FIXUPS: a97d7 fffff648 1d 1d 76 1a 1f 10 41 9f 43 35 29 35 1c 28 69 1a
FIXUPS: a91a5 1c 1a 28 e 22 e 1a 38 46 b9 2f 1d 1b 25 fffff544 e 1c e 1c
FIXUPS: a89c4 f 6f 23 23 23 24 21 18 10 1a 52 28 28 28 18 21 17 f ae 20
FIXUPS: a8d49 20 2e 1d 31 1d fffff654 10 63 2b d 78 2a 2a 27 27 27 2c e
FIXUPS: a86a8 e 2c e 1a 6a 2d 2d 3a 36 36 33 1a 21 e 1c e 1c e fffff446
FIXUPS: a7db1 28 1d 1c 6d 33 d 43 8f d 55 41 41 41 41 41 41 41 41 41 41
FIXUPS: a82bb 4d 2f 27 27 27 27 27 27 24 fffff4ad 26 24 18 10 15 6 1a 15
FIXUPS: a79c0 71 21 18 10 38 1e 21 17 f 69 10 41 26 1a 23 f 7b 17 1a 23
FIXUPS: a7d21 4c fffff5a2 18 2d 28 2e 15 17 f d1 1a 1f 1a 1a 4f 1d 4f 1d
FIXUPS: a7615 2b 18 24 28 51 22 30 15 2b 60 2b 10 88 24 fffff4e1 51 2c
FIXUPS: a6e4d d 5b 31 d 3f 24 6a 2c 27 25 18 10 48 9 4e 15 26 23 27 12
FIXUPS: a71e0 18 10 1a 4b 28 31 26 fffff51f 2b 1f 4a 88 22 20 41 38 2c
FIXUPS: a6a51 45 21 27 34 1b 53 52 18 26 1f 57 e 1d e d 54 e 2c e 2c e
FIXUPS: a629a 10 3a 24 1a 74 1c 2f 1d 19 31 34 2f 1f 1e 27 19 1f 2e ae
FIXUPS: a664c 40 e 23 19 21 59 d 1c 3a 2a 16 fffff447 18 10 3b 18 10 b9
FIXUPS: a5d9b 54 26 1d 1d 18 10 32 26 2e 22 ad 26 29 12 43 56 29 98 43
FIXUPS: a61ff 29 35 1c 9 fffff3d3 1a 31 18 10 55 18 10 7b 18 10 77 4f 3a
FIXUPS: a590a 23 44 2f 43 10 72 e e 49 2e 1a 3a 18 24 26 1d 34 fffff455
FIXUPS: a5071 3a 1d 1d 10 114 84 1c e 2f 1c 63 1a 48 23 30 1d 18 10 1a
FIXUPS: a552a 18 10 22 18 10 22 18 10 21 2b fffff35a 29 35 1c d 3a 13 15
FIXUPS: a4a85 1c e 26 1a 44 40 43 32 4a 52 e 37 3e e 27 12 42 60 51 12
FIXUPS: a4eec 107 1d fffff44d f 36 1a e 1a e 1a e 1a d 4e 1b 20 39 c 14
FIXUPS: a464f 2e 43 2d 89 d 5a 28 18 1a 1c 13 98 20 39 fffff684 1b 15 10
FIXUPS: a4068 1c 6 1a 12 7b 26 19 1b 15 10 1a 42 31 18 28 21 17 f 71 26
FIXUPS: a437c 18 10 1a 3f 28 21 fffff5af 1b e 6e 17 1e e 18 10 12 85 2f
FIXUPS: a3bca 51 d 16 33 2c 1f 10 76 21 18 10 1a 54 15 17 b 12 143 29 fffff645
FIXUPS: a3617 26 26 e 24 24 15 10 1a 4f 24 28 24 24 21 17 1a 1b e f 75
FIXUPS: a38e8 1c e 15 10 1a 55 9 1b 1d fffff6a5 3c 1d c 32 16 88 c 31 16
FIXUPS: a322e 32 21 21 10 73 26 26 26 26 21 18 10 1a 46 28 28 28 28 4c
FIXUPS: a3569 f fffff63b 27 e 7d 43 e 22 a 8 5 5 5 5 9 10 66 e e 10 5f
FIXUPS: a2e34 1a 12 64 25 2c 1a 2e 16 83 4b c fffff7af 30 52 e 48 e 12
FIXUPS: a2939 e 3a e 36 c 1a 14 27 e 25 e 22 5 5 5 5 5 d 4a e 3a e 36 1a
FIXUPS: a22e0 3c 1c 1c 38 1c 1c 1c 35 e 77 1f 1c 1c 1c 1c d 51 2b 28 28
FIXUPS: a262a 44 17 1d 15 27 d 42 5c 2e 28 fffff755 10 3d 2a 2f d 4a e
FIXUPS: a204b c 10 30 1d 1a 1a 1a 1a 1a 1a 1a 1a 1a 1a 1a 1a 1a 1a 1a 1a
FIXUPS: a228c 1c 1c fffff68f f 2a 1a 29 23 17 13 13 3f 17 13 19 9 45 29
FIXUPS: a1b4f 27 1c 4e 60 34 d1 21 1c cd 21 1c 20 21 1c 1b fffff48f 1d
FIXUPS: a13c5 10 3e 17 12 130 1f 13 18 10 1c e 1c 4b 15 26 12 5c 2d 2f
FIXUPS: a1794 22 1d 1d 30 9 5d 3f 38 38 fffff620 39 1f 1f 1e 23 1f 25 25
FIXUPS: a109b 25 25 25 25 27 27 27 27 27 16 1a 23 25 1f 22 1d 1d 1d 1d
FIXUPS: a133c 1d 1d fffff556 21 36 18 23 62 26 1d 82 15 1a 1d 15 20 29
FIXUPS: a0b49 11 35 26 10 16 42 2c 1f 15 85 2b 12 189 27 1f 28 fffff125
FIXUPS: a00a6 1b 13 14c e 26 e 2b 1f d 20 f5 1f 23 6a 38 f7 24 24 24 24
FIXUPS: a0642 18 10 22 32 1a 45 21 d5 80 fffff0c2 6f 3b 25 24 36 35 12
FIXUPS: 9fb10 40 2c 24 5b 2f 31 25 27 58 25 27 38 3a 2f 4a 4f 22 27 52
FIXUPS: 9ff5a 64 5f 2e fffff1aa 2c 24 34 2f 31 2c 24 c9 32 51 2c 24 58
FIXUPS: 9f554 1d 2f b4 3b 22 24 36 35 12 4b 6f 3b 22 24 36 35 12 fffff1de
FIXUPS: 9eb05 1d 4f a6 1d 80 58 6b 39 10 4b 2e 22 27 92 22 c 12 12 1c 19
FIXUPS: 9efba 1d 24 2e 2e 2c 24 8a 2f 2f ffffee4b 1d 1d 4a 38 38 d1 5c
FIXUPS: 9e229 10 4b 77 63 22 2b 25 22 5d 96 10f 6c 2e 10 4b 123 69 4f c9
FIXUPS: 9e9e3 10 53 76 ffffea51 37 2c ec 87 5b 42 2b 9d 4a 9e 1b 1b 27
FIXUPS: 9d9b4 89 83 d6 45 f3 3a 32 5e 6d 4f 22 1d 81 3a 1d 36 19 ffffecc5
FIXUPS: 9cd09 13 48 30 4c 1d 2a 79 18 16 48 3e 19 10 73 33 1e 55 16 10
FIXUPS: 9d10c 5 c5 d 16 2a 186 22 20 a9 4e fffff04d 74 e 4d e 75 e 9e e
FIXUPS: 9c751 10 c0 e 74 e 4d e 75 e 9e e 16 10 a1 17 15 15 3c 1c 69 34
FIXUPS: 9cc4b ffffeff8 1b 143 1d 2f 40 20 1b 64 1a 1a 22f 1d 2f 40 20 4a
FIXUPS: 9c26f 4a 16 29 1d 1b 1b 14 11 16 1b 2f b 10 136 ffffedb1 16 110
FIXUPS: 9b41c ae 35 80 13 4a 10 28 28 88 13 34 1a 16 13 16 a 47 1a 16 13
FIXUPS: 9b89c a1 1d 10 203 1d 2f 6a ffffed16 1a 10b 41 1d 27 e 1d8 1f4
FIXUPS: 9aefa 5a 5 5 5 5 53 8 83 45 e 2a e 42 e 29 1b 2e 87 1c 54 c 31
FIXUPS: 99db8 14 2f 3c 4e 21 63 17 17 10 5c7 165 11 16 10 6c 3f 12 29 32
FIXUPS: 9a7d9 13 13 1c 16 d 43 25 19 2e 37 9 ffffee6e 16 2f 22 24 14 27
FIXUPS: 99899 34 1d 16 28 16 27 8c 33 17 2c 16 2f 24 82 af 17 2a 14 2a
FIXUPS: 99ca8 1a 2c 48 21 fffff626 24 14 27 29 18 18 1b 1b 1a 2b 1b 1b
FIXUPS: 99520 14 21 16 26 2a 14 24 16 29 21 36 14 27 16 2c 21 36 14 fffff520
FIXUPS: 98da9 e 1b 52 13 23 76 78 39 13 26 76 78 39 13 29 10 68 1a 22 21
FIXUPS: 99219 e 20 2c 13 4a 18 27 40 1a fffff166 40 20 2e 16 3f 2e e 38
FIXUPS: 98652 2f 1f 1d 1d 29 1d 2b 1f 1a 2e 16 10 4f 1d 23a 1f 32 33 b0
FIXUPS: 98bd9 38 59 fffff14d 2e e 38 2c 20 2e 16 15b 2e e 38 2c 4f 1a 2e
FIXUPS: 98163 b7 2e e 38 2c 20 2e 16 1c 3b e 7e 2e e 46 fffff3ed 1a 25
FIXUPS: 978c2 8c 28 e 2c 23 18 4c 17 25 13 3b 47 28 e 41 25 23 1a 25 13
FIXUPS: 97c6d 2e e 38 2c 20 2e 16 fffff41a 19 9f 1c 17 3d 11 24 19 f4 1c
FIXUPS: 97428 23 8 9 19 17 1b 13 1b2 33 12 32 23 29 3a 32 e 42 28 e 2c
FIXUPS: 965ca 19 17 95 24 26 17 1db 55 55 52 1fd 1c 29 28 142 71 64 31
FIXUPS: 96edc 46 23 29 10f 3f 1c 1d 9 1c 19 17 1a ffffef49 92 3e 31 1d
FIXUPS: 961e7 17 34 9 1c 19 17 3c 9 1c 19 17 3c 9 27 19 93 27 1c 17 1b
FIXUPS: 964c0 19 17 1b 1b 8c fffff6f1 34 9 d 16 17 34 9 3d 19 17 3c 9 1c
FIXUPS: 95e3e 17 34 9 4a 19 17 3c 9 1f 34 9 29 7 16 77 16 1d fffff569 16
FIXUPS: 95638 17 2b 13 49 32 e 68 a4 1f 17 c 52 1d 2a 85 1f 17 c 13 4e
FIXUPS: 95a57 e 185 19 17 34 9 1c 19 fffff1ae 1d 9e 15 17 17 13 13 13 13
FIXUPS: 94f94 3e e 17 2e 13 2c 13 9 10 1c7 25 5b 7d 1e f5 20 22 1a 1e e3
FIXUPS: 955e4 fffff11b 24 21 17 74 b4 4c 46 46 2e 43 9d 4c 46 46 2e 43
FIXUPS: 94be0 34 4e 34 1d 48 1d 1c 19 1b 3b 23 20 26 1a fffff293 17 10
FIXUPS: 9411c 16 23 25 17 10 92 1e 1e 1e 16 22 18 17 21 e 20 2f 13 1eb
FIXUPS: 945c5 20 1d 28 20 1d 1b 2e 13 fffff1c8 2d 1d 5 10a 68 8b 13 1ad
FIXUPS: 93d5d 5 10 33 10 20 20 20 20 20 20 24 24 19 4a 22 1a 2a e 20 2c
FIXUPS: 93ff3 3c ffffebef 5f 5f 5f 61 61 61 61 61 61 61 257 189 8e 17 c9
FIXUPS: 9358d 57 e 45 e 2e e 20 27 e 50 13 9d 2a 22 38 ffffe8af f 1d f
FIXUPS: 921e6 103 19 22 1a 18 3a 18 1b 1d 21 12 143 27 d7 72 1a 63 3b a3
FIXUPS: 92914 27 36 b4 47 95 5f 5f ffffeae7 48 19 91 8c 23 8e 61 6e 25
FIXUPS: 919db 2c 14 d 51 1b d 4e 25 1d 13 10 10a 43 3b 10 53 a6 39 256
FIXUPS: 920d9 19 ffffed2c 39 35 2e 39 4f 13 10 28 d 11 83 35 25 13 94 3d
FIXUPS: 9118f 61 ac 80 80 c4 31 19 92 42 20 23 51 20 57 fffff081 1d 38
FIXUPS: 9077c 15 14 21 a2 1b 5f 5c 43 44 48 31 23 44 41 21 3c 25 21 3c
FIXUPS: 90be6 13 10 a0 28 7e 34 38 35 ffffd02d 1d d2 b8 3d 2f cd 173 9
FIXUPS: 8e285 1d e 9b b0 f9 52 d1 11 8a 16 5 1d08 12 79 c 1e 16 56 9d 39
FIXUPS: 9063c 94 ffffca0c 13 53 cc 69 d1 9b 81 13d 53 4c 12f d9 96 42 33
FIXUPS: 8d9b7 3a 9b e 21 e e2 3b 3f 18 cd 4a 66 8 f 20 ffffe75f 86 5e 78
FIXUPS: 8c6eb 6a 2f 41 75 78 78 50 42 50 5a 66 99 69 27 7d d ca 3a 5 28
FIXUPS: 8cdc0 132 95 78 62 57 9 ffffee49 54 69 28 1d 1b 1e 29 46 1d 2d
FIXUPS: 8c129 1d 45 1d 1b 1e 29 37 1e 20 1f 1b 1e 29 1b 1e 29 36 30 82
FIXUPS: 8c4ab ffffef58 9 1d a 16 18 128 79 20 3f 13 9 13 96 24 2a 21d 40
FIXUPS: 8ba02 c 12a 42 42 16 1d c 13 87 fb 16 27 119 ffffea53 6c b 1d 11c
FIXUPS: 8abcc 39 c3 20f c 28 16 3f 48 bd 61 28 25 e 25 e 13 18 36 26 35
FIXUPS: 8b254 35 6c 25 33 d ffffe8c7 11a 22 b9 88 64 ec a3 b 1d 95 d7 16
FIXUPS: 8a2de b 1d 175 a3 b 1d 133 39 39 39 39 39 39 39 36 36 3e 43 ffffe612
FIXUPS: 88f31 38 2a 46 30 d2 8 23 bd ec 8 28 c3 cb 37 170 16 16 50 64 1d
FIXUPS: 89729 370 1d 24 1b 20 93 20 1d 2c ffffe2be 39 17 19 22 100 ce 42
FIXUPS: 881a9 20 16 b4 13f 51 42 27 159 36 cb 20 16 fe 63 6d 51 e8 107
FIXUPS: 88ba8 22d 43 26 4e ffffe77b 28 4e 69 89 ac 36 46f e e e e 18 e
FIXUPS: 87d2c 18 32 e e e e e e e e 30 1b 8 29 1a c 18 ffffedd9 5f 2f 3a
FIXUPS: 86d6d 2a 2b c 24 19 10c 7c 55 1b 6a 34 31 31 d 7f 4e 34 31 31 d
FIXUPS: 8733c 79 17 56 29 10 160 fffff05b e 1c e b 35 41 2f 1b 14 7e 4e
FIXUPS: 8680c 2a e 1c e 1e e 1c e b 41 2f 1e 20 2e 16 1e 177 1a ee fffff448
FIXUPS: 860f6 21 1a 4e 1a 4e 16 86 1b 1d 1d 66 1b 1d 1d 31 34 16 53 1d
FIXUPS: 8649d 16 29 16 16 43 19 5c e 1c e fffff57d e 48 e 20 e 5 4a 27
FIXUPS: 85cd2 30 1e 83 32 11 3d 1f 23 23 23 29 1f 23 2b 16 3c 25 1c 10
FIXUPS: 86067 17 18 fffff57c e 48 1b f 34 57 6c 2c 12 47 57 4a 22 3b 22
FIXUPS: 85967 25 25 21 e 1c e b 59 e 21 e 21 e 5f e fffff688 42 24 2d 34
FIXUPS: 852ae 10 17 17 f 74 e 1c e b 59 e 21 e 21 e 21 e 51 21 18 22 11
FIXUPS: 8558e e 48 e fffff75a 17 41 1a 1e 3d 2c f 6f 23 26 e 26 e 21 15
FIXUPS: 84f94 1a 4f 31 10 18 1a 1a 21 e 1e e f 6f 36 1c fffff575 e 11 e
FIXUPS: 84765 13 e 13 e 13 44 15 48 1e 13 a 18 175 51 59 f 3b 4f 38 38
FIXUPS: 84c0e 29 3b d 8c 1c 15 fffff578 20 92 e 20 e 48 f3 20 13 2c 25
FIXUPS: 8459c 20 16 20 50 e e e e e e e e e 10 e 11 e e e fffff720 18 65
FIXUPS: 83ec4 8 17 22 e 5b 21 20 e e 11 60 21 20 e e 11 60 39 2a 28 e e
FIXUPS: 841d9 3d 13 13 13 45 fffff471 51 3b 38 2f 3dc e e e e 10 8 f 10
FIXUPS: 83c51 e e e e e 8 f 1a e 2b 77 58 e 8 f 1a e fffff0b7 39 220 49
FIXUPS: 831bc 195 142 e e e e e e e e e e e e e e e e 8 f 10 e 10 15 13
FIXUPS: 835ea 18 ffffec10 26 e 26 e 26 e 18 10 1a 31 24 20 22 18 21 12
FIXUPS: 825d7 31 16 79 45 22 12 1b 14 30 3a 23 5a4 10d 47 ffffee2b 39 18
FIXUPS: 81d50 63 3d 25 22 36 43 21 2e c 28 1a 23 24 53 1e 1a 1d 38 e 2c
FIXUPS: 820bc 15 85 2b 1d 32 e 26 fffff2e9 10 23 15 10 86 20 22 10b 31
FIXUPS: 817a2 5b 1f 32 e 1d 29 c2 35 d1 35 66 1c 24 26 4c 39 18 10 3c 46
FIXUPS: 81cc1 fffff133 34 ad 50 1d 19 29 1d 26 2e 42 48 50 26 2e 42 2e
FIXUPS: 811ab 2e 26 15 26 21 78 47 6d 1e 58 1e 59 32 32 fffff419 1c e 1c
FIXUPS: 80945 1c e 1c e 1c e 3b 2a e 1c e 1a 1c 1c e 1c e 1c e 13 a0 d5
FIXUPS: 80cec 26 2e 7a 1d fffff796 e 26 e 26 e 26 e 26 21 23 24 28 1c 3e
FIXUPS: 80743 e 26 42 2e e 1c e 1c e 1c e 1c e 1c e 1c fffff62e 21 17 f
FIXUPS: 7ff79 70 85 1f 23 4b 1a 10 1a 59 70 72 26 1d 2f 17 b e 15 d0 63
FIXUPS: 80487 24 24 28 1c 26 e fffff3eb e 29 15 52 52 18 26 10 4f ac 5c
FIXUPS: 7fbe5 19 18 15 55 60 18 26 10 75 24 26 15 10 1a 46 28 18 10 2b
FIXUPS: 7f3a0 10 19 3a 3f 65 26 1d 28 21 1c 1b 15 51 60 18 26 10 51 33
FIXUPS: 7f710 5b 1d 2e 33 39 28 28 2a 25 25 10 fffff52f 49 1a 22 10 8a
FIXUPS: 7ef68 1d 23 21 18 10 1a 83 15 17 1f 15 4d 28 31 15 21 49 26 1d
FIXUPS: 7f287 25 15 4f 52 18 fffff16a 31 31 31 31 31 56 1b 55 1b 25 26
FIXUPS: 7e7d0 1a 10 2c5 5e 40 5e 5 72 5e 28 34 d 63 15 10 41 17 1a 23 ffffef6b
FIXUPS: 7dd98 18 d 47 65 19 17 f 1d f 65 25 66 2e 10 11b 1a c 3b 4b 15
FIXUPS: 7e1f7 76 122 1b 55 1b 2b 33 15 29 fffff046 13 3f 3a 31 16 13 152
FIXUPS: 7d7ed 8e 6e 7e 46 17 17 13 3f 34 2e 16 13 43 d 4e 69 34 31 24 1b
FIXUPS: 7dcb3 d 9c ffffee2b 86 f f 27 3d f f f f f f f bb f f f 3b f f
FIXUPS: 7ce48 f 12 2f 46 2a9 15 200 6e 7e 46 17 fffff0ee f f f f 1f 19
FIXUPS: 7c65c f f e8 8e 6e 7e 46 17 17 13 3f 35 2e 2e 16 13 44 12 2f 18
FIXUPS: 7cb33 f f f ffffeeae 114 6e 7e 46 17 17 13 3f 40 2e 16 13 1d2 8c
FIXUPS: 7c250 6e 7e 46 17 17 13 3f 68 2e 2e 16 13 90 15 21 f ffffeb2d 1b
FIXUPS: 7b118 20 22 1d 1b 16 5c 264 6e 7e 46 17 17 13 3f 40 2e 16 13 114
FIXUPS: 7b833 7e 46 17 17 13 3f 40 2e 16 ffffea8b f 124 72 23 bf 60 f2
FIXUPS: 7a8b7 321 74 45 1b 45 1b 45 1b 45 1b 45 1b 45 1b 45 1b 45 1b 45
FIXUPS: 7afa9 45 1f 99 ffffe712 28 42 28 42 28 42 28 42 28 42 28 42 28
FIXUPS: 79a9e 28 42 28 42 2fe 1f 1f 1f ad 116 b 10 68 23 10 2ce 3c ffffe9d4
FIXUPS: 78e47 4d 42 25 42 1f 23 1a 23 2a 1d 1d 10b 39 8d ae 9c da 10 51
FIXUPS: 794c9 45 36 97 5d 42 28 42 28 42 28 fffff037 37 28 37 28 37 28
FIXUPS: 78901 28 37 28 37 28 37 18 10 58 10 4f 5b 4d 16 1e 6e 43 2b 1b
FIXUPS: 78cea 1f 21 3a 2f fffff3fb 21 3a 16 50 26 39 25 26 39 2e 29 29
FIXUPS: 783e9 29 49 37 39 29 2f 50 37 28 37 28 37 28 37 28 37 28 37 4dd9c
FIXUPS: c655b 1f 2a 1a 8b 1d 1d 1d 22 2f 1d 15 35 9b 5d 9e 1a 18 6c 12
FIXUPS: 77fb6 13 1e d 43 70 2a 2c 1b 3d 1a 4d8ed 1f 82 50 29 1d 9c 5a 31
FIXUPS: c5cea 1d 1a0 4e 31 3e 1d a8 50 29 1d 1d9 3a 1d 63 1f 12 1f 12 bf
FIXUPS: c64ab 1f 38 ffffefd7 1f 11 1f 11 1f 11 1f 13 1f 13 1f 13 1f 13
FIXUPS: c5650 13 1f 36 1f 91 36 36 36 36 6f 6f 6f 4f 1d 12 1d fffff495
FIXUPS: c4ed1 14 34 4d 1e 30 10a 38 69 1f 9 1f 1f 1f 9 1f 22 1f 21 1f f1
FIXUPS: c5398 1d 62 1f 13 1f 11 1f 11 1f fffff180 85 4b 1d c 5f cc c 36
FIXUPS: c49b3 3a 85 cd 10 113 1e 1e 1e 1e 15 1e 4a 43 18 1b 18 1b 14 14
FIXUPS: c4e55 1d 27 fffff12f c1 76 43 24 2d d 4b e 20 27 e 25 13 42 31
FIXUPS: c433c d 73 2e 4e 9 20 18 d1 9 10 45 9 24 c 3f ffffec08 2c 1d c
FIXUPS: c32a4 17 73 51 33 d4 9 24 10 f6 27 1c 1e9 8f 9c 3a 40 24 d 11b
FIXUPS: c3b97 10e 59 e7 60 1a 24 d ffffe9f2 21 2a 7b 1c 3b 15 c 44 143
FIXUPS: c2b67 17 79 26 68 21 21 1e 7d 13 d 6d 16 13 19 20 d 40 1a c5 13
FIXUPS: c2f9d fffff31f 16 21 16 35 1b 92 42 16 28 3c 1d 28 3b 89 1d 64
FIXUPS: c264e 22 1d 5f 1d 1d 27 1d 34 1d 1d 34 1d 1d 1b fffff472 12 13
FIXUPS: c1d34 1d 26 1d 1d 23 d d 95 1a 10 3f c 72 75 26 17 f 1d f 40 a9
FIXUPS: c2157 65 20 4f 16 35 16 fffff05a 48 48 66 3b4 40 11 2f 14 14 61
FIXUPS: c18cd 27 1d 1a 188 2c 1e 10 36 16 10 d 31 16 10 d 4c 12 27 12 20
FIXUPS: c0732 3c 20 29 d a5 17 19 17 4c e 13 e1 1d 55 15 15 e 2a d 19 194
FIXUPS: c0cf2 e4 48 66 e2 48 48 66 119 8c 636f 13 2c 19 16 16 16 22 22
FIXUPS: c7673 51 14 12 ffff8ddd 3b 43 15 1e 1f 12 3d 1a 1e 15 15 f 13 10
FIXUPS: c06b7 25 20 29 6907 43 20 1a 1e 33 16 11 21 17 21 17 21 1c 30 37
FIXUPS: c7251 19 19 56 39 39 1b 20 1d 4d 5d 99 1e 30 16 13 fffff6ee 29
FIXUPS: c6c91 29 1d 1b 28 1a 3e f 1d 28 2f 1e 19 13 10 28 1d 1b 1d 1b 1d
FIXUPS: c6f1f 1b 1b 2c 16 37 18 1f 16 ac59 28 b 1d 16 5 10 ffff5a31 4f
FIXUPS: c7794 2f 10 238 192 10e ca ffffec89 2e 1d 47 25 3b f 2e 1e 1d 1d
FIXUPS: c6ba2 1d 29 1d 29 aa63 2a 2d 33 33 33 33 52 17 17 17 17 17 1a 1a
FIXUPS: d18c7 1a 1a 38 33 33 33 33 33 36 36 36 36 36 31 60 6e fffff46f
FIXUPS: d1131 66 70 5b 2e 37 81 1d 25 10 3b 24 13 16 28 10 11 16 11 11
FIXUPS: d14b4 13 95 e 1c e 2b 2a 2a 2a 2a fffff435 11 13 13 13 15 26 13
FIXUPS: d0b45 11 33 14 33 14 20 23 14 20 23 14 37 34 1d 2b 14 24 3a 19
FIXUPS: d0dff 14 29 1d6 fffff475 a5 34 28 23 14 62 19 36 a 17 3c 11 57
FIXUPS: d0746 17 47 13 d6 11 17 39 6d 10 1a 13 17 91 1b e 11 11 fffff204
FIXUPS: cfcb2 1f 62 6f 28 23 24 54 a1 16 7a 1d 20 98 c c 8e 23 87 92 23
FIXUPS: d0319 38 38 35 19 19 19 19 23 23 fffff18c 16 12 16 5 10 31 7c 7b
FIXUPS: cf7ab 79 7b 3c 30 10 11 13 39 a 26 14 11 1c e 17 27 53 6c 21 47
FIXUPS: cfbb5 91 fffff467 17 13 14 5a 14 39 14 39 14 39 14 1e 12 13 11
FIXUPS: cf2aa 11 13 12a 11 11 53 c 10 17 13 13 5b 6f 31 28 fffff38c 33
FIXUPS: ce9bc 33 14 33 14 33 14 33 14 11 11 38 14 33 14 3e 17 13 11 3b
FIXUPS: cec7b 17 1d 306 2b 14 2b 14 28 17 fffff41c 33 14 33 14 33 14 33
FIXUPS: ce5aa 33 14 33 14 84 2e 14 2e 14 69 1d 18 10 21 17 27 16 3d 33
FIXUPS: ce8e7 33 14 33 fffff685 14 3e 14 87 32 14 33 14 61 1d 18 10 21
FIXUPS: ce23e 11 16 16 35 33 14 33 14 33 14 33 14 33 14 33 14 11 fffff644
FIXUPS: cdad0 17 11 16 11 16 2b 38 14 33 14 60 8c 3d 14 3f 14 3e 14 44
FIXUPS: cde2d 37 14 36 14 3e 14 3e 14 3e 14 fffff544 14 41 14 2e 14 41
FIXUPS: cd5fc 2e 14 41 14 7d e4 4f 16 2e 14 2e 14 2e 14 11 34 18 32 14
FIXUPS: cd9f5 14 61 1d 18 fffff571 2e 14 41 14 2e 14 41 14 2e 14 41 14
FIXUPS: cd203 14 41 14 41 14 16 29 29 29 36 2e 14 3e 14 49 14 41 14 fffff67e
FIXUPS: ccb60 41 14 2e 14 41 14 16 29 29 29 29 29 29 29 36 2e 14 3e 14
FIXUPS: cce79 14 41 14 2e 14 41 14 2e 14 41 fffff5f5 18 10 21 17 11 43
FIXUPS: cc712 2b 29 29 36 2e 14 3e 14 55 3b 41 14 2e 14 41 14 2e 14 41
FIXUPS: cca6c 2e 14 41 14 fffff582 17 11 43 16 16 37 38 14 33 14 11 56
FIXUPS: cc296 14 3e 14 3e 14 3e 14 3e 14 3f 14 69 46 2e 14 2e 14 5c fffff51b
FIXUPS: cbb0c 18 10 21 17 11 99 4b 14 4b 14 e3 4f 16 2e 14 2e 14 2e 14
FIXUPS: cbef3 34 18 2e 14 2e 14 5c 1d 18 10 fffff4eb 44 14 45 14 8a 1d
FIXUPS: cb6c2 10 21 17 11 16 11 16 81 33 14 11 4e 13 3c 14 3c 14 2e 14
FIXUPS: cba0f 2e 14 2e 14 fffff59f c 30 c 2b 14 2e 14 2e 14 3b 14 3b 14
FIXUPS: cb216 14 3b 14 3b 14 3b 14 41 14 7a a6 16 2e 14 2e 14 11 fffff5db
FIXUPS: cab4a 14 33 14 68 49 14 68 2e 14 11 3c 14 3d 14 76 1d 1b 10 21
FIXUPS: caebc 11 11 16 23 33 14 38 14 11 47 fffff4fc 14 4b 14 14 6e 56
FIXUPS: ca65d 57 14 b0 1d 1b 10 21 17 5d 23 b5 2e 14 2e 14 73 1d 1b 10
FIXUPS: caa8d 17 27 16 16 fffff3fe ae 1d 1b 10 21 17 11 16 5b 2e 14 58
FIXUPS: ca153 4b 14 6e 3b 14 14 15 16 113 14 52 15 12 15 12 15 12 15 fffff405
FIXUPS: c98ca 3c 14 6b c 42 c 2e 14 2e 14 5d 14 4b 14 4b 14 4b 14 8c dc
FIXUPS: c9d6f 2e 14 2e 14 11 18 58 14 59 fffff497 33 14 38 14 33 14 8d
FIXUPS: c94fc 36 1e 23 33 14 31 14 11 11 38 14 38 14 33 14 78 17 3c 14
FIXUPS: c981b 14 37 14 fffff743 14 30 14 31 14 13 2c 58 11 11 11 11 a 26
FIXUPS: c9179 11 11 11 33 14 33 14 33 14 33 14 33 14 33 14 11 fffff79f
FIXUPS: c8b1a 19 2e 14 19 2e 14 19 2e 14 2a 1d 2b 14 50 14 14 58 1d 2b
FIXUPS: c8ddd 30 14 31 14 5e 14 31 14 58 1d fffff5b7 13 2b 14 7d 2e 10
FIXUPS: c866d 9e 36 33 1d 2b 14 2e 14 19 2e 14 19 2e 14 14 110 14 18 2e
FIXUPS: c8a5a 23 2e 14 19 fffff3a1 b8 22 93 46 1d 36 14 18 c4 14 27 14
FIXUPS: c81e2 14 24 14 16e 1a 28 14 1e 17 2b 14 2b 14 13 2b 14 13 2b
