 TSReaderLite

 Timestamp is 47a0f6f2 (Wed Jan 30 17:15:14 2008)

 Preferred load address is 00400000

 Start         Length     Name                   Class
 0001:00000000 00096de6H .text                   CODE
 0002:00000000 0000ee8cH .rdata                  DATA
 0002:0000ee8c 00000000H .edata                  DATA
 0003:00000000 00000004H .CRT$XCA                DATA
 0003:00000004 00000004H .CRT$XCZ                DATA
 0003:00000008 00000004H .CRT$XIA                DATA
 0003:0000000c 00000008H .CRT$XIC                DATA
 0003:00000014 00000004H .CRT$XIZ                DATA
 0003:00000018 00000004H .CRT$XPA                DATA
 0003:0000001c 00000004H .CRT$XPX                DATA
 0003:00000020 00000004H .CRT$XPZ                DATA
 0003:00000024 00000004H .CRT$XTA                DATA
 0003:00000028 00000004H .CRT$XTZ                DATA
 0003:00000030 0002595cH .data                   DATA
 0003:00025990 0035e484H .bss                    DATA
 0004:00000000 000000f0H .idata$2                DATA
 0004:000000f0 00000028H .idata$3                DATA
 0004:00000118 000004c4H .idata$4                DATA
 0004:000005dc 000004c4H .idata$5                DATA
 0004:00000aa0 0000123eH .idata$6                DATA
 0005:00000000 00002b48H .rsrc$01                DATA
 0005:00002b50 0001a850H .rsrc$02                DATA

  Address         Publics by Value              Rva+Base     Lib:Object

 0001:00000000       _ATSCHuffmanDecode         00401000 f   ATSC_huffman.obj
 0001:00000220       _WriteFileAndUpdateCounters 00401220 f   bcdmux.obj
 0001:000002d0       _set_buf                   004012d0 f   bcdmux.obj
 0001:00000390       _buf_size                  00401390 f   bcdmux.obj
 0001:000003c0       _set_bits                  004013c0 f   bcdmux.obj
 0001:00000500       _get_bits                  00401500 f   bcdmux.obj
 0001:00000680       _get_bit_pos               00401680 f   bcdmux.obj
 0001:000006b0       _get_byte_pos              004016b0 f   bcdmux.obj
 0001:000006e0       _set_bit_pos               004016e0 f   bcdmux.obj
 0001:00000780       _bs_init                   00401780 f   CCDecoder.obj
 0001:000007d0       _bs_byte_aligned           004017d0 f   CCDecoder.obj
 0001:00000810       _bs_eof                    00401810 f   CCDecoder.obj
 0001:00000840       _bs_read_u1                00401840 f   CCDecoder.obj
 0001:000008d0       _bs_read_u                 004018d0 f   CCDecoder.obj
 0001:00000940       _bs_read_f                 00401940 f   CCDecoder.obj
 0001:00000980       _bs_read_u8                00401980 f   CCDecoder.obj
 0001:000009c0       _bs_read_ue                004019c0 f   CCDecoder.obj
 0001:00000a60       _bs_read_se                00401a60 f   CCDecoder.obj
 0001:00000ad0       _read_scaling_list         00401ad0 f   CCDecoder.obj
 0001:00000bb0       _read_hrd_parameters       00401bb0 f   CCDecoder.obj
 0001:00000cf0       _read_vui_parameters       00401cf0 f   CCDecoder.obj
 0001:00001080       _CheckCommonGraphMessages  00402080 f   charting.obj
 0001:00001410       _Charting__UpdateQuickStyle 00402410 f   charting.obj
 0001:00001490       _SetupPIEGraphData         00402490 f   charting.obj
 0001:00001690       _SetupChartSubtitle        00402690 f   charting.obj
 0001:00001760       _PIDPieChartWindowProc@16  00402760 f   charting.obj
 0001:00001c00       _AddVideoRateData          00402c00 f   charting.obj
 0001:00002000       _VideoBitrateChartWindowProc@16 00403000 f   charting.obj
 0001:000029c0       _AddMuxRateData            004039c0 f   charting.obj
 0001:00002e20       _MuxrateChartWindowProc@16 00403e20 f   charting.obj
 0001:00003580       _SetupActivePIDData        00404580 f   charting.obj
 0001:00003980       _ActivePIDsChartWindowProc@16 00404980 f   charting.obj
 0001:00003e80       _GenerateCAPMT             00404e80 f   CI-CAM.obj
 0001:000043b0       _GetCIInfo                 004053b0 f   CI-CAM.obj
 0001:000043e0       _DeEscapeCIString          004053e0 f   CI-CAM.obj
 0001:00004480       _UpdateCIMenu              00405480 f   CI-CAM.obj
 0001:00004690       _GetMMIAnswer              00405690 f   CI-CAM.obj
 0001:000047b0       _CIInit                    004057b0 f   CI-CAM.obj
 0001:00004a40       _EntryNextCI               00405a40 f   CI-CAM.obj
 0001:00004ba0       _ReturnPrevCI              00405ba0 f   CI-CAM.obj
 0001:00004c90       _ListViewSubclassProc@16   00405c90 f   CI-CAM.obj
 0001:00004d60       _CAMMenuDlgProc@16         00405d60 f   CI-CAM.obj
 0001:000051a0       _GetHufByte                004061a0 f   dn_huffman.obj
 0001:000052f0       _GetRLEByte                004062f0 f   dn_huffman.obj
 0001:00005430       _HufDecmpKernel            00406430 f   dn_huffman.obj
 0001:00005530       _DcpString                 00406530 f   dn_huffman.obj
 0001:000056b0       _GetEITOffset              004066b0 f   EPGGrid.obj
 0001:00005770       _GetMaxEITChannels         00406770 f   EPGGrid.obj
 0001:00005820       _SetupVerticalScrollMax    00406820 f   EPGGrid.obj
 0001:000058b0       _IsRecordingScheduled      004068b0 f   EPGGrid.obj
 0001:000058e0       _DrawEPGScheduledIcon      004068e0 f   EPGGrid.obj
 0001:00005970       _EPGPaint                  00406970 f   EPGGrid.obj
 0001:00008970       _UpdateHorizontalScroll    00409970 f   EPGGrid.obj
 0001:00008a30       _UpdateVerticalScroll      00409a30 f   EPGGrid.obj
 0001:00008aa0       _SetupGridFonts            00409aa0 f   EPGGrid.obj
 0001:00008ce0       _SetupHorizontalScrollRange 00409ce0 f   EPGGrid.obj
 0001:00008d60       _SetEPGOffsetNearChannel   00409d60 f   EPGGrid.obj
 0001:00008ec0       _EPGridWndProc@16          00409ec0 f   EPGGrid.obj
 0001:0000a520       _DecodeDVBLeakRate         0040b520 f   formatter.obj
 0001:0000a810       _FormatDVBSCodeRate        0040b810 f   formatter.obj
 0001:0000a9d0       _FormatDVBTCodeRate        0040b9d0 f   formatter.obj
 0001:0000aad0       _FormatDVBTGuardInterval   0040bad0 f   formatter.obj
 0001:0000ab90       _FormatDVBTTransmissionMode 0040bb90 f   formatter.obj
 0001:0000ac40       _FormatPolarity            0040bc40 f   formatter.obj
 0001:0000ad80       _FormatDVBSModulation      0040bd80 f   formatter.obj
 0001:0000af30       _DecodeStreamType          0040bf30 f   formatter.obj
 0001:0000b640       _DecodeServiceType         0040c640 f   formatter.obj
 0001:0000ba00       _DecodePrivateDataSpecifierDescriptor 0040ca00 f   formatter.obj
 0001:0000bf80       _FormatDVBCModulation      0040cf80 f   formatter.obj
 0001:0000c0a0       _FormatDVBCOuterFEC        0040d0a0 f   formatter.obj
 0001:0000c150       _FormatDVBCInnerFEC        0040d150 f   formatter.obj
 0001:0000c2b0       _FormatDVBTBandwidth       0040d2b0 f   formatter.obj
 0001:0000c370       _FormatDVBTConstellation   0040d370 f   formatter.obj
 0001:0000c420       _FormatDVBTHierarchyInformation 0040d420 f   formatter.obj
 0001:0000c580       _DecodeDescriptorNames     0040d580 f   formatter.obj
 0001:0000d710       _FormatCASystemName        0040e710 f   formatter.obj
 0001:0000e100       _DecodeDTSAudioDescriptor  0040f100 f   formatter.obj
 0001:0000e5d0       _DecodeVBIDataServiceDescription 0040f5d0 f   formatter.obj
 0001:0000e720       _QuickFormatNIT            0040f720 f   formatter.obj
 0001:0000ea80       _DecodeCADescriptor        0040fa80 f   formatter.obj
 0001:0000eb90       _DecodeComponentAndStreamContent 0040fb90 f   formatter.obj
 0001:0000f150       _DecodeComponentDescriptor 00410150 f   formatter.obj
 0001:0000f2d0       _DecodeContentNibbles      004102d0 f   formatter.obj
 0001:0000fa70       _DecodeContentDescriptor   00410a70 f   formatter.obj
 0001:0000fbb0       _DecodeParentalRatingDescriptor 00410bb0 f   formatter.obj
 0001:0000fd50       _DecodeMultilingualComponentDescriptor 00410d50 f   formatter.obj
 0001:0000feb0       _DecodeATSCAC3Descriptor   00410eb0 f   formatter.obj
 0001:0000ff00       _DecodeATSCContentAdvisoryDescriptor 00410f00 f   formatter.obj
 0001:00010240       _DecodeATSCCaptionServceDescriptor 00411240 f   formatter.obj
 0001:00010490       _FormatDefaultEITDescriptor 00411490 f   formatter.obj
 0001:00010620       _DecodeAncilliaryDataDescriptor 00411620 f   formatter.obj
 0001:00010760       _DecodeAnnouncementSupportDescriptor 00411760 f   formatter.obj
 0001:00010c70       _DecodeMosaicCellCount     00411c70 f   formatter.obj
 0001:00010d10       _DecodeFrameRate           00411d10 f   formatter.obj
 0001:00010e90       _DecodeMPEG2Descriptor     00411e90 f   formatter.obj
 0001:00016e80       _FormatATSCModulationMode  00417e80 f   formatter.obj
 0001:00017070       _DecodeFEC                 00418070 f   formatter.obj
 0001:00017220       _GetTableDescription       00418220 f   formatter.obj
 0001:00017740       _FormatNITEntry            00418740 f   formatter.obj
 0001:00018020       _SortEITCompare            00419020 f   formatter.obj
 0001:000180c0       _FormatEITEntry            004190c0 f   formatter.obj
 0001:000197c0       _FormatCAT                 0041a7c0 f   formatter.obj
 0001:00019940       _FormatCVCT                0041a940 f   formatter.obj
 0001:0001a020       _FormatBAT                 0041b020 f   formatter.obj
 0001:0001a460       _FormatMGT                 0041b460 f   formatter.obj
 0001:0001aaa0       _FormatSITEntry            0041baa0 f   formatter.obj
 0001:0001ace0       _FormatRRTEntry            0041bce0 f   formatter.obj
 0001:0001af20       _FormatCDTEntry            0041bf20 f   formatter.obj
 0001:0001b0b0       _FormatDVBTOT              0041c0b0 f   formatter.obj
 0001:0001b200       _FormatTDTEntry            0041c200 f   formatter.obj
 0001:0001b8c0       _FormatMMTEntry            0041c8c0 f   formatter.obj
 0001:0001be80       _FormatPMTEntry            0041ce80 f   formatter.obj
 0001:0001c380       _GetMPEG2VideoAspectRation 0041d380 f   formatter.obj
 0001:0001c480       _GetMPEG2FrameRate         0041d480 f   formatter.obj
 0001:0001c600       _GetMPEG2ChromaFormat      0041d600 f   formatter.obj
 0001:0001c6c0       _GetAFDFormat              0041d6c0 f   formatter.obj
 0001:0001c870       _FormatMPEGVideoParse      0041d870 f   formatter.obj
 0001:0001cb10       _GetMPEGAudioMode          0041db10 f   formatter.obj
 0001:0001cbd0       _GetMPEGAudioSamplingFrequency 0041dbd0 f   formatter.obj
 0001:0001cc80       _FormatMPEGAudioParse      0041dc80 f   formatter.obj
 0001:0001cdc0       _GetAC3fscod               0041ddc0 f   formatter.obj
 0001:0001ce70       _GetAC3bsmod               0041de70 f   formatter.obj
 0001:0001d000       _GetAC3acmod               0041e000 f   formatter.obj
 0001:0001d140       _FormatAC3Parse            0041e140 f   formatter.obj
 0001:0001d290       _FormatESEntry             0041e290 f   formatter.obj
 0001:0001d7a0       _GetTSIDName               0041e7a0 f   formatter.obj
 0001:0001d860       _FormatSDTEntry            0041e860 f   formatter.obj
 0001:0001e010       _FormatPAT                 0041f010 f   formatter.obj
 0001:0001e580       _Write_Log                 0041f580 f   MDInterface.obj
 0001:0001e620       _MD__Shutdown              0041f620 f   MDInterface.obj
 0001:0001e6b0       _MD__Unload_External_Dll   0041f6b0 f   MDInterface.obj
 0001:0001e980       _MD__Send_External_DLL_Menu_Cmd 0041f980 f   MDInterface.obj
 0001:0001ea00       _MD__Load_External_Dll     0041fa00 f   MDInterface.obj
 0001:0001f230       _MD__StartPluginsRunning   00420230 f   MDInterface.obj
 0001:0001f4e0       _MD__StartFilter           004204e0 f   MDInterface.obj
 0001:0001f660       _MD__StopFilter            00420660 f   MDInterface.obj
 0001:0001f740       _MD__ExternCommandDispatch 00420740 f   MDInterface.obj
 0001:000202b0       _MD__ChannelChange         004212b0 f   MDInterface.obj
 0001:000204c0       _PotentiallyDecrypt        004214c0 f   MDInterface.obj
 0001:000205e0       _FFDecrypt                 004215e0 f   MDInterface.obj
 0001:00020700       _NullKey                   00421700 f   MDInterface.obj
 0001:00020760       _MD__DataToFilters         00421760 f   MDInterface.obj
 0001:00020cd0       _MD__IPDataToFilters       00421cd0 f   MDInterface.obj
 0001:00020d50       _save_ppm                  00421d50 f   MPEG2Decoder.obj
 0001:00020e30       _MPEG2DecoderThread@4      00421e30 f   MPEG2Decoder.obj
 0001:00021640       _ParseATSCCETT             00422640 f   parser.obj
 0001:000218b0       _ParseATSCEITPacket        004228b0 f   parser.obj
 0001:00022310       _ParseATSCETTPacket        00423310 f   parser.obj
 0001:000226e0       _ParseDVBEITPacket         004236e0 f   parser.obj
 0001:00023950       _ParseDVBBAT               00424950 f   parser.obj
 0001:00023fb0       _ParseDVBSDTPacket         00424fb0 f   parser.obj
 0001:000247d0       _ParseDCIIPMTTypeThing     004257d0 f   parser.obj
 0001:00024df0       _ParseDCIIProgramNameMessage 00425df0 f   parser.obj
 0001:00024fc0       _ParsePMTPacket            00425fc0 f   parser.obj
 0001:00025a10       _ParseIPPacket             00426a10 f   parser.obj
 0001:000262c0       _ParsePATPacket            004272c0 f   parser.obj
 0001:000266a0       _ParsePSIPPacket           004276a0 f   parser.obj
 0001:000282b0       _ParseCATPacket            004292b0 f   parser.obj
 0001:000284f0       _ParseDCIINetworkPacket    004294f0 f   parser.obj
 0001:00029760       _ParseDVBRSTPacket         0042a760 f   parser.obj
 0001:000298b0       _ParseISDBBITPacket        0042a8b0 f   parser.obj
 0001:00029d00       _ParseDVBTDTPacket         0042ad00 f   parser.obj
 0001:0002a160       _ParseDVBNITPacket         0042b160 f   parser.obj
 0001:0002b020       _ParseDCIIECMPacket        0042c020 f   parser.obj
 0001:0002b350       _QuickParseUserData        0042c350 f   parser.obj
 0001:0002b7b0       _ParseDVBINTPacket         0042c7b0 f   parser.obj
 0001:0002b920       _SendIACEmulatorName       0042c920 f   RokuTelnetInterface.obj
 0001:0002ba40       _AnswerIAC                 0042ca40 f   RokuTelnetInterface.obj
 0001:0002bfd0       _ReadTelnetByte            0042cfd0 f   RokuTelnetInterface.obj
 0001:0002c150       _SendTelnetString          0042d150 f   RokuTelnetInterface.obj
 0001:0002c210       _RokuTraceDlgProc@16       0042d210 f   RokuTelnetInterface.obj
 0001:0002c360       _RokuTraceWindowThread@4   0042d360 f   RokuTelnetInterface.obj
 0001:0002c450       _AddTrace                  0042d450 f   RokuTelnetInterface.obj
 0001:0002c570       _RokuTelnetControlThread@4 0042d570 f   RokuTelnetInterface.obj
 0001:0002cc30       _StartIncomingTSDataThread 0042dc30 f   TSReader.obj
 0001:0002cd00       _SaveSettings_New          0042dd00 f   TSReader.obj
 0001:0002ce20       _SaveSettings              0042de20 f   TSReader.obj
 0001:0002d6b0       _myRegQueryDWORDValue      0042e6b0 f   TSReader.obj
 0001:0002d720       _LoadSettings_New          0042e720 f   TSReader.obj
 0001:0002d850       _LoadSettings              0042e850 f   TSReader.obj
 0001:0002ea70       _GetTSRVersion             0042fa70 f   TSReader.obj
 0001:0002eb00       _LiteMonitorThread@4       0042fb00 f   TSReader.obj
 0001:0002eb90       _FormatTooltipPID          0042fb90 f   TSReader.obj
 0001:0002ebf0       _ContainsRC                0042fbf0 f   TSReader.obj
 0001:0002ecb0       _GetNextESPID              0042fcb0 f   TSReader.obj
 0001:0002f8b0       _DecodeMPEG2Video          004308b0 f   TSReader.obj
 0001:00030030       _DecodeAC3AudioHeader      00431030 f   TSReader.obj
 0001:00030300       _DecodeTeletextVBIHeader   00431300 f   TSReader.obj
 0001:00030b40       _DecodeMPEGAudioHeader     00431b40 f   TSReader.obj
 0001:00030da0       _AutoRecordPIDs            00431da0 f   TSReader.obj
 0001:00030dc0       _AutoRecord                00431dc0 f   TSReader.obj
 0001:00030de0       _SortPMTCompareFunction    00431de0 f   TSReader.obj
 0001:00030e40       _AddNumberFormat           00431e40 f   TSReader.obj
 0001:00030ee0       _GetCurrentEITEvent        00431ee0 f   TSReader.obj
 0001:00031180       _GenerateSplitFilename     00432180 f   TSReader.obj
 0001:00031940       _UpdateSDTContinuity       00432940 f   TSReader.obj
 0001:000319c0       _UpdatePATContinuity       004329c0 f   TSReader.obj
 0001:00031a40       _UpdatePMTContinuity       00432a40 f   TSReader.obj
 0001:00031b20       _WritePATandPMTandSDT      00432b20 f   TSReader.obj
 0001:00031dc0       _PSWarningDlgProc@16       00432dc0 f   TSReader.obj
 0001:00031ee0       _UpdateFilenameFormatPreview 00432ee0 f   TSReader.obj
 0001:00031f80       _FileNameFormatDlgProc@16  00432f80 f   TSReader.obj
 0001:000321b0       _LoadPIDList               004331b0 f   TSReader.obj
 0001:00032380       _LoadPIDListDialog         00433380 f   TSReader.obj
 0001:00032470       _SavePIDList               00433470 f   TSReader.obj
 0001:00032640       _SavePIDListDialog         00433640 f   TSReader.obj
 0001:00032740       _RecordDlgProc@16          00433740 f   TSReader.obj
 0001:00034370       _VerifySelectedProgram     00435370 f   TSReader.obj
 0001:000343f0       _BuildTSSection            004353f0 f   TSReader.obj
 0001:000345a0       _GetECMPID                 004355a0 f   TSReader.obj
 0001:00034940       _SetupCAESInfo             00435940 f   TSReader.obj
 0001:00034ca0       _SetupPriorToProgramRecording 00435ca0 f   TSReader.obj
 0001:00036690       _EnableDisableVLCMenuItems 00437690 f   TSReader.obj
 0001:00036700       _EnableOrDisableStreamMenuItems 00437700 f   TSReader.obj
 0001:000368a0       _VLCConnectionDlgProc@16   004378a0 f   TSReader.obj
 0001:00036a00       _LaunchVLCThread@4         00437a00 f   TSReader.obj
 0001:00036a70       _EITLanguageSettingsDlgProc@16 00437a70 f   TSReader.obj
 0001:00036d10       _StradisSettingsDlgProc@16 00437d10 f   TSReader.obj
 0001:00036f20       _StreamDecoder             00437f20 f   TSReader.obj
 0001:00037c50       _GetRecordStartTime        00438c50 f   TSReader.obj
 0001:00037cc0       _RecordStream              00438cc0 f   TSReader.obj
 0001:00037ff0       _CheckForFileSplit         00438ff0 f   TSReader.obj
 0001:000383c0       _UpdateInputActivityPosition 004393c0 f   TSReader.obj
 0001:000384e0       _ForcePID                  004394e0 f   TSReader.obj
 0001:00038540       _WaitForNextTSBuffer       00439540 f   TSReader.obj
 0001:000386b0       _RecordOutstandingTSBuffers 004396b0 f   TSReader.obj
 0001:00038a90       _CheckPIDTEI               00439a90 f   TSReader.obj
 0001:00038b70       _CheckPIDContinuity        00439b70 f   TSReader.obj
 0001:00038e60       _TimestampRecordPID        00439e60 f   TSReader.obj
 0001:00038e80       _DecodeDSSRTC              00439e80 f   TSReader.obj
 0001:00038f10       _DSSMuxrateProcessing      00439f10 f   TSReader.obj
 0001:00039440       _MPEG2MuxrateProcessing    0043a440 f   TSReader.obj
 0001:00039d50       _BufferRecordChannelData   0043ad50 f   TSReader.obj
 0001:0003a360       _CheckForTableMonitor      0043b360 f   TSReader.obj
 0001:0003a380       _CheckForESParsing         0043b380 f   TSReader.obj
 0001:0003aed0       _GetNextECMPID             0043bed0 f   TSReader.obj
 0001:0003b200       _PMTParsingComplete        0043c200 f   TSReader.obj
 0001:0003b470       _SetupForNextPMTEntry      0043c470 f   TSReader.obj
 0001:0003b7a0       _PostPATProcessing         0043c7a0 f   TSReader.obj
 0001:0003ba70       _CheckPATVersionNumber     0043ca70 f   TSReader.obj
 0001:0003bc30       _DispatchSIPacket          0043cc30 f   TSReader.obj
 0001:0003c530       _BufferSections            0043d530 f   TSReader.obj
 0001:0003c9b0       _ParseIncomingTSDataThread@4 0043d9b0 f   TSReader.obj
 0001:0003f0c0       _CleanupIPParsingThread    004400c0 f   TSReader.obj
 0001:0003f1e0       _CleanupMPEGParsingThread  004401e0 f   TSReader.obj
 0001:0003fce0       _AddSITreeIcon             00440ce0 f   TSReader.obj
 0001:0003fd90       _InitSITreeViewImageLists  00440d90 f   TSReader.obj
 0001:0003ff30       _AddItemToSITree           00440f30 f   TSReader.obj
 0001:00040060       _GetLogicalChannelNumber   00441060 f   TSReader.obj
 0001:000400b0       _SortPIDsByPackets         004410b0 f   TSReader.obj
 0001:00040140       _SortPIDsByPID             00441140 f   TSReader.obj
 0001:000401a0       _GetPMTOffsetFromThumbnailScrollOffset 004411a0 f   TSReader.obj
 0001:000402a0       _LocateCurrentProgram      004412a0 f   TSReader.obj
 0001:000406a0       _GetNextThumbnailHeight    004416a0 f   TSReader.obj
 0001:000407a0       _DrawThumbnail             004417a0 f   TSReader.obj
 0001:00041690       _UpdateVideoPix            00442690 f   TSReader.obj
 0001:00041eb0       _CreateBrushes             00442eb0 f   TSReader.obj
 0001:00042010       _GetSourceInfoLine         00443010 f   TSReader.obj
 0001:000424f0       _UpdateSourceInfo          004434f0 f   TSReader.obj
 0001:000427c0       _UpdatePIDChart            004437c0 f   TSReader.obj
 0001:000434c0       _ForcePIDChartRepaint      004444c0 f   TSReader.obj
 0001:000435c0       _SortMACsByDataCompareFunction 004445c0 f   TSReader.obj
 0001:00043650       _SortMACsByPacketsCompareFunction 00444650 f   TSReader.obj
 0001:000436b0       _DecodeIPParserPID         004446b0 f   TSReader.obj
 0001:00043bc0       _HandleTreeClickIPDVB      00444bc0 f   TSReader.obj
 0001:00043f00       _HandleTreeClickMPEG2      00444f00 f   TSReader.obj
 0001:00045870       _SIParserMsgNotify         00446870 f   TSReader.obj
 0001:000462a0       _UpdatePIDChartingData     004472a0 f   TSReader.obj
 0001:00046880       _ShowStatistics            00447880 f   TSReader.obj
 0001:00046be0       _UpdateStatistics          00447be0 f   TSReader.obj
 0001:000479b0       _ExportSIHookProc@16       004489b0 f   TSReader.obj
 0001:00048030       _GetPIDTooltipInfo         00449030 f   TSReader.obj
 0001:00049340       _GetBouquetName            0044a340 f   TSReader.obj
 0001:00049420       _WriteHTMLStatistics       0044a420 f   TSReader.obj
 0001:00049720       _HTMLExport                0044a720 f   TSReader.obj
 0001:0004b210       _SIParserExport            0044c210 f   TSReader.obj
 0001:0004b390       _ResetTreeViewHandles      0044c390 f   TSReader.obj
 0001:0004b510       _ResetParserPackets        0044c510 f   TSReader.obj
 0001:0004b600       _ResetParserCRCs           0044c600 f   TSReader.obj
 0001:0004b6f0       _ResetPIDChart             0044c6f0 f   TSReader.obj
 0001:0004b8d0       _ThumbnailThreadsRunning   0044c8d0 f   TSReader.obj
 0001:0004b980       _WaitForThumbnailThread    0044c980 f   TSReader.obj
 0001:0004ba60       _GetPercentageOfTransportStream 0044ca60 f   TSReader.obj
 0001:0004baf0       _SIParserExportNIT         0044caf0 f   TSReader.obj
 0001:0004bb40       _HandleThumbnailScroll     0044cb40 f   TSReader.obj
 0001:0004be40       _HandlePIDScroll           0044ce40 f   TSReader.obj
 0001:0004c140       _FormatIPv6Address         0044d140 f   TSReader.obj
 0001:0004c200       _HandleWMUSER2IPMode       0044d200 f   TSReader.obj
 0001:0004c640       _HandleWMUSER2MPEG2Mode    0044d640 f   TSReader.obj
 0001:0004f5e0       _UpdateRecordPIDsOneFileOptions 004505e0 f   TSReader.obj
 0001:0004f6d0       _IPDVBPIDSelectDlgProc@16  004506d0 f   TSReader.obj
 0001:0004fef0       _AboutDlgProc@16           00450ef0 f   TSReader.obj
 0001:00050570       _crc16                     00451570 f   TSReader.obj
 0001:000505f0       _LicenseDlgProc@16         004515f0 f   TSReader.obj
 0001:000507d0       _SaveManualChannels        004517d0 f   TSReader.obj
 0001:00050820       _RestartTSReader           00451820 f   TSReader.obj
 0001:00050870       _UpdateThreadDialogPriorities 00451870 f   TSReader.obj
 0001:00050d60       _SetupMenu                 00451d60 f   TSReader.obj
 0001:00051090       _SetupVLCMenuNames         00452090 f   TSReader.obj
 0001:00051290       _IPDVBModeOn               00452290 f   TSReader.obj
 0001:00051440       _IPDVBModeOff              00452440 f   TSReader.obj
 0001:00051690       _ToggleIPDVBMode           00452690 f   TSReader.obj
 0001:00051730       _SaveThumbnails            00452730 f   TSReader.obj
 0001:00051780       _ThumbnailRefreshRateDlgProc@16 00452780 f   TSReader.obj
 0001:00051a30       _AutoRestartDlgProc@16     00452a30 f   TSReader.obj
 0001:00051d10       _ConfirmATSCRCDlgProc@16   00452d10 f   TSReader.obj
 0001:00051fc0       _GetSourceDispInfo         00452fc0 f   TSReader.obj
 0001:00052080       _PIDListDlgProc@16         00453080 f   TSReader.obj
 0001:000522f0       _BufferSizesDlgProc@16     004532f0 f   TSReader.obj
 0001:000524a0       _DeleteObsoleteSourceModules 004534a0 f   TSReader.obj
 0001:00052570       _PopulateSourceList        00453570 f   TSReader.obj
 0001:00052890       _SourceDlgProc@16          00453890 f   TSReader.obj
 0001:00052ea0       _DefineManualChannels      00453ea0 f   TSReader.obj
 0001:00052ef0       _LoadManualChannelsMenu    00453ef0 f   TSReader.obj
 0001:00052f40       _ToggleMenuOption          00453f40 f   TSReader.obj
 0001:00052fe0       _EnableDisablePIDChartButtons 00453fe0 f   TSReader.obj
 0001:000530c0       _UpdateVLCConfigDisplay    004540c0 f   TSReader.obj
 0001:00053170       _GetVLCConfig              00454170 f   TSReader.obj
 0001:00053200       _LoadSerialPortCombo       00454200 f   TSReader.obj
 0001:00053370       _VLCSettings_WM_COMMAND    00454370 f   TSReader.obj
 0001:000537b0       _VLCSettingsDlgProc@16     004547b0 f   TSReader.obj
 0001:00053950       _XNSServerDlgProc@16       00454950 f   TSReader.obj
 0001:00053ab0       _VLCWarningDlgProc@16      00454ab0 f   TSReader.obj
 0001:00053bd0       _PIDWarningDlgProc@16      00454bd0 f   TSReader.obj
 0001:00053cb0       _LoadPlugins               00454cb0 f   TSReader.obj
 0001:00053da0       _CreateTooltip             00454da0 f   TSReader.obj
 0001:00053e50       _ResizeStatusbar           00454e50 f   TSReader.obj
 0001:00053f20       _CreateStatusBar           00454f20 f   TSReader.obj
 0001:000542c0       _DeleteStatusBar           004552c0 f   TSReader.obj
 0001:00054360       _RokuHD1000Settings@16     00455360 f   TSReader.obj
 0001:000545f0       _GetBitmapPtr              004555f0 f   TSReader.obj
 0001:00054670       _SetupServiceBitmaps       00455670 f   TSReader.obj
 0001:00054d00       _SetupChannelFont          00455d00 f   TSReader.obj
 0001:00054f00       _SetupFonts                00455f00 f   TSReader.obj
 0001:00055030       _MouseMoveTooltips         00456030 f   TSReader.obj
 0001:00055410       _AddTaskbarIcon            00456410 f   TSReader.obj
 0001:00055500       _ResizeDialogWindow        00456500 f   TSReader.obj
 0001:00055540       _SetupProcessorAffinity    00456540 f   TSReader.obj
 0001:000555f0       _LoadSource                004565f0 f   TSReader.obj
 0001:00055c00       _EnableDisableSourceMenuItems 00456c00 f   TSReader.obj
 0001:00055d40       _ToggleAlwaysOnTop         00456d40 f   TSReader.obj
 0001:00055dd0       _SetInitialMenuStates      00456dd0 f   TSReader.obj
 0001:00056280       _LiteChartWarningDlgProc@16 00457280 f   TSReader.obj
 0001:00056350       _SetupChartClassName       00457350 f   TSReader.obj
 0001:000563a0       _CloseExistingChart        004573a0 f   TSReader.obj
 0001:00056550       _GetRetuneCommandLineParameters 00457550 f   TSReader.obj
 0001:00056cd0       _RetuneToThisChannel       00457cd0 f   TSReader.obj
 0001:00056d60       _RetuneToThisMux           00457d60 f   TSReader.obj
 0001:00056e70       _myChooseColor             00457e70 f   TSReader.obj
 0001:00056f20       _ProcessPIDColorButtonClicks 00457f20 f   TSReader.obj
 0001:00057100       _PaintPIDChartColorBoxes   00458100 f   TSReader.obj
 0001:00057250       _PIDChartColorsDlgProc@16  00458250 f   TSReader.obj
 0001:000573f0       _GraphRefreshRateDlgProc@16 004583f0 f   TSReader.obj
 0001:000575b0       _SetupEPGGridScrollbars    004585b0 f   TSReader.obj
 0001:000576b0       _ProcessEPGScrollbarMessages 004586b0 f   TSReader.obj
 0001:00057ae0       _EPGGridSettingsDlgProc@16 00458ae0 f   TSReader.obj
 0001:00058820       _ValidateWindowXY          00459820 f   TSReader.obj
 0001:00058890       _ShowEPGGrid               00459890 f   TSReader.obj
 0001:00058af0       _CreateChartWindow         00459af0 f   TSReader.obj
 0001:00058de0       _UpdateTableMonitorStats   00459de0 f   TSReader.obj
 0001:000590c0       _GetTableMonitorDispInfo   0045a0c0 f   TSReader.obj
 0001:00059470       _PluginSettingsDlgProc@16  0045a470 f   TSReader.obj
 0001:000596e0       _EmailSetupDlgProc@16      0045a6e0 f   TSReader.obj
 0001:00059a90       _EITServerSettingsDlgProc@16 0045aa90 f   TSReader.obj
 0001:00059e50       _IsFileSource              0045ae50 f   TSReader.obj
 0001:00059ea0       _SetPCTimeToStreamTime     0045aea0 f   TSReader.obj
 0001:00059ff0       _MainDlgSubclassProc@16    0045aff0 f   TSReader.obj
 0001:0005a0c0       _SIParserDlgProc@16        0045b0c0 f   TSReader.obj
 0001:0005c490       _SetProcessPriority        0045d490 f   TSReader.obj
 0001:0005c4f0       _DecodeSkyLCN              0045d4f0 f   TSReader.obj
 0001:0005cd20       _LoadManualPIDList         0045dd20 f   TSReader.obj
 0001:0005cd70       _CheckNewVersionThread@4   0045dd70 f   TSReader.obj
 0001:0005d140       _CheckNewVersionDlgProc@16 0045e140 f   TSReader.obj
 0001:0005d6e0       _ProcessMain_WM_COMMAND    0045e6e0 f   TSReader.obj
 0001:0005f680       _MainWndProc@16            00460680 f   TSReader.obj
 0001:00060560       _InitVariables             00461560 f   TSReader.obj
 0001:00060f40       _DeInitVariables           00461f40 f   TSReader.obj
 0001:000611c0       _LoadOutputModules         004621c0 f   TSReader.obj
 0001:000612f0       _LoadOtherModules          004622f0 f   TSReader.obj
 0001:00061710       _UnloadOtherModules        00462710 f   TSReader.obj
 0001:000617f0       _InitApplication           004627f0 f   TSReader.obj
 0001:000618b0       _InitInstance              004628b0 f   TSReader.obj
 0001:00061c00       _BombWarningDlgProc@16     00462c00 f   TSReader.obj
 0001:00061d20       _DoNormalTSReaderWindow    00462d20 f   TSReader.obj
 0001:00061f10       _LoadSerialReceiverDLLs    00462f10 f   TSReader.obj
 0001:00062090       _UnloadSerialReceiverDLLs  00463090 f   TSReader.obj
 0001:00062100       _WinMain@16                00463100 f   TSReader.obj
 0001:000623d0       _GetExtensionPtr           004633d0 f   util.obj
 0001:00062440       _CopyListControlToClipboard 00463440 f   util.obj
 0001:000625c0       _UpdateMainStatusText      004635c0 f   util.obj
 0001:00062670       _UpdateSecondaryStatusText 00463670 f   util.obj
 0001:00062700       _ATSCPIDs                  00463700 f   util.obj
 0001:00062770       _DecodeMPEG2PCR            00463770 f   util.obj
 0001:00062860       _GetTotalPMTChannels       00463860 f   util.obj
 0001:000628d0       _IsDuplicateDescriptor     004638d0 f   util.obj
 0001:00062960       _FillAddr                  00463960 f   util.obj
 0001:00062a30       _IsMPEGAudioStream         00463a30 f   util.obj
 0001:00062ab0       _IsAC3AudioStream          00463ab0 f   util.obj
 0001:00062c30       _IsPCMAudioStream          00463c30 f   util.obj
 0001:00062dc0       _IsDTSAudioStream          00463dc0 f   util.obj
 0001:00062fa0       _GetDTSAudioDescriptor     00463fa0 f   util.obj
 0001:00063140       _GetDTSFrameSize           00464140 f   util.obj
 0001:00063320       _IsDataBroadcastStream     00464320 f   util.obj
 0001:00063420       _IsTeleTextOrVBIStream     00464420 f   util.obj
 0001:00063590       _IsSubtitleStream          00464590 f   util.obj
 0001:00063690       _GetATSCMultipleString     00464690 f   util.obj
 0001:00063870       _GetExtendedChannelName    00464870 f   util.obj
 0001:00063a50       _CursorNormal              00464a50 f   util.obj
 0001:00063ab0       _CursorWait                00464ab0 f   util.obj
 0001:00063b20       _ConvertDVBBCDTimeOffsets  00464b20 f   util.obj
 0001:00063bd0       _ConvertBCD                00464bd0 f   util.obj
 0001:00063c30       _ConvertDVBDate            00464c30 f   util.obj
 0001:00063d80       _ConvertDVBTime            00464d80 f   util.obj
 0001:00063df0       _ConvertATSCDateTime       00464df0 f   util.obj
 0001:00063eb0       _EventInPast               00464eb0 f   util.obj
 0001:00063fd0       _LogDescriptor             00464fd0 f   util.obj
 0001:00063ff0       _ExpireOldEIT_debug        00464ff0 f   util.obj
 0001:00064010       _ExpireOldEITData          00465010 f   util.obj
 0001:00064260       _myGetSaveFileName         00465260 f   util.obj
 0001:00064300       _GetLanguageFromDescriptor 00465300 f   util.obj
 0001:00064410       _StripTrailingSpaces       00465410 f   util.obj
 0001:00064480       _TrueFalseString           00465480 f   util.obj
 0001:000644c0       _EscapeReplaceXML          004654c0 f   util.obj
 0001:000646b0       _WriteHTMLLine             004656b0 f   util.obj
 0001:00064760       _WriteHTMLASCII            00465760 f   util.obj
 0001:000648a0       _GetVideoStreamCount       004658a0 f   util.obj
 0001:00064a50       _GetProgramCount           00465a50 f   util.obj
 0001:00064ae0       _LoadVideoDecoderCrashThumbnail 00465ae0 f   util.obj
 0001:00064dc0       _YUVtoRGB                  00465dc0 f   util.obj
 0001:00064fa0       _GetNewThumbnailSize       00465fa0 f   util.obj
 0001:000650a0       _GenerateSizedThumbnail    004660a0 f   util.obj
 0001:000652c0       _GenerateAudioThumbnail    004662c0 f   util.obj
 0001:00065790       _SetupScrambledChannelThumbnail 00466790 f   util.obj
 0001:00065a70       _GetVideoArea              00466a70 f   util.obj
 0001:00065b90       _InvalidateThumbnails      00466b90 f   util.obj
 0001:00065c20       _ReadFromMPEG2ESPipe       00466c20 f   util.obj
 0001:00065cb2       _PEdestroy@4               00466cb2     PEGRPCS:PEGRPCS.dll
 0001:00065cb8       _PEnset@12                 00466cb8     PEGRPCS:PEGRPCS.dll
 0001:00065cbe       _PEvsetcell@16             00466cbe     PEGRPCS:PEGRPCS.dll
 0001:00065cc4       _PEvsetcellEx@20           00466cc4     PEGRPCS:PEGRPCS.dll
 0001:00065cca       _PEszset@12                00466cca     PEGRPCS:PEGRPCS.dll
 0001:00065cd0       _PEvset@16                 00466cd0     PEGRPCS:PEGRPCS.dll
 0001:00065cd6       _PEcreate@20               00466cd6     PEGRPCS:PEGRPCS.dll
 0001:00065cdc       _PEresetimage@12           00466cdc     PEGRPCS:PEGRPCS.dll
 0001:00065ce2       _PEreinitialize@4          00466ce2     PEGRPCS:PEGRPCS.dll
 0001:00065ce8       _SourceHelper_CRC_Check    00466ce8 f   TSReader_SourceHelper:TSReader_SourceHelper.dll
 0001:00065cee       _SourceHelper_SetWorkerThreadPriorities 00466cee f   TSReader_SourceHelper:TSReader_SourceHelper.dll
 0001:00065cf4       _SourceHelper_ReadLine     00466cf4 f   TSReader_SourceHelper:TSReader_SourceHelper.dll
 0001:00065cfa       _SourceHelper_myGetOpenFileName 00466cfa f   TSReader_SourceHelper:TSReader_SourceHelper.dll
 0001:00065d00       _SourceHelper_CRC_Calc     00466d00 f   TSReader_SourceHelper:TSReader_SourceHelper.dll
 0001:00065d06       _SourceHelper_GetTSReaderEXEDirectory 00466d06 f   TSReader_SourceHelper:TSReader_SourceHelper.dll
 0001:00065d0c       _SourceHelper_CalculateSwitchParameters 00466d0c f   TSReader_SourceHelper:TSReader_SourceHelper.dll
 0001:00065d12       _SourceHelper_ImportSatelliteList 00466d12 f   TSReader_SourceHelper:TSReader_SourceHelper.dll
 0001:00065d18       _SourceHelper_DiSEqCPositionerDialog 00466d18 f   TSReader_SourceHelper:TSReader_SourceHelper.dll
 0001:00065d1e       _SourceHelper_Init         00466d1e f   TSReader_SourceHelper:TSReader_SourceHelper.dll
 0001:00065d24       _SourceHelper_CRC_Init     00466d24 f   TSReader_SourceHelper:TSReader_SourceHelper.dll
 0001:00065d2a       __ISDrawRGB@36             00466d2a f   _isource:_ISource.dll
 0001:00065d30       __ISOverlayRGBTrans@44     00466d30 f   _isource:_ISource.dll
 0001:00065d36       __ISDrawTextOnRGB2@32      00466d36 f   _isource:_ISource.dll
 0001:00065d3c       __ISCloseDest@4            00466d3c f   _isource:_ISource.dll
 0001:00065d42       __ISWriteRGBToJPG@24       00466d42 f   _isource:_ISource.dll
 0001:00065d48       __ISOpenFileDest@4         00466d48 f   _isource:_ISource.dll
 0001:00065d4e       __ISHBITMAPToRGB@20        00466d4e f   _isource:_ISource.dll
 0001:00065d54       __ISLoadResourceBitmap@12  00466d54 f   _isource:_ISource.dll
 0001:00065d5a       __ISResizeRGB@24           00466d5a f   _isource:_ISource.dll
 0001:00065d60       __ISDecimateRGB@24         00466d60 f   _isource:_ISource.dll
 0001:00065d66       __ISCloseSource@4          00466d66 f   _isource:_ISource.dll
 0001:00065d6c       __ISReadBMPToRGB@12        00466d6c f   _isource:_ISource.dll
 0001:00065d72       __ISOpenFileSource@4       00466d72 f   _isource:_ISource.dll
 0001:00065d78       __ISInitialize@4           00466d78 f   _isource:_ISource.dll
 0001:00065d80       _mpeg2_info                00466d80 f   libmpeg2:decode.obj
 0001:00065d90       _mpeg2_buffer              00466d90 f   libmpeg2:decode.obj
 0001:00065db0       _mpeg2_getpos              00466db0 f   libmpeg2:decode.obj
 0001:00065dd0       _mpeg2_seek_header         00466dd0 f   libmpeg2:decode.obj
 0001:00065ee0       _mpeg2_parse               00466ee0 f   libmpeg2:decode.obj
 0001:00066370       _mpeg2_parse_header        00467370 f   libmpeg2:decode.obj
 0001:00066630       _mpeg2_convert             00467630 f   libmpeg2:decode.obj
 0001:00066690       _mpeg2_stride              00467690 f   libmpeg2:decode.obj
 0001:00066700       _mpeg2_set_buf             00467700 f   libmpeg2:decode.obj
 0001:00066790       _mpeg2_custom_fbuf         00467790 f   libmpeg2:decode.obj
 0001:000667a0       _mpeg2_skip                004677a0 f   libmpeg2:decode.obj
 0001:000667d0       _mpeg2_slice_region        004677d0 f   libmpeg2:decode.obj
 0001:00066830       _mpeg2_tag_picture         00467830 f   libmpeg2:decode.obj
 0001:00066880       _mpeg2_accel               00467880 f   libmpeg2:decode.obj
 0001:000668d0       _mpeg2_reset               004678d0 f   libmpeg2:decode.obj
 0001:00066960       _mpeg2_init                00467960 f   libmpeg2:decode.obj
 0001:000669d0       _mpeg2_close               004679d0 f   libmpeg2:decode.obj
 0001:00066a00       _mpeg2_header_state_init   00467a00 f   libmpeg2:header.obj
 0001:00066b40       _mpeg2_reset_info          00467b40 f   libmpeg2:header.obj
 0001:00066b60       _mpeg2_header_sequence     00467b60 f   libmpeg2:header.obj
 0001:00066f60       _mpeg2_header_sequence_finalize 00467f60 f   libmpeg2:header.obj
 0001:00067390       _mpeg2_header_gop          00468390 f   libmpeg2:header.obj
 0001:00067420       _mpeg2_header_gop_finalize 00468420 f   libmpeg2:header.obj
 0001:00067460       _mpeg2_set_fbuf            00468460 f   libmpeg2:header.obj
 0001:000674d0       _mpeg2_header_picture_start 004684d0 f   libmpeg2:header.obj
 0001:000675a0       _mpeg2_header_picture      004685a0 f   libmpeg2:header.obj
 0001:00067940       _mpeg2_header_picture_finalize 00468940 f   libmpeg2:header.obj
 0001:00067de0       _mpeg2_header_extension    00468de0 f   libmpeg2:header.obj
 0001:00067e20       _mpeg2_header_user_data    00468e20 f   libmpeg2:header.obj
 0001:00067e50       _mpeg2_header_slice_start  00468e50 f   libmpeg2:header.obj
 0001:00068080       _mpeg2_header_end          00469080 f   libmpeg2:header.obj
 0001:00068180       _mpeg2_init_fbuf           00469180 f   libmpeg2:slice.obj
 0001:0006f3c0       _mpeg2_slice               004703c0 f   libmpeg2:slice.obj
 0001:000720d0       _mpeg2_mc_init             004730d0 f   libmpeg2:motion_comp.obj
 0001:00073c50       _mpeg2_idct_init           00474c50 f   libmpeg2:idct.obj
 0001:00074680       _mpeg2_cpu_state_init      00475680 f   libmpeg2:cpu_state.obj
 0001:000746b0       _mpeg2_detect_accel        004756b0 f   libmpeg2:cpu_accel.obj
 0001:00074790       _mpeg2_malloc              00475790 f   libmpeg2:alloc.obj
 0001:000747e0       _mpeg2_free                004757e0 f   libmpeg2:alloc.obj
 0001:00074810       _mpeg2_malloc_hooks        00475810 f   libmpeg2:alloc.obj
 0001:00075eb0       _mpeg2_idct_copy_mmxext    00476eb0 f   libmpeg2:idct_mmx.obj
 0001:00075f30       _mpeg2_idct_add_mmxext     00476f30 f   libmpeg2:idct_mmx.obj
 0001:00076110       _mpeg2_idct_copy_mmx       00477110 f   libmpeg2:idct_mmx.obj
 0001:00076190       _mpeg2_idct_add_mmx        00477190 f   libmpeg2:idct_mmx.obj
 0001:00076260       _mpeg2_idct_mmx_init       00477260 f   libmpeg2:idct_mmx.obj
 0001:0007a4d0       _mpeg2convert_rgb32        0047b4d0 f   libmpeg2convert:rgb.obj
 0001:0007ace0       _mpeg2convert_rgb24        0047bce0 f   libmpeg2convert:rgb.obj
 0001:0007ad10       _mpeg2convert_rgb16        0047bd10 f   libmpeg2convert:rgb.obj
 0001:0007ad40       _mpeg2convert_rgb15        0047bd40 f   libmpeg2convert:rgb.obj
 0001:0007ad70       _mpeg2convert_rgb8         0047bd70 f   libmpeg2convert:rgb.obj
 0001:0007ada0       _mpeg2convert_bgr32        0047bda0 f   libmpeg2convert:rgb.obj
 0001:0007add0       _mpeg2convert_bgr24        0047bdd0 f   libmpeg2convert:rgb.obj
 0001:0007ae00       _mpeg2convert_bgr16        0047be00 f   libmpeg2convert:rgb.obj
 0001:0007ae30       _mpeg2convert_bgr15        0047be30 f   libmpeg2convert:rgb.obj
 0001:0007ae60       _mpeg2convert_bgr8         0047be60 f   libmpeg2convert:rgb.obj
 0001:0007ae90       _mpeg2convert_rgb          0047be90 f   libmpeg2convert:rgb.obj
 0001:0007aee0       _mpeg2convert_rgb_mmxext   0047bee0 f   libmpeg2convert:rgb_mmx.obj
 0001:0007af20       _mpeg2convert_rgb_mmx      0047bf20 f   libmpeg2convert:rgb_mmx.obj
 0001:0007b370       _send@16                   0047c370 f   wsock32:WSOCK32.dll
 0001:0007b376       _recv@16                   0047c376 f   wsock32:WSOCK32.dll
 0001:0007b37c       _connect@12                0047c37c f   wsock32:WSOCK32.dll
 0001:0007b382       _closesocket@4             0047c382 f   wsock32:WSOCK32.dll
 0001:0007b388       _socket@12                 0047c388 f   wsock32:WSOCK32.dll
 0001:0007b38e       _WSAStartup@8              0047c38e f   wsock32:WSOCK32.dll
 0001:0007b394       _WSACleanup@0              0047c394 f   wsock32:WSOCK32.dll
 0001:0007b39a       _htons@4                   0047c39a f   wsock32:WSOCK32.dll
 0001:0007b3a0       _gethostbyname@4           0047c3a0 f   wsock32:WSOCK32.dll
 0001:0007b3a6       _inet_addr@4               0047c3a6 f   wsock32:WSOCK32.dll
 0001:0007b3ac       _lstrcpyA@8                0047c3ac f   kernel32:KERNEL32.dll
 0001:0007b3b2       _WriteFile@20              0047c3b2 f   kernel32:KERNEL32.dll
 0001:0007b3b8       _LeaveCriticalSection@4    0047c3b8 f   kernel32:KERNEL32.dll
 0001:0007b3be       _EnterCriticalSection@4    0047c3be f   kernel32:KERNEL32.dll
 0001:0007b3c4       _lstrcmpA@8                0047c3c4 f   kernel32:KERNEL32.dll
 0001:0007b3ca       _LocalFree@4               0047c3ca f   kernel32:KERNEL32.dll
 0001:0007b3d0       _GetLocalTime@4            0047c3d0 f   kernel32:KERNEL32.dll
 0001:0007b3d6       _LocalAlloc@8              0047c3d6 f   kernel32:KERNEL32.dll
 0001:0007b3dc       _lstrcatA@8                0047c3dc f   kernel32:KERNEL32.dll
 0001:0007b3e2       _lstrlenA@4                0047c3e2 f   kernel32:KERNEL32.dll
 0001:0007b3e8       _OutputDebugStringA@4      0047c3e8 f   kernel32:KERNEL32.dll
 0001:0007b3ee       _Sleep@4                   0047c3ee f   kernel32:KERNEL32.dll
 0001:0007b3f4       _GetProcAddress@8          0047c3f4 f   kernel32:KERNEL32.dll
 0001:0007b3fa       _GetTimeFormatA@24         0047c3fa f   kernel32:KERNEL32.dll
 0001:0007b400       _GetDateFormatA@24         0047c400 f   kernel32:KERNEL32.dll
 0001:0007b406       _SystemTimeToFileTime@8    0047c406 f   kernel32:KERNEL32.dll
 0001:0007b40c       _SystemTimeToTzSpecificLocalTime@12 0047c40c f   kernel32:KERNEL32.dll
 0001:0007b412       _FileTimeToSystemTime@8    0047c412 f   kernel32:KERNEL32.dll
 0001:0007b418       _MulDiv@12                 0047c418 f   kernel32:KERNEL32.dll
 0001:0007b41e       _GetSystemTime@4           0047c41e f   kernel32:KERNEL32.dll
 0001:0007b424       _DeleteCriticalSection@4   0047c424 f   kernel32:KERNEL32.dll
 0001:0007b42a       _FreeLibrary@4             0047c42a f   kernel32:KERNEL32.dll
 0001:0007b430       _FindClose@4               0047c430 f   kernel32:KERNEL32.dll
 0001:0007b436       _FindNextFileA@8           0047c436 f   kernel32:KERNEL32.dll
 0001:0007b43c       _LoadLibraryA@4            0047c43c f   kernel32:KERNEL32.dll
 0001:0007b442       _FindFirstFileA@8          0047c442 f   kernel32:KERNEL32.dll
 0001:0007b448       _GetModuleFileNameA@12     0047c448 f   kernel32:KERNEL32.dll
 0001:0007b44e       _InitializeCriticalSection@4 0047c44e f   kernel32:KERNEL32.dll
 0001:0007b454       _GetCurrentProcess@0       0047c454 f   kernel32:KERNEL32.dll
 0001:0007b45a       _CloseHandle@4             0047c45a f   kernel32:KERNEL32.dll
 0001:0007b460       _CreateThread@24           0047c460 f   kernel32:KERNEL32.dll
 0001:0007b466       _ResumeThread@4            0047c466 f   kernel32:KERNEL32.dll
 0001:0007b46c       _GetCurrentDirectoryA@8    0047c46c f   kernel32:KERNEL32.dll
 0001:0007b472       _GetTickCount@0            0047c472 f   kernel32:KERNEL32.dll
 0001:0007b478       _SetThreadPriority@8       0047c478 f   kernel32:KERNEL32.dll
 0001:0007b47e       _CreatePipe@16             0047c47e f   kernel32:KERNEL32.dll
 0001:0007b484       _CreateFileA@28            0047c484 f   kernel32:KERNEL32.dll
 0001:0007b48a       _WinExec@8                 0047c48a f   kernel32:KERNEL32.dll
 0001:0007b490       _DeleteFileA@4             0047c490 f   kernel32:KERNEL32.dll
 0001:0007b496       _GlobalFree@4              0047c496 f   kernel32:KERNEL32.dll
 0001:0007b49c       _SetProcessAffinityMask@8  0047c49c f   kernel32:KERNEL32.dll
 0001:0007b4a2       _GetProcessAffinityMask@12 0047c4a2 f   kernel32:KERNEL32.dll
 0001:0007b4a8       _GetPrivateProfileStringA@24 0047c4a8 f   kernel32:KERNEL32.dll
 0001:0007b4ae       _GetLastError@0            0047c4ae f   kernel32:KERNEL32.dll
 0001:0007b4b4       _SetSystemTime@4           0047c4b4 f   kernel32:KERNEL32.dll
 0001:0007b4ba       _SetPriorityClass@8        0047c4ba f   kernel32:KERNEL32.dll
 0001:0007b4c0       _TerminateThread@8         0047c4c0 f   kernel32:KERNEL32.dll
 0001:0007b4c6       _SetFilePointer@16         0047c4c6 f   kernel32:KERNEL32.dll
 0001:0007b4cc       _GlobalAlloc@8             0047c4cc f   kernel32:KERNEL32.dll
 0001:0007b4d2       _QueryPerformanceFrequency@4 0047c4d2 f   kernel32:KERNEL32.dll
 0001:0007b4d8       _GlobalUnlock@4            0047c4d8 f   kernel32:KERNEL32.dll
 0001:0007b4de       _ReadFile@20               0047c4de f   kernel32:KERNEL32.dll
 0001:0007b4e4       _PostMessageA@16           0047c4e4 f   user32:USER32.dll
 0001:0007b4ea       _SetForegroundWindow@4     0047c4ea f   user32:USER32.dll
 0001:0007b4f0       _KillTimer@8               0047c4f0 f   user32:USER32.dll
 0001:0007b4f6       _GetWindowRect@8           0047c4f6 f   user32:USER32.dll
 0001:0007b4fc       _DestroyWindow@4           0047c4fc f   user32:USER32.dll
 0001:0007b502       _MoveWindow@24             0047c502 f   user32:USER32.dll
 0001:0007b508       _GetClientRect@8           0047c508 f   user32:USER32.dll
 0001:0007b50e       _GetWindowLongA@8          0047c50e f   user32:USER32.dll
 0001:0007b514       _DefWindowProcA@16         0047c514 f   user32:USER32.dll
 0001:0007b51a       _InvalidateRect@12         0047c51a f   user32:USER32.dll
 0001:0007b520       _SetTimer@16               0047c520 f   user32:USER32.dll
 0001:0007b526       _SendMessageA@16           0047c526 f   user32:USER32.dll
 0001:0007b52c       _wsprintfA                 0047c52c f   user32:USER32.dll
 0001:0007b532       _SendDlgItemMessageA@20    0047c532 f   user32:USER32.dll
 0001:0007b538       _SetDlgItemTextA@12        0047c538 f   user32:USER32.dll
 0001:0007b53e       _ShowWindow@8              0047c53e f   user32:USER32.dll
 0001:0007b544       _GetDlgItem@8              0047c544 f   user32:USER32.dll
 0001:0007b54a       _DispatchMessageA@4        0047c54a f   user32:USER32.dll
 0001:0007b550       _TranslateMessage@4        0047c550 f   user32:USER32.dll
 0001:0007b556       _PeekMessageA@20           0047c556 f   user32:USER32.dll
 0001:0007b55c       _CallWindowProcA@20        0047c55c f   user32:USER32.dll
 0001:0007b562       _GetParent@4               0047c562 f   user32:USER32.dll
 0001:0007b568       _SetFocus@4                0047c568 f   user32:USER32.dll
 0001:0007b56e       _EndDialog@8               0047c56e f   user32:USER32.dll
 0001:0007b574       _MessageBoxA@16            0047c574 f   user32:USER32.dll
 0001:0007b57a       _SetWindowLongA@12         0047c57a f   user32:USER32.dll
 0001:0007b580       _SetScrollInfo@16          0047c580 f   user32:USER32.dll
 0001:0007b586       _EndPaint@8                0047c586 f   user32:USER32.dll
 0001:0007b58c       _DrawIcon@16               0047c58c f   user32:USER32.dll
 0001:0007b592       _FillRect@12               0047c592 f   user32:USER32.dll
 0001:0007b598       _DrawTextA@20              0047c598 f   user32:USER32.dll
 0001:0007b59e       _BeginPaint@8              0047c59e f   user32:USER32.dll
 0001:0007b5a4       _SetScrollPos@16           0047c5a4 f   user32:USER32.dll
 0001:0007b5aa       _GetKeyState@4             0047c5aa f   user32:USER32.dll
 0001:0007b5b0       _DestroyIcon@4             0047c5b0 f   user32:USER32.dll
 0001:0007b5b6       _LoadIconA@8               0047c5b6 f   user32:USER32.dll
 0001:0007b5bc       _ReleaseDC@8               0047c5bc f   user32:USER32.dll
 0001:0007b5c2       _GetDC@4                   0047c5c2 f   user32:USER32.dll
 0001:0007b5c8       _DestroyMenu@4             0047c5c8 f   user32:USER32.dll
 0001:0007b5ce       _LoadMenuA@8               0047c5ce f   user32:USER32.dll
 0001:0007b5d4       _DeleteMenu@12             0047c5d4 f   user32:USER32.dll
 0001:0007b5da       _AppendMenuA@16            0047c5da f   user32:USER32.dll
 0001:0007b5e0       _GetSubMenu@8              0047c5e0 f   user32:USER32.dll
 0001:0007b5e6       _GetMenu@4                 0047c5e6 f   user32:USER32.dll
 0001:0007b5ec       _WaitForInputIdle@8        0047c5ec f   user32:USER32.dll
 0001:0007b5f2       _IsDlgButtonChecked@8      0047c5f2 f   user32:USER32.dll
 0001:0007b5f8       _CheckDlgButton@12         0047c5f8 f   user32:USER32.dll
 0001:0007b5fe       _GetMessageA@16            0047c5fe f   user32:USER32.dll
 0001:0007b604       _CreateDialogParamA@20     0047c604 f   user32:USER32.dll
 0001:0007b60a       _MessageBeep@4             0047c60a f   user32:USER32.dll
 0001:0007b610       _GetDlgItemTextA@16        0047c610 f   user32:USER32.dll
 0001:0007b616       _DialogBoxParamA@20        0047c616 f   user32:USER32.dll
 0001:0007b61c       _GetDlgItemInt@16          0047c61c f   user32:USER32.dll
 0001:0007b622       _SetDlgItemInt@16          0047c622 f   user32:USER32.dll
 0001:0007b628       _EnableWindow@8            0047c628 f   user32:USER32.dll
 0001:0007b62e       _EnableMenuItem@12         0047c62e f   user32:USER32.dll
 0001:0007b634       _FindWindowA@8             0047c634 f   user32:USER32.dll
 0001:0007b63a       _CheckMenuItem@12          0047c63a f   user32:USER32.dll
 0001:0007b640       _LoadImageA@24             0047c640 f   user32:USER32.dll
 0001:0007b646       _GetSystemMetrics@4        0047c646 f   user32:USER32.dll
 0001:0007b64c       _SetScrollRange@20         0047c64c f   user32:USER32.dll
 0001:0007b652       _GetScrollRange@16         0047c652 f   user32:USER32.dll
 0001:0007b658       _GetSysColor@4             0047c658 f   user32:USER32.dll
 0001:0007b65e       _UpdateWindow@4            0047c65e f   user32:USER32.dll
 0001:0007b664       _TrackPopupMenu@28         0047c664 f   user32:USER32.dll
 0001:0007b66a       _ClientToScreen@8          0047c66a f   user32:USER32.dll
 0001:0007b670       _ModifyMenuA@20            0047c670 f   user32:USER32.dll
 0001:0007b676       _SetWindowPos@28           0047c676 f   user32:USER32.dll
 0001:0007b67c       _CreateWindowExA@48        0047c67c f   user32:USER32.dll
 0001:0007b682       _CheckMenuRadioItem@20     0047c682 f   user32:USER32.dll
 0001:0007b688       _UnregisterClassA@8        0047c688 f   user32:USER32.dll
 0001:0007b68e       _RegisterClassA@4          0047c68e f   user32:USER32.dll
 0001:0007b694       _LoadCursorA@8             0047c694 f   user32:USER32.dll
 0001:0007b69a       _keybd_event@16            0047c69a f   user32:USER32.dll
 0001:0007b6a0       _PostQuitMessage@4         0047c6a0 f   user32:USER32.dll
 0001:0007b6a6       _RegisterWindowMessageA@4  0047c6a6 f   user32:USER32.dll
 0001:0007b6ac       _LoadAcceleratorsA@8       0047c6ac f   user32:USER32.dll
 0001:0007b6b2       _IsDialogMessageA@8        0047c6b2 f   user32:USER32.dll
 0001:0007b6b8       _IsWindow@4                0047c6b8 f   user32:USER32.dll
 0001:0007b6be       _TranslateAcceleratorA@12  0047c6be f   user32:USER32.dll
 0001:0007b6c4       _CloseClipboard@0          0047c6c4 f   user32:USER32.dll
 0001:0007b6ca       _SetClipboardData@8        0047c6ca f   user32:USER32.dll
 0001:0007b6d0       _EmptyClipboard@0          0047c6d0 f   user32:USER32.dll
 0001:0007b6d6       _OpenClipboard@4           0047c6d6 f   user32:USER32.dll
 0001:0007b6dc       _SetCursor@4               0047c6dc f   user32:USER32.dll
 0001:0007b6e2       _ReleaseCapture@0          0047c6e2 f   user32:USER32.dll
 0001:0007b6e8       _SetCapture@4              0047c6e8 f   user32:USER32.dll
 0001:0007b6ee       _Ellipse@20                0047c6ee f   gdi32:GDI32.dll
 0001:0007b6f4       _SelectObject@8            0047c6f4 f   gdi32:GDI32.dll
 0001:0007b6fa       _DeleteDC@4                0047c6fa f   gdi32:GDI32.dll
 0001:0007b700       _DeleteObject@4            0047c700 f   gdi32:GDI32.dll
 0001:0007b706       _BitBlt@36                 0047c706 f   gdi32:GDI32.dll
 0001:0007b70c       _LineTo@12                 0047c70c f   gdi32:GDI32.dll
 0001:0007b712       _MoveToEx@16               0047c712 f   gdi32:GDI32.dll
 0001:0007b718       _RoundRect@28              0047c718 f   gdi32:GDI32.dll
 0001:0007b71e       _GetStockObject@4          0047c71e f   gdi32:GDI32.dll
 0001:0007b724       _TextOutA@20               0047c724 f   gdi32:GDI32.dll
 0001:0007b72a       _GetTextExtentPointA@16    0047c72a f   gdi32:GDI32.dll
 0001:0007b730       _SetTextColor@8            0047c730 f   gdi32:GDI32.dll
 0001:0007b736       _SetBkMode@8               0047c736 f   gdi32:GDI32.dll
 0001:0007b73c       _CreateCompatibleBitmap@12 0047c73c f   gdi32:GDI32.dll
 0001:0007b742       _CreateCompatibleDC@4      0047c742 f   gdi32:GDI32.dll
 0001:0007b748       _CreateFontA@56            0047c748 f   gdi32:GDI32.dll
 0001:0007b74e       _GetDeviceCaps@8           0047c74e f   gdi32:GDI32.dll
 0001:0007b754       _CreatePen@12              0047c754 f   gdi32:GDI32.dll
 0001:0007b75a       _CreateSolidBrush@4        0047c75a f   gdi32:GDI32.dll
 0001:0007b760       _SetBkColor@8              0047c760 f   gdi32:GDI32.dll
 0001:0007b766       _GetTextExtentPoint32A@16  0047c766 f   gdi32:GDI32.dll
 0001:0007b76c       _Polyline@12               0047c76c f   gdi32:GDI32.dll
 0001:0007b772       _CreateFontIndirectA@4     0047c772 f   gdi32:GDI32.dll
 0001:0007b778       _ChooseColorA@4            0047c778 f   comdlg32:comdlg32.dll
 0001:0007b77e       _GetSaveFileNameA@4        0047c77e f   comdlg32:comdlg32.dll
 0001:0007b784       _RegSetValueExA@24         0047c784 f   advapi32:ADVAPI32.dll
 0001:0007b78a       _RegCloseKey@4             0047c78a f   advapi32:ADVAPI32.dll
 0001:0007b790       _RegCreateKeyExA@36        0047c790 f   advapi32:ADVAPI32.dll
 0001:0007b796       _RegQueryValueExA@24       0047c796 f   advapi32:ADVAPI32.dll
 0001:0007b79c       _RegOpenKeyExA@20          0047c79c f   advapi32:ADVAPI32.dll
 0001:0007b7a2       _RegEnumValueA@32          0047c7a2 f   advapi32:ADVAPI32.dll
 0001:0007b7a8       _SHGetPathFromIDListA@8    0047c7a8 f   shell32:SHELL32.dll
 0001:0007b7ae       _SHBrowseForFolderA@4      0047c7ae f   shell32:SHELL32.dll
 0001:0007b7b4       _Shell_NotifyIconA@8       0047c7b4 f   shell32:SHELL32.dll
 0001:0007b7ba       _DragFinish@4              0047c7ba f   shell32:SHELL32.dll
 0001:0007b7c0       _DragQueryFileA@16         0047c7c0 f   shell32:SHELL32.dll
 0001:0007b7c6       _ShellExecuteA@24          0047c7c6 f   shell32:SHELL32.dll
 0001:0007b7cc       _ImageList_ReplaceIcon@12  0047c7cc f   comctl32:COMCTL32.dll
 0001:0007b7d2       _ImageList_Create@20       0047c7d2 f   comctl32:COMCTL32.dll
 0001:0007b7d8       _CreateStatusWindowA@16    0047c7d8 f   comctl32:COMCTL32.dll
 0001:0007b7de       _ImageList_Destroy@4       0047c7de f   comctl32:COMCTL32.dll
 0001:0007b7e4       _InitCommonControlsEx@4    0047c7e4 f   comctl32:COMCTL32.dll
 0001:0007b7ea       _InternetCloseHandle@4     0047c7ea f   wininet:WININET.dll
 0001:0007b7f0       _InternetReadFile@16       0047c7f0 f   wininet:WININET.dll
 0001:0007b7f6       _HttpQueryInfoA@20         0047c7f6 f   wininet:WININET.dll
 0001:0007b7fc       _HttpSendRequestA@20       0047c7fc f   wininet:WININET.dll
 0001:0007b802       _HttpOpenRequestA@32       0047c802 f   wininet:WININET.dll
 0001:0007b808       _InternetConnectA@32       0047c808 f   wininet:WININET.dll
 0001:0007b80e       _InternetOpenA@20          0047c80e f   wininet:WININET.dll
 0001:0007b820       __alloca_probe             0047c820 f   LIBCMTD:chkstk.obj
 0001:0007b820       __chkstk                   0047c820 f   LIBCMTD:chkstk.obj
 0001:0007b850       __chkesp                   0047c850 f   LIBCMTD:chkesp.obj
 0001:0007b890       __fpmath                   0047c890 f   LIBCMTD:fpinit.obj
 0001:0007b8c0       __fpclear                  0047c8c0 f   LIBCMTD:fpinit.obj
 0001:0007b8d0       __cfltcvt_init             0047c8d0 f   LIBCMTD:fpinit.obj
 0001:0007b920       ___setfflag                0047c920 f   LIBCMTD:fpinit.obj
 0001:0007b940       _memset                    0047c940 f   LIBCMTD:memset.obj
 0001:0007b9a0       _qsort                     0047c9a0 f   LIBCMTD:qsort.obj
 0001:0007bca0       _memcpy                    0047cca0 f   LIBCMTD:memcpy.obj
 0001:0007bfe0       _strcpy                    0047cfe0 f   LIBCMTD:strcat.obj
 0001:0007bff0       _strcat                    0047cff0 f   LIBCMTD:strcat.obj
 0001:0007c0d0       _atol                      0047d0d0 f   LIBCMTD:atox.obj
 0001:0007c1d0       _atoi                      0047d1d0 f   LIBCMTD:atox.obj
 0001:0007c1f0       __atoi64                   0047d1f0 f   LIBCMTD:atox.obj
 0001:0007c320       _strstr                    0047d320 f   LIBCMTD:strstr.obj
 0001:0007c3a0       _memcmp                    0047d3a0 f   LIBCMTD:memcmp.obj
 0001:0007c450       __alldiv                   0047d450 f   LIBCMTD:lldiv.obj
 0001:0007c500       __allmul                   0047d500 f   LIBCMTD:llmul.obj
 0001:0007c540       _sprintf                   0047d540 f   LIBCMTD:sprintf.obj
 0001:0007c640       _fclose                    0047d640 f   LIBCMTD:fclose.obj
 0001:0007c6d0       __fclose_lk                0047d6d0 f   LIBCMTD:fclose.obj
 0001:0007c790       _fwrite                    0047d790 f   LIBCMTD:fwrite.obj
 0001:0007c7d0       __fwrite_lk                0047d7d0 f   LIBCMTD:fwrite.obj
 0001:0007c9f0       __cinit                    0047d9f0 f   LIBCMTD:crt0dat.obj
 0001:0007ca30       _exit                      0047da30 f   LIBCMTD:crt0dat.obj
 0001:0007ca50       __exit                     0047da50 f   LIBCMTD:crt0dat.obj
 0001:0007ca70       __cexit                    0047da70 f   LIBCMTD:crt0dat.obj
 0001:0007ca90       __c_exit                   0047da90 f   LIBCMTD:crt0dat.obj
 0001:0007cba0       __lockexit                 0047dba0 f   LIBCMTD:crt0dat.obj
 0001:0007cbb0       __unlockexit               0047dbb0 f   LIBCMTD:crt0dat.obj
 0001:0007cbf0       _fprintf                   0047dbf0 f   LIBCMTD:fprintf.obj
 0001:0007ccc0       ___initstdio               0047dcc0 f   LIBCMTD:_file.obj
 0001:0007cdf0       ___endstdio                0047ddf0 f   LIBCMTD:_file.obj
 0001:0007ce10       __lock_file                0047de10 f   LIBCMTD:_file.obj
 0001:0007ce50       __lock_file2               0047de50 f   LIBCMTD:_file.obj
 0001:0007ce80       __unlock_file              0047de80 f   LIBCMTD:_file.obj
 0001:0007cec0       __unlock_file2             0047dec0 f   LIBCMTD:_file.obj
 0001:0007cef0       __fsopen                   0047def0 f   LIBCMTD:fopen.obj
 0001:0007cff0       _fopen                     0047dff0 f   LIBCMTD:fopen.obj
 0001:0007d008       __global_unwind2           0047e008 f   LIBCMTD:exsup.obj
 0001:0007d04a       __local_unwind2            0047e04a f   LIBCMTD:exsup.obj
 0001:0007d0a2       __NLG_Return2              0047e0a2 f   LIBCMTD:exsup.obj
 0001:0007d0b2       __abnormal_termination     0047e0b2 f   LIBCMTD:exsup.obj
 0001:0007d0d5       __NLG_Notify1              0047e0d5 f   LIBCMTD:exsup.obj
 0001:0007d0de       __NLG_Notify               0047e0de f   LIBCMTD:exsup.obj
 0001:0007d0f1       __NLG_Dispatch             0047e0f1 f   LIBCMTD:exsup.obj
 0001:0007d100       __except_handler3          0047e100 f   LIBCMTD:exsup3.obj
 0001:0007d1bd       __seh_longjmp_unwind@4     0047e1bd f   LIBCMTD:exsup3.obj
 0001:0007d1e0       _sscanf                    0047e1e0 f   LIBCMTD:sscanf.obj
 0001:0007d2a0       __allshl                   0047e2a0 f   LIBCMTD:llshl.obj
 0001:0007d2c0       __aulldiv                  0047e2c0 f   LIBCMTD:ulldiv.obj
 0001:0007d328       __ftol                     0047e328 f   LIBCMTD:ftol.obj
 0001:0007d350       _strlen                    0047e350 f   LIBCMTD:strlen.obj
 0001:0007d3d0       _srand                     0047e3d0 f   LIBCMTD:rand.obj
 0001:0007d3e0       _rand                      0047e3e0 f   LIBCMTD:rand.obj
 0001:0007d420       _time                      0047e420 f   LIBCMTD:time.obj
 0001:0007d5b0       __aullshr                  0047e5b0 f   LIBCMTD:ullshr.obj
 0001:0007d5d0       _gmtime                    0047e5d0 f   LIBCMTD:gmtime.obj
 0001:0007d7d0       _WinMainCRTStartup         0047e7d0 f   LIBCMTD:wincrt0.obj
 0001:0007d940       __amsg_exit                0047e940 f   LIBCMTD:wincrt0.obj
 0001:0007d9a0       _malloc                    0047e9a0 f   LIBCMTD:dbgheap.obj
 0001:0007d9d0       __malloc_dbg               0047e9d0 f   LIBCMTD:dbgheap.obj
 0001:0007da00       __nh_malloc                0047ea00 f   LIBCMTD:dbgheap.obj
 0001:0007da20       __nh_malloc_dbg            0047ea20 f   LIBCMTD:dbgheap.obj
 0001:0007dac0       __heap_alloc               0047eac0 f   LIBCMTD:dbgheap.obj
 0001:0007dae0       __heap_alloc_dbg           0047eae0 f   LIBCMTD:dbgheap.obj
 0001:0007de00       _calloc                    0047ee00 f   LIBCMTD:dbgheap.obj
 0001:0007de30       __calloc_dbg               0047ee30 f   LIBCMTD:dbgheap.obj
 0001:0007de90       _realloc                   0047ee90 f   LIBCMTD:dbgheap.obj
 0001:0007dec0       __realloc_dbg              0047eec0 f   LIBCMTD:dbgheap.obj
 0001:0007e470       __expand                   0047f470 f   LIBCMTD:dbgheap.obj
 0001:0007e4a0       __expand_dbg               0047f4a0 f   LIBCMTD:dbgheap.obj
 0001:0007e530       _free                      0047f530 f   LIBCMTD:dbgheap.obj
 0001:0007e550       __free_lk                  0047f550 f   LIBCMTD:dbgheap.obj
 0001:0007e570       __free_dbg                 0047f570 f   LIBCMTD:dbgheap.obj
 0001:0007e5e0       __free_dbg_lk              0047f5e0 f   LIBCMTD:dbgheap.obj
 0001:0007e9d0       __msize                    0047f9d0 f   LIBCMTD:dbgheap.obj
 0001:0007e9f0       __msize_dbg                0047f9f0 f   LIBCMTD:dbgheap.obj
 0001:0007eb80       __CrtSetBreakAlloc         0047fb80 f   LIBCMTD:dbgheap.obj
 0001:0007eba0       __CrtSetDbgBlockType       0047fba0 f   LIBCMTD:dbgheap.obj
 0001:0007ec80       __CrtSetAllocHook          0047fc80 f   LIBCMTD:dbgheap.obj
 0001:0007ed30       __CrtCheckMemory           0047fd30 f   LIBCMTD:dbgheap.obj
 0001:0007f0e0       __CrtSetDbgFlag            004800e0 f   LIBCMTD:dbgheap.obj
 0001:0007f110       __CrtDoForAllClientObjects 00480110 f   LIBCMTD:dbgheap.obj
 0001:0007f1c0       __CrtIsValidPointer        004801c0 f   LIBCMTD:dbgheap.obj
 0001:0007f210       __CrtIsValidHeapPointer    00480210 f   LIBCMTD:dbgheap.obj
 0001:0007f340       __CrtIsMemoryBlock         00480340 f   LIBCMTD:dbgheap.obj
 0001:0007f470       __CrtSetDumpClient         00480470 f   LIBCMTD:dbgheap.obj
 0001:0007f490       __CrtMemCheckpoint         00480490 f   LIBCMTD:dbgheap.obj
 0001:0007f640       __CrtMemDifference         00480640 f   LIBCMTD:dbgheap.obj
 0001:0007f770       __CrtMemDumpAllObjectsSince 00480770 f   LIBCMTD:dbgheap.obj
 0001:0007fb90       __CrtDumpMemoryLeaks       00480b90 f   LIBCMTD:dbgheap.obj
 0001:0007fc10       __CrtMemDumpStatistics     00480c10 f   LIBCMTD:dbgheap.obj
 0001:0007fce0       __CrtDbgBreak              00480ce0 f   LIBCMTD:dbgrpt.obj
 0001:0007fcf0       __CrtSetReportMode         00480cf0 f   LIBCMTD:dbgrpt.obj
 0001:0007fd50       __CrtSetReportFile         00480d50 f   LIBCMTD:dbgrpt.obj
 0001:0007fdd0       __CrtSetReportHook         00480dd0 f   LIBCMTD:dbgrpt.obj
 0001:0007fdf0       __CrtDbgReport             00480df0 f   LIBCMTD:dbgrpt.obj
 0001:00080490       __setdefaultprecision      00481490 f   LIBCMTD:fp8.obj
 0001:000804b0       __ms_p5_test_fdiv          004814b0 f   LIBCMTD:testfdiv.obj
 0001:00080510       __ms_p5_mp_test_fdiv       00481510 f   LIBCMTD:testfdiv.obj
 0001:00080560       __forcdecpt                00481560 f   LIBCMTD:cvt.obj
 0001:00080610       __cropzeros                00481610 f   LIBCMTD:cvt.obj
 0001:000806f0       __positive                 004816f0 f   LIBCMTD:cvt.obj
 0001:00080720       __fassign                  00481720 f   LIBCMTD:cvt.obj
 0001:00080770       __cftoe                    00481770 f   LIBCMTD:cvt.obj
 0001:00080960       __cftof                    00481960 f   LIBCMTD:cvt.obj
 0001:00080b10       __cftog                    00481b10 f   LIBCMTD:cvt.obj
 0001:00080c00       __cfltcvt                  00481c00 f   LIBCMTD:cvt.obj
 0001:00080c90       __isctype                  00481c90 f   LIBCMTD:isctype.obj
 0001:00080d60       _strchr                    00481d60 f   LIBCMTD:strchr.obj
 0001:00080d66       ___from_strstr_to_strchr   00481d66 f   LIBCMTD:strchr.obj
 0001:00080e20       __flsbuf                   00481e20 f   LIBCMTD:_flsbuf.obj
 0001:000810a0       __output                   004820a0 f   LIBCMTD:output.obj
 0001:00081f40       __close                    00482f40 f   LIBCMTD:close.obj
 0001:00081fc0       __close_lk                 00482fc0 f   LIBCMTD:close.obj
 0001:00082070       __freebuf                  00483070 f   LIBCMTD:_freebuf.obj
 0001:00082110       _fflush                    00483110 f   LIBCMTD:fflush.obj
 0001:00082160       __fflush_lk                00483160 f   LIBCMTD:fflush.obj
 0001:000821b0       __flush                    004831b0 f   LIBCMTD:fflush.obj
 0001:00082270       __flushall                 00483270 f   LIBCMTD:fflush.obj
 0001:000823c0       __write                    004833c0 f   LIBCMTD:write.obj
 0001:00082450       __write_lk                 00483450 f   LIBCMTD:write.obj
 0001:000826d0       __mtinitlocks              004836d0 f   LIBCMTD:mlock.obj
 0001:00082710       __mtdeletelocks            00483710 f   LIBCMTD:mlock.obj
 0001:000827b0       __lock                     004837b0 f   LIBCMTD:mlock.obj
 0001:00082850       __unlock                   00483850 f   LIBCMTD:mlock.obj
 0001:00082870       __lockerr_exit             00483870 f   LIBCMTD:mlock.obj
 0001:00082890       __stbuf                    00483890 f   LIBCMTD:_sftbuf.obj
 0001:000829f0       __ftbuf                    004839f0 f   LIBCMTD:_sftbuf.obj
 0001:00082a90       __ioinit                   00483a90 f   LIBCMTD:ioinit.obj
 0001:00082dc0       __ioterm                   00483dc0 f   LIBCMTD:ioinit.obj
 0001:00082e60       __fcloseall                00483e60 f   LIBCMTD:closeall.obj
 0001:00082f40       __openfile                 00483f40 f   LIBCMTD:_open.obj
 0001:000832d0       __getstream                004842d0 f   LIBCMTD:stream.obj
 0001:00083450       __input                    00484450 f   LIBCMTD:input.obj
 0001:00084950       __mtinit                   00485950 f   LIBCMTD:tidtable.obj
 0001:000849e0       __mtterm                   004859e0 f   LIBCMTD:tidtable.obj
 0001:00084a10       __initptd                  00485a10 f   LIBCMTD:tidtable.obj
 0001:00084a30       __getptd                   00485a30 f   LIBCMTD:tidtable.obj
 0001:00084ad0       __freeptd                  00485ad0 f   LIBCMTD:tidtable.obj
 0001:00084be0       ___threadid                00485be0 f   LIBCMTD:tidtable.obj
 0001:00084bf0       ___threadhandle            00485bf0 f   LIBCMTD:tidtable.obj
 0001:00084c00       ___loctotime_t             00485c00 f   LIBCMTD:dtoxtime.obj
 0001:00084cf0       __XcptFilter               00485cf0 f   LIBCMTD:winxfltr.obj
 0001:00084f10       __wincmdln                 00485f10 f   LIBCMTD:wincmdln.obj
 0001:00084fd0       __setenvp                  00485fd0 f   LIBCMTD:stdenvp.obj
 0001:00085120       __setargv                  00486120 f   LIBCMTD:stdargv.obj
 0001:00085630       ___crtGetEnvironmentStringsA 00486630 f   LIBCMTD:a_env.obj
 0001:00085850       __GetLinkerVersion         00486850 f   LIBCMTD:heapinit.obj
 0001:000858b0       ___heap_select             004868b0 f   LIBCMTD:heapinit.obj
 0001:00085ae0       __heap_init                00486ae0 f   LIBCMTD:heapinit.obj
 0001:00085b70       __heap_term                00486b70 f   LIBCMTD:heapinit.obj
 0001:00085c60       __FF_MSGBANNER             00486c60 f   LIBCMTD:crt0msg.obj
 0001:00085cb0       __NMSG_WRITE               00486cb0 f   LIBCMTD:crt0msg.obj
 0001:00085e70       __GET_RTERRMSG             00486e70 f   LIBCMTD:crt0msg.obj
 0001:00085ec0       ?_set_new_handler@@YAP6AHI@ZP6AHI@Z@Z 00486ec0 f   LIBCMTD:handler.obj
 0001:00085ef0       ?_query_new_handler@@YAP6AHI@ZXZ 00486ef0 f   LIBCMTD:handler.obj
 0001:00085f00       __callnewh                 00486f00 f   LIBCMTD:handler.obj
 0001:00085f30       __malloc_base              00486f30 f   LIBCMTD:malloc.obj
 0001:00085f50       __nh_malloc_base           00486f50 f   LIBCMTD:malloc.obj
 0001:00085fb0       __heap_alloc_base          00486fb0 f   LIBCMTD:malloc.obj
 0001:00086100       __CrtDefaultAllocHook      00487100 f   LIBCMTD:dbghook.obj
 0001:00086110       __expand_base              00487110 f   LIBCMTD:expand.obj
 0001:00086320       __realloc_base             00487320 f   LIBCMTD:realloc.obj
 0001:000867c0       __free_base                004877c0 f   LIBCMTD:free.obj
 0001:00086910       __heapchk                  00487910 f   LIBCMTD:heapchk.obj
 0001:00086a20       __heapset                  00487a20 f   LIBCMTD:heapchk.obj
 0001:00086a30       __get_sbh_threshold        00487a30 f   LIBCMTD:sbheap.obj
 0001:00086a60       __set_sbh_threshold        00487a60 f   LIBCMTD:sbheap.obj
 0001:00086b70       ___sbh_heap_init           00487b70 f   LIBCMTD:sbheap.obj
 0001:00086be0       ___sbh_find_block          00487be0 f   LIBCMTD:sbheap.obj
 0001:00086c40       ___sbh_verify_block        00487c40 f   LIBCMTD:sbheap.obj
 0001:00086ca0       ___sbh_free_block          00487ca0 f   LIBCMTD:sbheap.obj
 0001:00087280       ___sbh_alloc_block         00488280 f   LIBCMTD:sbheap.obj
 0001:000877c0       ___sbh_alloc_new_region    004887c0 f   LIBCMTD:sbheap.obj
 0001:000878d0       ___sbh_alloc_new_group     004888d0 f   LIBCMTD:sbheap.obj
 0001:00087ac0       ___sbh_resize_block        00488ac0 f   LIBCMTD:sbheap.obj
 0001:000880b0       ___sbh_heapmin             004890b0 f   LIBCMTD:sbheap.obj
 0001:000881e0       ___sbh_heap_check          004891e0 f   LIBCMTD:sbheap.obj
 0001:00088800       __get_old_sbh_threshold    00489800 f   LIBCMTD:sbheap.obj
 0001:00088810       __set_old_sbh_threshold    00489810 f   LIBCMTD:sbheap.obj
 0001:00088840       ___old_sbh_new_region      00489840 f   LIBCMTD:sbheap.obj
 0001:00088a20       ___old_sbh_release_region  00489a20 f   LIBCMTD:sbheap.obj
 0001:00088aa0       ___old_sbh_decommit_pages  00489aa0 f   LIBCMTD:sbheap.obj
 0001:00088c00       ___old_sbh_find_block      00489c00 f   LIBCMTD:sbheap.obj
 0001:00088c90       ___old_sbh_free_block      00489c90 f   LIBCMTD:sbheap.obj
 0001:00088d00       ___old_sbh_alloc_block     00489d00 f   LIBCMTD:sbheap.obj
 0001:000890c0       ___old_sbh_alloc_block_from_page 0048a0c0 f   LIBCMTD:sbheap.obj
 0001:00089370       ___old_sbh_resize_block    0048a370 f   LIBCMTD:sbheap.obj
 0001:000894e0       ___old_sbh_heap_check      0048a4e0 f   LIBCMTD:sbheap.obj
 0001:00089720       __itoa                     0048a720 f   LIBCMTD:xtoa.obj
 0001:00089840       __ltoa                     0048a840 f   LIBCMTD:xtoa.obj
 0001:00089880       __ultoa                    0048a880 f   LIBCMTD:xtoa.obj
 0001:000898a0       __i64toa                   0048a8a0 f   LIBCMTD:xtoa.obj
 0001:000899f0       __ui64toa                  0048a9f0 f   LIBCMTD:xtoa.obj
 0001:00089a10       __snprintf                 0048aa10 f   LIBCMTD:snprintf.obj
 0001:00089b10       __vsnprintf                0048ab10 f   LIBCMTD:vsnprint.obj
 0001:00089c10       _signal                    0048ac10 f   LIBCMTD:winsig.obj
 0001:00089ee0       _raise                     0048aee0 f   LIBCMTD:winsig.obj
 0001:0008a180       ___fpecode                 0048b180 f   LIBCMTD:winsig.obj
 0001:0008a190       ___pxcptinfoptrs           0048b190 f   LIBCMTD:winsig.obj
 0001:0008a1a0       ___crtMessageBoxA          0048b1a0 f   LIBCMTD:crtmbox.obj
 0001:0008a260       _strncpy                   0048b260 f   LIBCMTD:strncpy.obj
 0001:0008a360       __statusfp                 0048b360 f   LIBCMTD:ieee87.obj
 0001:0008a380       __clearfp                  0048b380 f   LIBCMTD:ieee87.obj
 0001:0008a3a0       __control87                0048b3a0 f   LIBCMTD:ieee87.obj
 0001:0008a3f0       __controlfp                0048b3f0 f   LIBCMTD:ieee87.obj
 0001:0008a410       __fpreset                  0048b410 f   LIBCMTD:ieee87.obj
 0001:0008a800       __tolower                  0048b800 f   LIBCMTD:tolower.obj
 0001:0008a810       _tolower                   0048b810 f   LIBCMTD:tolower.obj
 0001:0008a8b0       __tolower_lk               0048b8b0 f   LIBCMTD:tolower.obj
 0001:0008a9e0       __ZeroTail                 0048b9e0 f   LIBCMTD:intrncvt.obj
 0001:0008aa70       __IncMan                   0048ba70 f   LIBCMTD:intrncvt.obj
 0001:0008ab20       __RoundMan                 0048bb20 f   LIBCMTD:intrncvt.obj
 0001:0008ac00       __CopyMan                  0048bc00 f   LIBCMTD:intrncvt.obj
 0001:0008ac50       __FillZeroMan              0048bc50 f   LIBCMTD:intrncvt.obj
 0001:0008ac80       __IsZeroMan                0048bc80 f   LIBCMTD:intrncvt.obj
 0001:0008acc0       __ShrMan                   0048bcc0 f   LIBCMTD:intrncvt.obj
 0001:0008adb0       __ld12cvt                  0048bdb0 f   LIBCMTD:intrncvt.obj
 0001:0008b000       __ld12tod                  0048c000 f   LIBCMTD:intrncvt.obj
 0001:0008b020       __ld12tof                  0048c020 f   LIBCMTD:intrncvt.obj
 0001:0008b040       __ld12told                 0048c040 f   LIBCMTD:intrncvt.obj
 0001:0008b100       __atodbl                   0048c100 f   LIBCMTD:intrncvt.obj
 0001:0008b140       __atoldbl                  0048c140 f   LIBCMTD:intrncvt.obj
 0001:0008b180       __atoflt                   0048c180 f   LIBCMTD:intrncvt.obj
 0001:0008b1c0       __fptostr                  0048c1c0 f   LIBCMTD:_fptostr.obj
 0001:0008b2c0       __fltout2                  0048c2c0 f   LIBCMTD:cfout.obj
 0001:0008b340       ___dtold                   0048c340 f   LIBCMTD:cfout.obj
 0001:0008b4b0       _memmove                   0048c4b0 f   LIBCMTD:memmove.obj
 0001:0008b7f0       __fptrap                   0048c7f0 f   LIBCMTD:crt0fp.obj
 0001:0008b800       ___crtGetStringTypeA       0048c800 f   LIBCMTD:a_str.obj
 0001:0008b9c0       __lseek                    0048c9c0 f   LIBCMTD:lseek.obj
 0001:0008ba50       __lseek_lk                 0048ca50 f   LIBCMTD:lseek.obj
 0001:0008bb10       __getbuf                   0048cb10 f   LIBCMTD:_getbuf.obj
 0001:0008bbe0       __isatty                   0048cbe0 f   LIBCMTD:isatty.obj
 0001:0008bc20       _wctomb                    0048cc20 f   LIBCMTD:wctomb.obj
 0001:0008bca0       __wctomb_lk                0048cca0 f   LIBCMTD:wctomb.obj
 0001:0008bd40       __aullrem                  0048cd40 f   LIBCMTD:ullrem.obj
 0001:0008bdc0       __alloc_osfhnd             0048cdc0 f   LIBCMTD:osfinfo.obj
 0001:0008bfb0       __set_osfhnd               0048cfb0 f   LIBCMTD:osfinfo.obj
 0001:0008c070       __free_osfhnd              0048d070 f   LIBCMTD:osfinfo.obj
 0001:0008c150       __get_osfhandle            0048d150 f   LIBCMTD:osfinfo.obj
 0001:0008c1c0       __open_osfhandle           0048d1c0 f   LIBCMTD:osfinfo.obj
 0001:0008c2d0       __lock_fhandle             0048d2d0 f   LIBCMTD:osfinfo.obj
 0001:0008c360       __unlock_fhandle           0048d360 f   LIBCMTD:osfinfo.obj
 0001:0008c390       __dosmaperr                0048d390 f   LIBCMTD:dosmap.obj
 0001:0008c430       __errno                    0048d430 f   LIBCMTD:dosmap.obj
 0001:0008c440       ___doserrno                0048d440 f   LIBCMTD:dosmap.obj
 0001:0008c450       __commit                   0048d450 f   LIBCMTD:commit.obj
 0001:0008c530       __open                     0048d530 f   LIBCMTD:open.obj
 0001:0008c570       __sopen                    0048d570 f   LIBCMTD:open.obj
 0001:0008cad0       _mbtowc                    0048dad0 f   LIBCMTD:mbtowc.obj
 0001:0008cb50       __mbtowc_lk                0048db50 f   LIBCMTD:mbtowc.obj
 0001:0008ccb0       _isalpha                   0048dcb0 f   LIBCMTD:_ctype.obj
 0001:0008cd00       _isupper                   0048dd00 f   LIBCMTD:_ctype.obj
 0001:0008cd40       _islower                   0048dd40 f   LIBCMTD:_ctype.obj
 0001:0008cd80       _isdigit                   0048dd80 f   LIBCMTD:_ctype.obj
 0001:0008cdc0       _isxdigit                  0048ddc0 f   LIBCMTD:_ctype.obj
 0001:0008ce10       _isspace                   0048de10 f   LIBCMTD:_ctype.obj
 0001:0008ce50       _ispunct                   0048de50 f   LIBCMTD:_ctype.obj
 0001:0008ce90       _isalnum                   0048de90 f   LIBCMTD:_ctype.obj
 0001:0008cee0       _isprint                   0048dee0 f   LIBCMTD:_ctype.obj
 0001:0008cf30       _isgraph                   0048df30 f   LIBCMTD:_ctype.obj
 0001:0008cf80       _iscntrl                   0048df80 f   LIBCMTD:_ctype.obj
 0001:0008cfc0       ___isascii                 0048dfc0 f   LIBCMTD:_ctype.obj
 0001:0008cfd0       ___toascii                 0048dfd0 f   LIBCMTD:_ctype.obj
 0001:0008cfe0       ___iscsymf                 0048dfe0 f   LIBCMTD:_ctype.obj
 0001:0008d040       ___iscsym                  0048e040 f   LIBCMTD:_ctype.obj
 0001:0008d0a0       __filbuf                   0048e0a0 f   LIBCMTD:_filbuf.obj
 0001:0008d290       _ungetc                    0048e290 f   LIBCMTD:ungetc.obj
 0001:0008d300       __ungetc_lk                0048e300 f   LIBCMTD:ungetc.obj
 0001:0008d440       ___tzset                   0048e440 f   LIBCMTD:tzset.obj
 0001:0008d480       __tzset                    0048e480 f   LIBCMTD:tzset.obj
 0001:0008d850       __isindst                  0048e850 f   LIBCMTD:tzset.obj
 0001:0008dd80       __ismbbkalnum              0048ed80 f   LIBCMTD:ismbbyte.obj
 0001:0008dda0       __ismbbkprint              0048eda0 f   LIBCMTD:ismbbyte.obj
[...]
FIXUPS: 1102c 12 39 1f 50 e 19 18 1f 1f 33 18 21 2e 1a 15 46 f c 12 12
FIXUPS: 10a99 c 12 3e 12 12 12 2c 20 1a 15 33 c 12 42 12 2d 3c 1d 46 1a
FIXUPS: 10d46 33 12 f 19 f 12 29 60 1a 28 ffffe9b3 1a 2c 41 2a 37 1d 36
FIXUPS: f9ae 1a 85 21 3b c f 51 1c 28 1a 15 5f1 c 12 25 12 12 12 12 32
FIXUPS: 10263 47 10 fffff039 41 20 20 20 20 20 20 1d 1d 1d 24 21 1d 3a
FIXUPS: f504 1d 1d 38 10 9c 1d 1d 1d 1a 1a 1a 1a d f8 1a 2c fffff64e 2c
FIXUPS: eed2 2c 2c 2c 2c 2c 2f 2f 2f 2f 2c 2c 23 d 37 c f f f f f f f f
FIXUPS: f213 18 58 1a 1a 24 fffff61f 2c 2c 2c 2c 2c 2c 2c 2c 2c 2c 2c 2c
FIXUPS: eb36 2c 2c 2c 2c 2c 2c 2c 2c 2c 2c 2c 2c 2c 2c 2c 2c 2c 2c fffff262
FIXUPS: e0db 35 35 35 3a 33 2e 35 35 3a 33 33 33 33 30 30 2b 31 23 1a d
FIXUPS: e745 29 2c 2c 2c 2c 2c 2c 2c 2c fffff40b 1d 1d 1d 1d 1d 1d 1d 1d
FIXUPS: ddde 1d 1d 1d 1d 1d 1d 1d 1d 1d 1d 1d 1d 1d 1d 1d 1d 1d 1d 1d 1d
FIXUPS: e050 2b fffff8be 1d 1d 1d 1d 1d 1d 1d 1d 1d 1d 1d 1d 1d 1d 1d 1d
FIXUPS: db26 1d 1d 1d 1d 1d 1d 1d 1d 1d 1d 1d 1d 1d 1d fffff886 d 84 1d
FIXUPS: d60d 1d 1d 1d 1d 1d 1d 1d 1d 1d 1d 1d 1d 1d 1d 1d 1d 1d 1d 1d 1d
FIXUPS: d86e 1d 1d 1d 1d 1d 1d fffff7ca 1a 1a 1a d 5d 1d 1d 1d 1a 1a 1a
FIXUPS: d25d d 88 1a 1a 1a 15 61 1a 1a 1a d 55 1d 1d 1d 1d 1a 1a 1a fffff246
FIXUPS: c78b 1d 1d 1d 1d 1d 1d 1d 1d 1d 1d 1d 1d 1d 1a 33 21 d a4 c f 19
FIXUPS: ce39 18d 1d 1d 1a 1a 1a 1a d fffff19b 1d 1d 1d 1d 1d 1d 1d 1d 1d
FIXUPS: c332 1d 1d 1d 1d 1d 1d 1d 1d 1d 31 26 1a d 1d1 1d 1d 1d 1d 1d 1d
FIXUPS: c751 fffff6c0 1a 2f 1d 2e 1a 1a 1a d 81 1d 1d 1d 1d 1d 26 20 12
FIXUPS: c08a 12 20 12 20 1d 1d 1d 1d 1d 1d 1d 1d 1d fffff74e 1a 21 d 8d
FIXUPS: ba33 1a 1a 1a 21 d 63 1a 1a 1a d 69 1a 1a 1a d 5b 1a 23 1a 20 1a
FIXUPS: bd3d 1a d 79 1a 15ae0 46 9c 21 e 16 77 35 15 23 28 1b 27 1e 28
FIXUPS: 21bd7 45 3c 36 16 15 d 65 f fffe9b25 1d 1d 1d 1d 1d 1d 1a 154a5
FIXUPS: 20e06 21 5a 1d e 54 41 1ef 14 19 18b 11 11 14 c1 4b 74 f 3b 9e
FIXUPS: 215a9 1e d 4b 1d 32 1d 37 1b d c5 fffff297 1c 2d 21 c 16 2b c 38
FIXUPS: 20b4d 16 38 c 16 38 c 13 38 c 13 38 c 13 38 13 1e c 2b c 2b c 16
FIXUPS: 2056a 35 c 62 2f 18 6e 9 2a 26 18 dc c 26 c 33 2b c 19 2f c 2b
FIXUPS: 20942 11 19 2b c 19 2b c 1c 2b fffff648 c 33 c 33 c 33 c 33 c 47
FIXUPS: 201eb 17 21 3a 21 33 17 13 1c 84 3a c c 31 37 24 2f 1f 14 10 7d
FIXUPS: 1facf 1d 5f 2f c 23 50 38 38 38 38 38 38 38 38 38 38 38 38 33 3c
FIXUPS: 1ff14 33 c 33 c 33 c 33 c 33 c 23d6 32 16 25 51 32 13 13 38 28
FIXUPS: 225ec 1c ffffcfad 1a 1b 16 10 66 24 d 6a 2e 11 1f 1f 40 c 197 6c
FIXUPS: 1f9ec 75 16 ce9e ffff546e 14 28 a 19 1e f 13 a5 3b 16 19 d 8 12
FIXUPS: 21f6f 7e 3a 53 b1 47 55 60 31 31 a7 59 2f 25 22 13 a07e 17 17 17
FIXUPS: 2c516 17 17 17 1a ef 6e 17 17 29 17 50 87 1c c f f f f f f f f
FIXUPS: 2c8c6 f f f f fffff43d 12 12 12 d1 4c 6a 83 37 b4 75 c f f f f
FIXUPS: 2c136 f f 23 3b 36 5c 50 16 2c 3c 35 a9 11 47 31 ffffeb87 37 3d
FIXUPS: 2b0b5 4a 51 3d 8e 15d 2d 215 42 71 25 47 ac 57 3f 5f 9b 57 c3 4c
FIXUPS: 2ba87 12 15 22 25 25 9 25 1be ffffeaef f f f f f 64 62 1db 1a 59
FIXUPS: 2abad 59 30 1d 57 46 12f 31 2a 4b 52 c f f f f f f f f 34 fffff4cc
FIXUPS: 2a4ad 12 12 1b 3b e 12 12 2c 12 12 12 12 12 1b 14 73 12 12 12 12
FIXUPS: 2a6db 12 12 31 53 c f f f f ffffec21 51 2d 47 30 9f 48b da 24c
FIXUPS: 29d9c 6e 37 ff 82 d1 6b 9d 11c 9d 42 c 12 12 12 12 1b 1f 12 12
FIXUPS: 2a45a 1b 14 ffffe81a 12 2c 12 12 12 12 12 12 1f 36 28 c 5a 3c 38
FIXUPS: 28eb0 12 12 6b 4c 4b c 4f 4b 3a 9a d9 24 16 1a a2 fffff024 12 12
FIXUPS: 28379 12 12 12 12 12 12 10f 86 2a7 7e 2c 38 4e 61 3d 5a 58 12 50
FIXUPS: 28b4e 6b 70 14 c 12 12 12 12 fffff1cc 38 2b 22 5c 38 4a 55 2c 16
FIXUPS: 28069 12 12 12 12 12 12 12 12 12 12 12 ad 9f 38 12 12 12 12 12
FIXUPS: 2831f 12 ffffea0b f f 27 2d 31 59 a9 62 6c 8e 37 70 103 46 4b 36
FIXUPS: 27381 261 16 98 dd 24f 33 2e 54 2d d4 29 26 18a c0 ffffec91 12
FIXUPS: 26ac0 f 2c f f f 12 12 12 12 12 12 12 12 12 3c 3b 33 f f f f f
FIXUPS: 26cce f f f f 14 f fffff1c6 12 12 2f 18 2f 21 a1 ae 179 d8 16 b4
FIXUPS: 26432 59 59 59 30 1d 57 b1 37 39 ca 95 87 44 6b 6b 53 12 c ffffee54
FIXUPS: 25904 2c 2c 14 12 12 12 38 18 44 12 12 12 155 a1 7b a7 3c 16 43
FIXUPS: 25e33 12 c 12 12 12 12 12 12 12 12 ffffedad f f2 ad 43 6a 5d 43
FIXUPS: 24f9f 104 56 13e 11f 237 35 3b 75 52 67 53 40 49 c 12 12 12 12
FIXUPS: 2586d 12 12 12 12 ffffed84 1a 15 2f 5f 4a 75 b0 2d ed c f f f f
FIXUPS: 249d6 f f f f f f f a1 78 39 56 53 e f 19 f fffff31c 76 22 34 d9
FIXUPS: 241b6 9 32 21 5f 2f 1a 15 2f 16 1a 15 2f 5f 4a 5a 55 1a 15 2f 2c
FIXUPS: 24575 2b 25 1a 15 2f ffffed53 f 2a 74 f f f f f f f f f 39 85 5e
FIXUPS: 235e4 15 2f 5c 37 10 1e ee 187 a9 24 78 ce 77 35d 22 ffffeb9f 12
FIXUPS: 22b3b 18 39 84 12 1f 12 17 53 1b9 9 32 21 49 7c 5d 68 58 21 2b
FIXUPS: 23187 4a 6e ad 15 18 24 c f f fffff3c9 f f f f f f 39 77 1a 3a
FIXUPS: 228a5 47 c 12 12 12 12 47 74 12 12 12 12 12 12 12 33 12 12 12 12
FIXUPS: 2d94f 29 16 65 29 c 3b c 1d 25 1d 13 31 2e 13 20 16 34 27 14 12
FIXUPS: 22649 24 c f f f f 2a 24 f f ad89 23 2f 23 2d d 64 b 2c 12 19 14
FIXUPS: 2d675 1c 1a 1d 64 17 d 1d 20 18 16 20 17 d 1d 1d 3c 31 6a 29 fffff55f
FIXUPS: 2cec4 14 29 14 2f 14 10 9a e7 3d 1f 44 2f 26 21 88 19 1d 21 37
FIXUPS: 2d31b 2c f 47 1c 1d 20 13 17 23 2f 35f24 8 5 5 15 fffc95fe 55 14
FIXUPS: 2ca34 51 2f 14 1d 7b 14 3f 14 7 2c 14 2c 14 21 54 3a 14 2c 14 2c
FIXUPS: 2cd91 3a 14 36121 57 1b 20 39 16 5e 1c 1c 10 5f f 4d 25 16 19 16
FIXUPS: 631f7 11 5 2a d 8 5 2d 21 13 21 43 36 1b 26 fffff747 23 44 48 37
FIXUPS: 62bd5 1b 5c 15 10 41 17 1a 23 f 2d 35 e 5 5 19 10 5 19 3d 17 38
FIXUPS: 62e9f 15 a 1b 1a fffff664 14 16 60 8f 14 3a 25 24 43 1b 5 29 29
FIXUPS: 627d7 d 6a 19 2b 12 71 27 1b 1b 2e 72 32 13 19 13 13 13 fffff5be
FIXUPS: 62081 1a 1a 3b 6c 1d 1b 15 d 32 1c 23 1c 23 1c 23 1c 1c 55 38 1e
FIXUPS: 6239e 3a 25 41 38 1e 16 3e 25 25 fffff336 26 1fe 1a 1a 1a 1a 1a
FIXUPS: 61b28 1a 1a b 21 1e c 37 18 71 5d 5f 5d 1a 1d 1d 14e 50 1b 4b 1c
FIXUPS: 62019 1a 1a ffffefdc 2a 12 3f 3b 15 123 71 21 41 16 1f 17 19 25
FIXUPS: 613ca 18 76 25 22 29 24 14 81 9 26 16 16 51 48 17 161 fffff284
FIXUPS: 60b0d 3a 18 43 11 29 2e 73 16 18 19 30 32 83 3e 16 4f 64 5 17 c
FIXUPS: 60ee0 f 33 21 2c 14 36 16 1d 1b fffff3cb 13 36a 2d 22 9 c c c c
FIXUPS: 60808 e 1c e 1c e 1c e 1c e 9 17 41 e 14 16 29 60 22 34 11 16 fffff564
FIXUPS: 5ffd2 22 1e 21 27 1e 21 21 21 21 21 21 21 21 21 21 21 21 21 21
FIXUPS: 6026d 31 31 e 11 11 34 31 21 21 21 fffff79d c 20 20 20 20 29 24
FIXUPS: 5fc57 80 5e a e 27 1e 8 29 1e 21 21 c 21 21 21 21 c 27 24 24 24
FIXUPS: 5ff70 30 fffff8e2 37 e e 11 34 31 24 19 9 1c 9 1c 9 1c 9 1c 9 1c
FIXUPS: 5fa4a 1e c 1e c 1e c 1e c 1e c 1e c fffff6c7 1d 40 23 36 2d 23
FIXUPS: 5f343 56 18 24 27 86 35 e 40 93 25 16 28 c 22 1d 4d 52 3e 35 29
FIXUPS: 5f7a2 4f 43 21 fffff51e 21 27 24 24 24 31 24 31 10 13 29 26 2c
FIXUPS: 5ef71 23 e 21 24 24 e 20 34 1d 20 34 38 1e 1e 23 3d 27 fffff441
FIXUPS: 5e62f 21 26 15 12 2a0 34 e 27 24 24 31 5d e 34 27 2b 37 82 1b 31
FIXUPS: 5ec25 13 21 21 d 28 37 d 28 37 fffff341 1e 1e 13 13 13 21 be 34
FIXUPS: 5e258 26 38 30 2a 1b 1b 62 1c 30 30 1c 30 30 1c 30 30 1c 30 30
FIXUPS: 5e5bc 15 28 fffff646 1d 1e 19 25 1e 19 18 10 3c d 4c 25 21 24 25
FIXUPS: 5de5c 2f 26 2c 25 21 1b 25 21 13 2c 15 3b 13 25 1a fffff07c 1e4
FIXUPS: 5d302 37 28 160 e 10 51 52 c3 c 12 25 17c c 12 12 2e 12 12 12 12
FIXUPS: 5d8bc 138 1e 19 c2 90 2b 16 20 fffff0a3 26 e 12 30 a 13 16 27 16
FIXUPS: 5cd8b 12 e c 11 2c 21 1b 16 4a e 4b e 30 e 23 2c 1d 65 28 16 6f
FIXUPS: 5c87e 5b 59 16 26 20 20 16 16 1d d 30 11 19 15 26 1d 3d 1a 16 13
FIXUPS: 5cb4c 14 9 29 1a 16 27 e 3a e 34 fffff51f 29 ca 35 35 c 63 16 2f
FIXUPS: 5c3df 2e 8c 1a 68 23 2b 24 23 2b 29 29 37 1a 1c 1a 27 21 e 1a 9d
FIXUPS: 5c7f7 71 fffff2db 24 26 1d 15 28 13 9 e c e 20 20 20 15 27 24 24
FIXUPS: 5bd30 21 21 4d 47 1e 103 ce c 36 c 1a eb 29 fffff469 27 13 18 18
FIXUPS: 5b681 37 6f 17 15 1b 1b 1b 54 39 32 1b 1b 1b 1b 1b 1b 1b 1b 1b
FIXUPS: 5b961 17 24 2e 11 16 12e fffff4b7 d 62 5d 13 175 26 3b 17 34 23
FIXUPS: 5b30a 14 18 6 76 8 5 9 e 20 32 f 15 3e 17 43 37 3d 1c 24 26 fffff430
FIXUPS: 5aa09 e 18 1b e 17 f 87 26 18 10 1f 62 31 2d 28 31 15 1a 26 34
FIXUPS: 5add4 26 1f 17 12 37 1d 2b e6 13 fffff5b7 10 5b 3e 1c 18 17 1a
FIXUPS: 5a69a e 17 12 71 23 23 24 23 23 26 e 26 e 15 10 5f 28 28 18 34
FIXUPS: 5a9a2 15 1a fffff3ee 13 40 5f 51 e3 84 2e 2f e 1c 8b 24 e 1a 37
FIXUPS: 5a24c e 28 28 7b 28 28 79 28 28 d 9a 27 1c 26 e fffff1f7 1a f c9
FIXUPS: 59866 1d 34 4d 19 14 24 85 46 29 1f 21 2d 1f 10 33 16 5b 1c 17
FIXUPS: 59bdc 25 96 4b 32 34 21 32 fffff51f 1b 27 1b 2b 15 1d 39 1d 39
FIXUPS: 59420 39 1d 39 19 30 1b 2b 19 30 1b 2b 19 30 1b 2b 19 34 19 34
FIXUPS: 5970c 34 fffff562 24 24 24 24 24 24 24 23 23 23 26 26 1e 10 17
FIXUPS: 58ea8 c5 34 28 28 1a 32 18 24 24 24 28 28 21 146 1b fffff279 3c
FIXUPS: 58574 17 f 4c e 22 e 2a e 2a e d 3b 82 5a 41 41 46 2a e 7e 5a 41
FIXUPS: 58a12 46 2a e d 1ba 27 fffff390 18 1a 19 18 1a 16 18 1a d 51 7c
FIXUPS: 581ed 1b 13 1c 10 b2 10 3b 6c f 15 12 6f 1c e 1c e 21 18 10 fffff054
FIXUPS: 5768e 48 1e 82 33 16 23 48 2b1 15a 64 10 63 2c e 10 54 2c 16 2c
FIXUPS: 57e26 3d 59 2e 25 69 18 1a 19 18 1a ffffefbd 28 28 28 28 28 28
FIXUPS: 570ca 28 28 24 28 28 28 28 28 28 31 d 59 17 32 21 f 4a d 93 e 45
FIXUPS: 574ea 24 25 fffff585 25 25 49 5 29 16 33 32 33 2b 1c 2c 1c 1a 3e
FIXUPS: 56d2a d 52 29 d 38 2b 28 28 28 28 28 28 28 28 28 fffff5d9 1e 4f
FIXUPS: 565e0 3b 3c 28 28 28 2d 29 16 51 1e 1d 22 63 23 1a 22 39 3d 25
FIXUPS: 5696b 25 25 25 25 25 25 25 25 fffff2e2 e8 1a 1a 28 17 13 d 37 3e
FIXUPS: 55f75 10 47 10 10 15 1a d 9a e 20 2f 13 256 2a 39 10 4f 54 1b 25
FIXUPS: 564ee fffff4f9 20 1b 1b 1b 1b 1b 1b 1b 1b 1b 1b 1b 1b 1b 1b 1b
FIXUPS: 55bb7 1b 1b 1b 1b 1b 1b 1b 1b 1b 1b 1b d 57 1f fffff8d3 16 10 45
FIXUPS: 556b2 1d 1d 1d 1d 1d 1d 1d 1d 1d 1d 1d 1d 1d 1d 1d 1d 1d 1d 1d
FIXUPS: 558f6 1d 1d 1d 1d 1d 1d 1d fffff766 4d 2f 27 27 27 27 27 24 11
FIXUPS: 552ab 6e 2b d 71 23 23 23 24 21 18 10 1a 52 28 28 28 18 21 17 f
FIXUPS: 5561c fffff47b 69 10 41 26 1a 23 f 7b 17 1a 23 f 4c 1d 27 21 1d
FIXUPS: 54d8b 74 33 d 43 86 d 4e 41 41 41 41 41 41 fffff4d7 18 24 28 51
FIXUPS: 54697 30 15 2b 60 2b 10 88 24 24 26 24 18 10 15 6 1a 15 12 71 21
FIXUPS: 549ea 10 38 1e 21 17 fffff598 e 2c e 2c e d 51 2c 21 d 5b 31 d
FIXUPS: 54232 24 6a 2c 27 25 18 10 d6 1a 1f 1a 1a 4f 1d 4f 1d 1a fffff5a8
FIXUPS: 53b59 22 13 15 10 1c e 26 1a 1a 44 40 43 32 4a 52 e 37 3e e 27
FIXUPS: 53e96 3d d 43 d 56 e 1d e d fffff595 4e 1b 20 39 c 14 2c 2e 43
FIXUPS: 5370d 89 d 5a 28 18 1a 1c 13 a2 20 39 35 29 35 1c d 25 13 1f 10
FIXUPS: 53b27 fffff536 d 14b 29 2d 1b 15 10 4d 1c 6 1a 12 6f 26 21 18 10
FIXUPS: 533de 3f 28 21 17 f 36 1a e 1a e 1a e 1a fffff6b7 28 24 24 21 17
FIXUPS: 52ccd 1b e f 75 e 1c e 15 10 1a 55 9 1b 1d e 1b e 6e 17 1e e 18
FIXUPS: 52f97 12 85 fffff7b7 26 26 1c e 1c e 1c e 1c e 21 18 10 1a 46 28
FIXUPS: 529d2 21 17 f 7a 24 26 26 e 24 24 15 10 1a 4f fffff7cf e 25 e 22
FIXUPS: 5241e 5 d 49 e 3a e 36 1a 14 27 e 7d 43 e 22 a 8 5 9 10 65 e e
FIXUPS: 52719 4a d fffff7e3 1d 1a 15 1d 1a 15 1d 1a 15 1d 1a d 42 5c 2e
FIXUPS: 5216f 1d 30 52 e 48 e 12 45 e 3a e 36 c 1a 14 fffff735 1c 3c 1c
FIXUPS: 51b54 38 1c 1c 1c 35 e 77 1f 1c 1c 1c 1c d 51 2b 28 28 28 44 1c
FIXUPS: 51e9f 1d 1a 1a 1a 1a 1a fffff7a8 1c e 1c 4b 15 26 12 3f d 43 d
FIXUPS: 51897 1d 1a 1a 1a 1a 1a 1a 1a 1a 1a 1a 1a 1a 1a 1a 1a 1a 38 1c
FIXUPS: 51207 25 25 27 27 27 27 27 16 1a 23 25 1f 22 1d 1d 1d 1d 1d 1d
FIXUPS: 51498 1d 1d 15 10 3e 17 12 12e 1f 13 18 fffff5c9 15 20 30 32 26
FIXUPS: 50d6c 16 42 2c 1f 15 85 2b 12 c2 27 1f 28 25 1d 1f 39 1f 1f 1e
FIXUPS: 5112f 1f 25 25 25 25 fffff44c 26 e 2b 1f d 20 ed 1f 23 3d 24 24
FIXUPS: 508b1 9 18 10 1a 45 21 f1 53 21 36 18 23 5b 26 1d 7d 15 1a fffff216
FIXUPS: 4fece 35 12 4b 40 2c 24 5b 2f 31 25 27 58 25 27 38 3a 2f 4a 4f
FIXUPS: 502f7 27 52 3a 33 5f 2e 10 4b 10 14b fffff0d8 31 2c 24 c9 32 51
FIXUPS: 4f8f1 24 58 37 1d 2f b4 3b 22 24 36 35 12 4b 6f 3b 22 24 36 35
FIXUPS: 4fd5a 4b 6f 3b 25 fffff1f3 1d 80 58 6b 39 10 4b 2e 22 27 92 22
FIXUPS: 4f392 12 12 1c 19 1f 1d 24 2e 2e 2c 24 8a 2f 2f 66 2c 24 34 ffffee1d
FIXUPS: 4e51e d1 5c 2e 10 4b 77 63 22 2b 25 22 5d 96 10f 6c 2e 10 4b 123
FIXUPS: 4ecc5 4f c9 56 10 53 76 2c 1d 1d 4f ffffeb72 5b 42 2b 9d 4a 9e
FIXUPS: 4dd9b 1b 27 27 89 83 d6 45 f3 3a 32 5e 6d 4f 22 1d 81 3a 1d 36
FIXUPS: 4e40a 20 1d 1d 4a ffffed45 3c 1c 69 34 13 34 8a 13 48 30 4c 1d
FIXUPS: 4d4d7 79 18 16 48 3e 19 10 1c 2a 186 22 20 a9 4e 2b 37 2c ec ffffef7f
FIXUPS: 4ca41 d d5 d a1 e 74 e 4d e 75 e 9e e 16 10 c0 e 74 e 4d e 75 e
FIXUPS: 4d0dd e 16 10 a1 17 15 ffffef6f 16 28 10 11 16 11 11 11 13 59 6e
FIXUPS: 4c304 28 b 1d 16 5 10 39f 165 11 16 10 6c 3f 12 29 32 17 13 13
FIXUPS: 4b925 20 23 14 20 23 14 37 34 1d 2b 14 24 3a 19 2f 14 29 1d6 9c
FIXUPS: 4be72 66 70 5b 2e 37 81 1d 25 10 3b 24 fffff33c 11 17 47 13 d6
FIXUPS: 4b5df 17 39 6d 10 1a 13 17 91 1b e 11 11 11 11 13 13 13 15 26 13
FIXUPS: 4b886 11 33 14 33 fffff3c5 16 7a 1d 20 98 c c 8e 23 87 92 23 a0
FIXUPS: 4b115 35 19 23 23 1f a5 34 28 23 14 62 19 36 a 17 3c 11 fffff15c
FIXUPS: 4a5f4 7b 3c 30 10 11 13 39 a 26 14 11 1c e 17 27 53 6c 21 47 59
FIXUPS: 4aa16 49 23 1f 62 6f 28 23 24 54 ffffed76 82 50 29 1d 9c 5a 31
FIXUPS: 49c1a 1d 1a0 4e 31 3e 1d a8 50 29 1d 1d9 3a 1d 63 1f 12 1f 12 fa
FIXUPS: 4a416 32 7c 7b ffffeee9 11 1f 11 1f 11 1f 13 1f 13 1f 13 1f 13
FIXUPS: 49580 13 1f 36 1f 91 36 36 36 36 6f 6f 6f 4f 1d 12 1d 34 fffff523
FIXUPS: 48ee2 36 36 36 36 36 31 6e 1f 9 1f 1f 1f 9 1f 22 1f 21 1f f1 1a
FIXUPS: 492e5 62 1f 13 1f 11 1f 11 1f 11 fffff598 6b e 1c e 2b 2a 2a 2a
FIXUPS: 48b17 2a 2a 2d 33 33 33 33 52 17 17 17 17 17 1a 1a 1a 1a 1a 38
FIXUPS: 48e16 33 33 fffff4c8 16 28 16 27 8c 33 17 2c 16 2f 24 82 af 17
FIXUPS: 4869c 14 2a 28 1a 2c 48 21 61 14 2f 3c 4e 21 63 17 17 fffff55f
FIXUPS: 47f0b 1a 2b 1b 1b 3a 14 21 16 26 2a 14 24 16 29 21 36 14 27 16
FIXUPS: 481a6 21 36 14 2a 16 2f 14 27 38 34 fffff649 78 39 13 26 76 78
FIXUPS: 47b81 13 29 10 68 1a 22 21 27 e 20 2c 13 4a 18 27 40 1a 14 24 14
FIXUPS: 47e7c 29 18 18 fffff1bd e 38 2c 2f 1f 1d 1d 29 1d 2b 1f 1a 2e 16
FIXUPS: 4728a 5d 1d 23a 2f 33 b0 27 38 59 27 118 e 1b 54 13 23 fffff23a
FIXUPS: 46b42 2c 23 18 4c 17 25 13 3b 47 28 e 41 25 23 1a 25 13 15 3b e
FIXUPS: 46eb3 2e e 46 4c 40 20 2e 16 3f fffff37c 17 1a 27 19 9f 1c 17 3d
FIXUPS: 46571 24 19 f4 1c 17 23 8 9 19 17 1b 13 1b5 33 12 32 23 29 3a 32
FIXUPS: 46a59 b3 ffffeda3 1b 1b 8c 18 19 17 95 24 26 17 1db 55 55 52 1fd
FIXUPS: 45f9f 29 28 142 71 64 31 63 46 23 29 3c 1c 1d 9 1c fffff0a1 9 1f
FIXUPS: 454c4 9 29 7 16 77 1c 17 34 9 1c 19 17 3c 9 1c 19 17 3c 9 27 19
FIXUPS: 457ef 27 1c 17 1b 1b 19 fffff65f 4e 32 e 185 19 17 34 9 1c 19 17
FIXUPS: 451f7 9 d 16 17 34 9 3d 19 17 3c 9 1c 19 17 34 9 4a 19 17 fffff370
FIXUPS: 447f7 7d 1e f5 20 22 1a 1e e3 20 22 16 1c 17 2b 13 49 32 e 68 a4
FIXUPS: 44d61 17 c 52 1d 2a 85 1f 17 c fffff2de 2e 34 2b 19 1b 3b 23 20
FIXUPS: 44327 1a 14 1d 9e 15 17 17 13 13 13 13 10 43 e 17 2e 13 2c 13 9
FIXUPS: 445b0 1c7 fffff18d 21 e 20 2f 13 1eb 55 20 1d 28 20 1d 1b 2e 13
FIXUPS: 43d0f 24 21 17 74 b4 4c 46 46 2e 43 9d 4c 46 46 2e fffff141 35
FIXUPS: 43390 5d 9e 1a 18 73 22 1a 2a e 20 2c 13 3c 8a 17 10 3c 16 23 25
FIXUPS: 437a1 10 92 1e 1e 1e 16 22 18 fffff227 68 8b 13 1ad c6 5 10 33
FIXUPS: 42ee5 20 20 20 20 20 20 24 24 19 6d 38 1f 38 1f 3a 8b 1d 1d 1d
FIXUPS: 4325f 2f 1d ffffed4b 61 61 61 61 61 61 207 d0 8e 17 c9 3c 57 e
FIXUPS: 42767 e 2e e 20 27 e 50 13 9d 2a 22 38 31 2d 1d 5 ffffea5c 103
FIXUPS: 41582 22 1a 18 3a 18 1b 1d 21 12 143 27 d7 72 1a 63 3b a3 f3 27
FIXUPS: 41bf1 8e 47 95 5f 5f 5f 5f 5f 5f ffffeab9 23 8e 61 6e 25 12 2c
FIXUPS: 40c45 d 51 1b d 54 25 1d 13 10 10a 43 3b 10 53 a6 39 2a6 65 19
FIXUPS: 41389 f 1d f ffffecb8 14 21 a7 1b 5f 2b d 86 35 25 13 94 3d 23
FIXUPS: 40452 ac 80 80 c4 12 92 42 20 23 51 20 57 1d 48 19 91 ffffce6d
FIXUPS: 3d908 96 42 33 c3 e 21 e e2 3b 3f 18 cd 4a 1fe 173 9 c 1d e 9b
FIXUPS: 3e29a dd e 67 16 5 1b77 92 3a 1d ffffc9e3 13 88 fb 16 27 8d 61
FIXUPS: 3cdb0 86 5e 78 3f 6a 2f 41 75 78 78 50 42 95 80 d a6 3a 5 28 10
FIXUPS: 3d661 53 4c ffffec3c e 25 e 13 18 36 26 16 33 d a9 9 1d a 16 18
FIXUPS: 3c689 79 20 3f 13 9 13 96 24 2a 113 42 42 16 1d ffffec43 16 8f
FIXUPS: 3b731 1d 175 8f b 1d 133 39 36 36 3e 43 44 58 b 1d f9 e3 39 ac
FIXUPS: 3c167 c 28 16 3f 48 6a 4d 28 ffffe3a5 fe 63 6d 51 ac 107 7e 22d
FIXUPS: 3ad88 26 4e 7b 2a 38 2a 46 30 d2 8 23 bd ec 8 28 c3 37 115 8f b
FIXUPS: 3b515 95 ffffe062 56 29 10 14d 28 4e 4b 16 5b 89 ac 36 423 17 19
FIXUPS: 39efa 100 ce 42 3f 20 16 b4 13f 51 42 27 159 36 cb 20 ffffe752
FIXUPS: 38e76 4e 13 2a e 1c e b 41 1e 20 1e 175 1a a7 5f 2f 3a 2c 2a 2b
FIXUPS: 3936c 24 19 74 34 31 31 d bc 79 fffff2ed 30 1e 83 32 11 3d 1f 23
FIXUPS: 38a98 23 29 1f 23 2b 16 3c 25 1c 10 83 17 18 10 5a e 1c e b 35
FIXUPS: 38dc9 1b fffff5f3 47 57 4a 22 3b 22 39 25 25 21 e 1c e b 59 e 21
FIXUPS: 386bb 21 e 5f e 2e e 48 e 20 e 5 4a 27 fffff67e 74 e 1c e b 59
FIXUPS: 38029 21 e 21 e 21 e 51 21 18 22 11 2b e 48 e 20 e 48 1b f 34 57
FIXUPS: 38399 2c fffff731 26 e 26 e 21 15 10 1a 4f 31 10 18 1a 1a 21 e
FIXUPS: 37ce7 e f 6f 36 1c 1a 42 24 2d 34 18 10 17 17 fffff66b 13 44 15
FIXUPS: 3761b 1e 13 a 18 15 5a f 3b 4f 38 38 38 29 3b d 8c 1c 15 10 17
FIXUPS: 379b4 1a 1e 3d 2c f 6f fffff7ea 13 2c 25 3b 20 16 20 50 e e e e
FIXUPS: 37448 e e e e 10 e 11 e e e 11 e 11 e e 13 e 13 fffff7d5 21 20
FIXUPS: 36d7d e 11 60 21 20 e e 11 60 39 2a 28 e e 28 3d 13 13 13 45 20
FIXUPS: 37094 92 e 20 e 48 f3 fffff721 e 10 8 f 10 e e e e e e 8 f 1a e
FIXUPS: 36ac1 77 58 e 8 f 1a e 1c 18 65 e 8 17 22 e fffff59c e e e e e
FIXUPS: 362c3 e e e e e e e e 8 f 10 e 10 15 13 a 18 103 51 3b 38 2f 3dc
FIXUPS: 369a2 e ffffe76f 1a 31 24 20 22 18 21 12 17c 31 16 79 45 22 12
FIXUPS: 354eb 14 30 3a 23 5a4 10d 47 10 39 220 49 46 195 142 e ffffea2c
FIXUPS: 34cca 25 22 36 43 21 2e c 28 1a 23 24 31 1e 1a 2e 15 85 2b 1d 32
FIXUPS: 35027 26 e 26 e 26 e 26 e 18 fffff33b 1e 58 1e 59 32 32 15 10 23
FIXUPS: 345f8 10 86 20 22 118 5b 1f 29 c2 35 d1 35 66 1c 24 46 27 2e 39
FIXUPS: 34c1a 10 fffff060 d5 50 26 2e 7a 1d 1d 34 ad 50 1d 19 29 1d 26
FIXUPS: 340b8 42 48 50 26 2e 42 2e 18 2e 26 15 26 21 78 47 fffff4be 24
FIXUPS: 338e7 1c 26 e 26 e 26 e 26 e 26 e 26 21 23 24 28 1c 1c e 2c 1c
FIXUPS: 33b59 1c e 1c e 1c e 13 fffff66f 21 49 26 1d 31 25 15 4f 52 18
FIXUPS: 33450 10 19 3a 3f 65 26 1d 28 21 1c 1b 15 51 60 18 26 10 c3 63
FIXUPS: 33877 fffff4c9 28 34 d 63 15 10 41 17 1a 23 f 49 1a 22 10 8a 24
FIXUPS: 33035 23 21 18 10 1a 83 15 17 1f 15 4d 28 31 fffff030 3d 19 76
FIXUPS: 32462 1b 55 1b 2b 33 15 29 2e 31 31 31 31 31 56 1b 55 1b 25 26
FIXUPS: 328a3 10 2bc 5e 40 5e 5 72 ffffe9c9 f f f f 12 2f 46 2a9 15 252
FIXUPS: 31d37 5c d9 25 17 18 d 47 65 19 17 f 1d f 65 25 66 2e 10 11b c
FIXUPS: 3115b 19 15 f f e8 5f 42 12 2f 18 3a f f f 27 86 f f 27 3d f f
FIXUPS: 3154c f f f f bb f f f fffff065 4b 1b c 20 1b 16 5c 279 8c 287
FIXUPS: 30dee 7e 46 17 17 13 3f 68 2e 2e 16 13 8d 15 21 f f f f f f ffffe90d
FIXUPS: 2fa54 10 5f 23 10 44 33 15 4a 12 2d6 3c 36 f 124 72 23 bf 60 f2
FIXUPS: 30357 f0 74 45 1b 45 1b 45 18 45 1f ffffe967 5d 42 28 42 28 42
FIXUPS: 2f13e 42 28 42 28 42 28 42 28 42 28 42 28 42 28 42 28 42 28 42
FIXUPS: 2f838 1f 1f 1f ad ffffee1b 5b 4d 16 1e 6e 43 2b 1b 1a 1f 21 3a
FIXUPS: 2e9f3 1d 23 4d 42 25 42 1f 23 1a 23 2a 1d 1d 184 ae 53 45 36 fffff23d
FIXUPS: 2e178 50 37 28 37 28 37 28 37 28 37 28 37 28 37 28 37 28 37 28
FIXUPS: 2e556 28 37 28 37 28 37 18 10 63 10 3847a 31 43 d 73 2e fffc700c
FIXUPS: 2dcc9 1e d 43 70 2a 2c 1b 3d 1a 1f 21 3a 16 50 26 39 25 26 39 2e
FIXUPS: 2e089 29 37 37 37d89 27 1c 1e9 8f 9c 3a 40 24 d 11b c1 10e 59 e7
FIXUPS: 66735 1a 24 d 138 c1 76 43 24 d 48 e 20 27 e 25 13 ffffe9c7 68
FIXUPS: 65596 21 1e 7d 13 d 6d 16 13 19 20 d 40 1a c5 13 d 28b 2c 1d c
FIXUPS: 65b94 17 73 51 33 d4 9 24 10 fffff02a 3f c 72 75 26 17 f 1d f 40
FIXUPS: 65050 17 65 20 4f 16 35 16 30 16 21 16 35 41 15 c 44 143 20 17
FIXUPS: 654e7 fffff35a 1a 188 2c 1e 10 36 16 10 d 31 16 10 d 4c 12 27 12
FIXUPS: 64bc1 42 12 13 3c 1d 26 1d 1d 23 d d 95 1a ffffeb7e 55 15 15 e
FIXUPS: 63a02 d 19 194 66 e4 48 66 e2 48 48 66 119 8c e5 48 48 66 3b4 40
FIXUPS: 64711 2f 14 14 61 34 27 ffffebd3 3b 43 15 1e 1f 12 3d 1a 1e 15
FIXUPS: 63578 f 13 10 3d 25 20 29 d 3c 20 29 d a5 17 19 17 4c e 13 e1
