 TSReaderIneoQuest

 Timestamp is 448f79bb (Tue Jun 13 22:51:39 2006)

 Preferred load address is 00400000

 Start         Length     Name                   Class
 0001:00000000 000cb5c2H .text                   CODE
 0002:00000000 00025d51H .rdata                  DATA
 0002:00025d51 00000000H .edata                  DATA
 0003:00000000 00000004H .CRT$XCA                DATA
 0003:00000004 00000004H .CRT$XCZ                DATA
 0003:00000008 00000004H .CRT$XIA                DATA
 0003:0000000c 00000008H .CRT$XIC                DATA
 0003:00000014 00000004H .CRT$XIZ                DATA
 0003:00000018 00000004H .CRT$XPA                DATA
 0003:0000001c 00000004H .CRT$XPX                DATA
 0003:00000020 00000004H .CRT$XPZ                DATA
 0003:00000024 00000004H .CRT$XTA                DATA
 0003:00000028 00000004H .CRT$XTZ                DATA
 0003:00000030 0002e8e0H .data                   DATA
 0003:0002e910 00364004H .bss                    DATA
 0004:00000000 000000dcH .idata$2                DATA
 0004:000000dc 00000028H .idata$3                DATA
 0004:00000104 000004c0H .idata$4                DATA
 0004:000005c4 000004c0H .idata$5                DATA
 0004:00000a84 00001188H .idata$6                DATA
 0005:00000000 00002788H .rsrc$01                DATA
 0005:00002790 00018648H .rsrc$02                DATA

  Address         Publics by Value              Rva+Base     Lib:Object

 0001:00000000       _ATSCHuffmanDecode         00401000 f   ATSC_huffman.obj
 0001:00000220       _WriteFileAndUpdateCounters 00401220 f   bcdmux.obj
 0001:000002d0       _set_buf                   004012d0 f   bcdmux.obj
 0001:00000390       _buf_size                  00401390 f   bcdmux.obj
 0001:000003c0       _set_bits                  004013c0 f   bcdmux.obj
 0001:00000500       _get_bits                  00401500 f   bcdmux.obj
 0001:00000680       _get_bit_pos               00401680 f   bcdmux.obj
 0001:000006b0       _get_byte_pos              004016b0 f   bcdmux.obj
 0001:000006e0       _set_bit_pos               004016e0 f   bcdmux.obj
 0001:00000780       _set_pts                   00401780 f   bcdmux.obj
 0001:00000840       _write_pack                00401840 f   bcdmux.obj
 0001:000009e0       _write_system              004019e0 f   bcdmux.obj
 0001:00000bd0       _pad_buffer                00401bd0 f   bcdmux.obj
 0001:00000ca0       _make_pes_header           00401ca0 f   bcdmux.obj
 0001:00000fd0       _write_file_header         00401fd0 f   bcdmux.obj
 0001:000010f0       _PS__StartWriting          004020f0 f   bcdmux.obj
 0001:000012e0       _PS__StopWriting           004022e0 f   bcdmux.obj
 0001:00001370       _PS__TranslateToProgramStream 00402370 f   bcdmux.obj
 0001:000021c0       _CheckCommonGraphMessages  004031c0 f   charting.obj
 0001:00002530       _Charting__UpdateQuickStyle 00403530 f   charting.obj
 0001:000025b0       _SetupPIEGraphData         004035b0 f   charting.obj
 0001:000027b0       _SetupChartSubtitle        004037b0 f   charting.obj
 0001:00002880       _PIDPieChartWindowProc@16  00403880 f   charting.obj
 0001:00002d20       _AddVideoRateData          00403d20 f   charting.obj
 0001:00003120       _VideoBitrateChartWindowProc@16 00404120 f   charting.obj
 0001:00003ad0       _AddMuxRateData            00404ad0 f   charting.obj
 0001:00003f30       _MuxrateChartWindowProc@16 00404f30 f   charting.obj
 0001:00004690       _SetupActivePIDData        00405690 f   charting.obj
 0001:00004a90       _ActivePIDsChartWindowProc@16 00405a90 f   charting.obj
 0001:00004f90       _SetupProgramUsageData     00405f90 f   charting.obj
 0001:000058e0       _ProgramUsageChartWindowProc@16 004068e0 f   charting.obj
 0001:000060d0       _AddSignalChartData        004070d0 f   charting.obj
 0001:00006360       _SignalChartWindowProc@16  00407360 f   charting.obj
 0001:00006af0       _VideoCompositionChartWindowProc@16 00407af0 f   charting.obj
 0001:000070e0       _UpdateVideoCompositionChart 004080e0 f   charting.obj
 0001:00007610       _InputVideoCompositionESData 00408610 f   charting.obj
 0001:00007970       _GenerateCAPMT             00408970 f   CI-CAM.obj
 0001:00007e80       _GetCIInfo                 00408e80 f   CI-CAM.obj
 0001:00007eb0       _DeEscapeCIString          00408eb0 f   CI-CAM.obj
 0001:00007f50       _UpdateCIMenu              00408f50 f   CI-CAM.obj
 0001:00008160       _GetMMIAnswer              00409160 f   CI-CAM.obj
 0001:00008280       _CIInit                    00409280 f   CI-CAM.obj
 0001:00008510       _EntryNextCI               00409510 f   CI-CAM.obj
 0001:00008670       _ReturnPrevCI              00409670 f   CI-CAM.obj
 0001:00008760       _ListViewSubclassProc@16   00409760 f   CI-CAM.obj
 0001:00008830       _CAMMenuDlgProc@16         00409830 f   CI-CAM.obj
 0001:00008c70       _SendControlResponse       00409c70 f   ControlServer.obj
 0001:00008cc0       _CS__SendHelp              00409cc0 f   ControlServer.obj
 0001:00009010       _CS__Program               0040a010 f   ControlServer.obj
 0001:000093d0       _CS__TerminateTSReader     0040a3d0 f   ControlServer.obj
 0001:000094c0       _CS__PIDs                  0040a4c0 f   ControlServer.obj
 0001:00009770       _CS__Play                  0040a770 f   ControlServer.obj
 0001:00009a80       _CS__Stop                  0040aa80 f   ControlServer.obj
 0001:00009c80       _CS__Record                0040ac80 f   ControlServer.obj
 0001:0000a2a0       _CS__Export                0040b2a0 f   ControlServer.obj
 0001:0000a600       _SendControlserverStatistics 0040b600 f   ControlServer.obj
 0001:0000a6a0       _CS__ManualChannel         0040b6a0 f   ControlServer.obj
 0001:0000abe0       _CS__GetInfo               0040bbe0 f   ControlServer.obj
 0001:0000b0c0       _CS__Window                0040c0c0 f   ControlServer.obj
 0001:0000b2c0       _CS__WriteThumbnail        0040c2c0 f   ControlServer.obj
 0001:0000b960       _CS__Graph                 0040c960 f   ControlServer.obj
 0001:0000bca0       _CS__Tune                  0040cca0 f   ControlServer.obj
 0001:0000be50       _SendVLCConfigurationInfo  0040ce50 f   ControlServer.obj
 0001:0000bf00       _SetMenuOption             0040cf00 f   ControlServer.obj
 0001:0000bfa0       _CS__Setting               0040cfa0 f   ControlServer.obj
 0001:0000c630       _CS__SetVLC                0040d630 f   ControlServer.obj
 0001:0000c760       _CS__Source                0040d760 f   ControlServer.obj
 0001:0000cc40       _CS__Audio                 0040dc40 f   ControlServer.obj
 0001:0000d0c0       _CS__DiSEqC                0040e0c0 f   ControlServer.obj
 0001:0000d2f0       _CS__Stall                 0040e2f0 f   ControlServer.obj
 0001:0000d4f0       _RemoveCommandBackspaces   0040e4f0 f   ControlServer.obj
 0001:0000d5d0       _ControlServerThread@4     0040e5d0 f   ControlServer.obj
 0001:0000dd90       _StartControlServer        0040ed90 f   ControlServer.obj
 0001:0000de60       _TerminateControlServer    0040ee60 f   ControlServer.obj
 0001:0000ded0       _GetHufByte                0040eed0 f   dn_huffman.obj
 0001:0000e020       _GetRLEByte                0040f020 f   dn_huffman.obj
 0001:0000e160       _HufDecmpKernel            0040f160 f   dn_huffman.obj
 0001:0000e260       _DcpString                 0040f260 f   dn_huffman.obj
 0001:0000e3e0       _GetEITOffset              0040f3e0 f   EPGGrid.obj
 0001:0000e4a0       _GetMaxEITChannels         0040f4a0 f   EPGGrid.obj
 0001:0000e520       _SetupVerticalScrollMax    0040f520 f   EPGGrid.obj
 0001:0000e5b0       _IsRecordingScheduled      0040f5b0 f   EPGGrid.obj
 0001:0000e770       _CheckForDuplicateRecording 0040f770 f   EPGGrid.obj
 0001:0000e8e0       _EPGPaint                  0040f8e0 f   EPGGrid.obj
 0001:000119a0       _UpdateHorizontalScroll    004129a0 f   EPGGrid.obj
 0001:00011a60       _UpdateVerticalScroll      00412a60 f   EPGGrid.obj
 0001:00011ad0       _SetupGridFonts            00412ad0 f   EPGGrid.obj
 0001:00011d10       _SetupHorizontalScrollRange 00412d10 f   EPGGrid.obj
 0001:00011d90       _SetEPGOffsetNearChannel   00412d90 f   EPGGrid.obj
 0001:00011e30       _SearchNextEPGEntry        00412e30 f   EPGGrid.obj
 0001:000122a0       _EPGGotoDateDlgProc@16     004132a0 f   EPGGrid.obj
 0001:000124a0       _EPGFindStringDlgProc@16   004134a0 f   EPGGrid.obj
 0001:000127c0       _GetEPGScheduleDisplayInfo 004137c0 f   EPGGrid.obj
 0001:00012b30       _EPGManualScheduleDlgProc@16 00413b30 f   EPGGrid.obj
 0001:00012be0       _EPGShowScheduleDlgProc@16 00413be0 f   EPGGrid.obj
 0001:00012fa0       _EPGGotoChannelDlgProc@16  00413fa0 f   EPGGrid.obj
 0001:00013280       _EPGSchedulerWarningDlgProc@16 00414280 f   EPGGrid.obj
 0001:00013370       _SchedulerStartup          00414370 f   EPGGrid.obj
 0001:00013580       _CheckForBadFilenameChars  00414580 f   EPGGrid.obj
 0001:00013660       _EventCurrentlyRunning     00414660 f   EPGGrid.obj
 0001:00013760       _ScheduleRecording         00414760 f   EPGGrid.obj
 0001:000145f0       _EPGridDlgProc@16          004155f0 f   EPGGrid.obj
 0001:00015f30       _DecodeDVBLeakRate         00416f30 f   formatter.obj
 0001:00016220       _FormatDVBSCodeRate        00417220 f   formatter.obj
 0001:000163e0       _FormatDVBTCodeRate        004173e0 f   formatter.obj
 0001:000164e0       _FormatDVBTGuardInterval   004174e0 f   formatter.obj
 0001:000165a0       _FormatDVBTTransmissionMode 004175a0 f   formatter.obj
 0001:00016650       _FormatPolarity            00417650 f   formatter.obj
 0001:00016790       _FormatDVBSModulation      00417790 f   formatter.obj
 0001:00016940       _DecodeStreamType          00417940 f   formatter.obj
 0001:00016ee0       _DecodeServiceType         00417ee0 f   formatter.obj
 0001:000172a0       _DecodePrivateDataSpecifierDescriptor 004182a0 f   formatter.obj
 0001:00017820       _FormatDVBCModulation      00418820 f   formatter.obj
 0001:00017940       _FormatDVBCOuterFEC        00418940 f   formatter.obj
 0001:000179f0       _FormatDVBCInnerFEC        004189f0 f   formatter.obj
 0001:00017b50       _FormatDVBTBandwidth       00418b50 f   formatter.obj
 0001:00017c10       _FormatDVBTConstellation   00418c10 f   formatter.obj
 0001:00017cc0       _FormatDVBTHierarchyInformation 00418cc0 f   formatter.obj
 0001:00017e20       _DecodeDescriptorNames     00418e20 f   formatter.obj
 0001:00018d60       _FormatCASystemName        00419d60 f   formatter.obj
 0001:00019750       _DecodeDTSAudioDescriptor  0041a750 f   formatter.obj
 0001:00019c20       _DecodeVBIDataServiceDescription 0041ac20 f   formatter.obj
 0001:00019d70       _QuickFormatNIT            0041ad70 f   formatter.obj
 0001:0001a0d0       _DecodeCADescriptor        0041b0d0 f   formatter.obj
 0001:0001a1e0       _DecodeComponentAndStreamContent 0041b1e0 f   formatter.obj
 0001:0001a7a0       _DecodeComponentDescriptor 0041b7a0 f   formatter.obj
 0001:0001a920       _DecodeContentNibbles      0041b920 f   formatter.obj
 0001:0001b0c0       _DecodeContentDescriptor   0041c0c0 f   formatter.obj
 0001:0001b200       _DecodeParentalRatingDescriptor 0041c200 f   formatter.obj
 0001:0001b3a0       _DecodeMultilingualComponentDescriptor 0041c3a0 f   formatter.obj
 0001:0001b500       _DecodeATSCAC3Descriptor   0041c500 f   formatter.obj
 0001:0001b550       _DecodeATSCContentAdvisoryDescriptor 0041c550 f   formatter.obj
 0001:0001b890       _DecodeATSCCaptionServceDescriptor 0041c890 f   formatter.obj
 0001:0001bae0       _FormatDefaultEITDescriptor 0041cae0 f   formatter.obj
 0001:0001bc70       _DecodeAncilliaryDataDescriptor 0041cc70 f   formatter.obj
 0001:0001bdb0       _DecodeAnnouncementSupportDescriptor 0041cdb0 f   formatter.obj
 0001:0001c2c0       _DecodeMosaicCellCount     0041d2c0 f   formatter.obj
 0001:0001c360       _DecodeFrameRate           0041d360 f   formatter.obj
 0001:0001c4e0       _DecodeMPEG2Descriptor     0041d4e0 f   formatter.obj
 0001:000221d0       _FormatATSCModulationMode  004231d0 f   formatter.obj
 0001:000223c0       _DecodeFEC                 004233c0 f   formatter.obj
 0001:00022570       _GetTableDescription       00423570 f   formatter.obj
 0001:00022a90       _FormatNITEntry            00423a90 f   formatter.obj
 0001:00023220       _SortEITCompare            00424220 f   formatter.obj
 0001:000232c0       _GetEITSource              004242c0 f   formatter.obj
 0001:00023400       _FormatEITEntry            00424400 f   formatter.obj
 0001:00024c30       _FormatCAT                 00425c30 f   formatter.obj
 0001:00024db0       _FormatCVCT                00425db0 f   formatter.obj
 0001:00025490       _FormatBAT                 00426490 f   formatter.obj
 0001:000258d0       _FormatMGT                 004268d0 f   formatter.obj
 0001:00025f10       _FormatSITEntry            00426f10 f   formatter.obj
 0001:00026150       _FormatRRTEntry            00427150 f   formatter.obj
 0001:00026390       _FormatCDTEntry            00427390 f   formatter.obj
 0001:00026520       _FormatDVBTOT              00427520 f   formatter.obj
 0001:00026670       _FormatTDTEntry            00427670 f   formatter.obj
 0001:00026d30       _FormatMMTEntry            00427d30 f   formatter.obj
 0001:000272f0       _FormatPMTEntry            004282f0 f   formatter.obj
 0001:000277f0       _FormatH264VideoParse      004287f0 f   formatter.obj
 0001:00027870       _FormatMPEG4VideoParse     00428870 f   formatter.obj
 0001:000278f0       _GetMPEG2VideoAspectRation 004288f0 f   formatter.obj
 0001:000279f0       _GetMPEG2FrameRate         004289f0 f   formatter.obj
 0001:00027b70       _GetMPEG2ChromaFormat      00428b70 f   formatter.obj
 0001:00027c30       _GetAFDFormat              00428c30 f   formatter.obj
 0001:00027de0       _FormatMPEGVideoParse      00428de0 f   formatter.obj
 0001:00028070       _GetMPEGAudioMode          00429070 f   formatter.obj
 0001:00028130       _GetMPEGAudioSamplingFrequency 00429130 f   formatter.obj
 0001:000281e0       _FormatMPEGAudioParse      004291e0 f   formatter.obj
 0001:00028320       _GetAC3fscod               00429320 f   formatter.obj
 0001:000283d0       _GetAC3bsmod               004293d0 f   formatter.obj
 0001:00028560       _GetAC3acmod               00429560 f   formatter.obj
 0001:000286a0       _GetAC3cmixlev             004296a0 f   formatter.obj
 0001:00028770       _GetAC3surmixlev           00429770 f   formatter.obj
 0001:00028840       _GetAC3dsurmod             00429840 f   formatter.obj
 0001:00028910       _FormatAC3Parse            00429910 f   formatter.obj
 0001:00028d10       _FormatESEntry             00429d10 f   formatter.obj
 0001:00029250       _GetTSIDName               0042a250 f   formatter.obj
 0001:00029310       _FormatSDTEntry            0042a310 f   formatter.obj
 0001:00029a40       _FormatPAT                 0042aa40 f   formatter.obj
 0001:00029fb0       _ReadFromH264ESPipe        0042afb0 f   H264Decoder.obj
 0001:0002a030       _H264DecoderThread_DEBUG@4 0042b030 f   H264Decoder.obj
 0001:0002a1b0       _H264DecoderThread@4       0042b1b0 f   H264Decoder.obj
 0001:0002abc0       _Write_Log                 0042bbc0 f   MDInterface.obj
 0001:0002ac40       _MD__Shutdown              0042bc40 f   MDInterface.obj
 0001:0002acd0       _MD__Unload_External_Dll   0042bcd0 f   MDInterface.obj
 0001:0002af80       _MD__Send_External_DLL_Menu_Cmd 0042bf80 f   MDInterface.obj
 0001:0002b000       _MD__Load_External_Dll     0042c000 f   MDInterface.obj
 0001:0002b7d0       _MD__StartPluginsRunning   0042c7d0 f   MDInterface.obj
 0001:0002ba80       _MD__StartFilter           0042ca80 f   MDInterface.obj
 0001:0002bc00       _MD__StopFilter            0042cc00 f   MDInterface.obj
 0001:0002bce0       _MD__ExternCommandDispatch 0042cce0 f   MDInterface.obj
 0001:0002ca20       _MD__ChannelChange         0042da20 f   MDInterface.obj
 0001:0002cc20       _PotentiallyDecrypt        0042dc20 f   MDInterface.obj
 0001:0002cd40       _FFDecrypt                 0042dd40 f   MDInterface.obj
 0001:0002ce60       _NullKey                   0042de60 f   MDInterface.obj
 0001:0002ceb0       _MD__DataToFilters         0042deb0 f   MDInterface.obj
 0001:0002d540       _MD__IPDataToFilters       0042e540 f   MDInterface.obj
 0001:0002d5c0       _MPEG2DecoderThread_SaveThumbnail 0042e5c0 f   MPEG2Decoder.obj
 0001:0002d8e0       _save_ppm                  0042e8e0 f   MPEG2Decoder.obj
 0001:0002d9c0       _ReadFromMPEG2ESPipe       0042e9c0 f   MPEG2Decoder.obj
 0001:0002da50       _MPEG2DecoderThread@4      0042ea50 f   MPEG2Decoder.obj
 0001:0002e3e0       _ReadFromMPEG4ESPipe       0042f3e0 f   MPEG4Decoder.obj
 0001:0002e460       _MPEG4DecoderThread@4      0042f460 f   MPEG4Decoder.obj
 0001:0002ec10       _MPEGAInit                 0042fc10 f   MPEGAudio.obj
 0001:0002ec80       _MPEGADeInit               0042fc80 f   MPEGAudio.obj
 0001:0002ecd0       _GenerateAudioThumbnail    0042fcd0 f   MPEGAudio.obj
 0001:0002f1f0       _MPEGAudioDecoderThread@4  004301f0 f   MPEGAudio.obj
 0001:0002f630       _ParseATSCEITPacket        00430630 f   parser.obj
 0001:000300b0       _ParseATSCETTPacket        004310b0 f   parser.obj
 0001:00030490       _ParseDVBEITPacket         00431490 f   parser.obj
 0001:00031670       _ParseDVBBAT               00432670 f   parser.obj
 0001:00031cd0       _ParseDVBSDTPacket         00432cd0 f   parser.obj
 0001:000324f0       _ParseDCIIPMTTypeThing     004334f0 f   parser.obj
 0001:00032af0       _ParseDCIIProgramNameMessage 00433af0 f   parser.obj
 0001:00032cc0       _ParsePMTPacket            00433cc0 f   parser.obj
 0001:00033720       _ParseIPPacket             00434720 f   parser.obj
 0001:00034430       _ParsePATPacket            00435430 f   parser.obj
 0001:00034940       _ParsePSIPPacket           00435940 f   parser.obj
 0001:000364f0       _ParseCATPacket            004374f0 f   parser.obj
 0001:00036740       _ParseDCIINetworkPacket    00437740 f   parser.obj
 0001:000379b0       _ParseDVBRSTPacket         004389b0 f   parser.obj
 0001:00037b20       _ParseDVBTDTPacket         00438b20 f   parser.obj
 0001:00037f90       _ParseDVBNITPacket         00438f90 f   parser.obj
 0001:00038e50       _ParseDCIIECMPacket        00439e50 f   parser.obj
 0001:00039180       _QuickParseUserData        0043a180 f   parser.obj
 0001:00039600       _SendIACEmulatorName       0043a600 f   RokuTelnetInterface.obj
 0001:00039720       _AnswerIAC                 0043a720 f   RokuTelnetInterface.obj
 0001:00039cb0       _ReadTelnetByte            0043acb0 f   RokuTelnetInterface.obj
 0001:00039e30       _SendTelnetString          0043ae30 f   RokuTelnetInterface.obj
 0001:00039ef0       _RokuTraceDlgProc@16       0043aef0 f   RokuTelnetInterface.obj
 0001:0003a040       _RokuTraceWindowThread@4   0043b040 f   RokuTelnetInterface.obj
 0001:0003a130       _AddTrace                  0043b130 f   RokuTelnetInterface.obj
 0001:0003a250       _RokuTelnetControlThread@4 0043b250 f   RokuTelnetInterface.obj
 0001:0003a910       _extract_seq               0043b910 f   sky_epg.obj
 0001:0003a950       _getGenre                  0043b950 f   sky_epg.obj
 0001:0003a980       _getRating                 0043b980 f   sky_epg.obj
 0001:0003a9b0       _getSubGenre               0043b9b0 f   sky_epg.obj
 0001:0003aa70       _getDay                    0043ba70 f   sky_epg.obj
 0001:0003aaf0       _getStartTime              0043baf0 f   sky_epg.obj
 0001:0003ab20       _getEndTime                0043bb20 f   sky_epg.obj
 0001:0003ab50       _dump_raw_bytes            0043bb50 f   sky_epg.obj
 0001:0003ab80       _dump_table_b5             0043bb80 f   sky_epg.obj
 0001:0003afe0       _dump_table_b9             0043bfe0 f   sky_epg.obj
 0001:0003b1a0       _dump_table_b0             0043c1a0 f   sky_epg.obj
 0001:0003b260       _dump_table_f0             0043c260 f   sky_epg.obj
 0001:0003b320       _dump_table_05             0043c320 f   sky_epg.obj
 0001:0003b350       _dump_table_06             0043c350 f   sky_epg.obj
 0001:0003b380       _dump_table_bc             0043c380 f   sky_epg.obj
 0001:0003b430       _dump_table_30             0043c430 f   sky_epg.obj
 0001:0003b4b0       _dump_table_31             0043c4b0 f   sky_epg.obj
 0001:0003b530       _decode_frame              0043c530 f   sky_epg.obj
 0001:0003b800       _ParseSkyEPG               0043c800 f   sky_epg.obj
 0001:0003b9f0       _UpdateSkyEPGMap           0043c9f0 f   sky_epg.obj
 0001:0003bdd0       _sky_decode                0043cdd0 f   sky_huffman.obj
 0001:0003bff0       _StartIncomingTSDataThread 0043cff0 f   TSReader.obj
 0001:0003c0c0       _SaveSettings_New          0043d0c0 f   TSReader.obj
 0001:0003c1e0       _SaveSettings              0043d1e0 f   TSReader.obj
 0001:0003e8a0       _myRegQueryDWORDValue      0043f8a0 f   TSReader.obj
 0001:0003e910       _LoadSettings_New          0043f910 f   TSReader.obj
 0001:0003ea40       _LoadSettings              0043fa40 f   TSReader.obj
 0001:00041fa0       _FormatTooltipPID          00442fa0 f   TSReader.obj
 0001:00042000       _ContainsRC                00443000 f   TSReader.obj
 0001:000420c0       _GetNextESPID              004430c0 f   TSReader.obj
 0001:00042c10       _DecodeH264Video           00443c10 f   TSReader.obj
 0001:00042ed0       _DecodeMPEG4Video          00443ed0 f   TSReader.obj
 0001:00043180       _DecodeMPEG2Video          00444180 f   TSReader.obj
 0001:00043820       _DecodeAC3AudioHeader      00444820 f   TSReader.obj
 0001:00043ad0       _DecodeTeletextVBIHeader   00444ad0 f   TSReader.obj
 0001:00044210       _DecodeMPEGAudioHeader     00445210 f   TSReader.obj
 0001:00044620       _AutoRecordPIDs            00445620 f   TSReader.obj
 0001:00044670       _AutoRecord                00445670 f   TSReader.obj
 0001:000447e0       _SortPMTCompareFunction    004457e0 f   TSReader.obj
 0001:00044840       _AddNumberFormat           00445840 f   TSReader.obj
 0001:000448e0       _GetCurrentEITEvent        004458e0 f   TSReader.obj
 0001:00044b80       _GenerateSplitFilename     00445b80 f   TSReader.obj
 0001:00045320       _UpdateSDTContinuity       00446320 f   TSReader.obj
 0001:000453a0       _UpdatePATContinuity       004463a0 f   TSReader.obj
 0001:00045420       _UpdatePMTContinuity       00446420 f   TSReader.obj
 0001:00045500       _WritePATandPMTandSDT      00446500 f   TSReader.obj
 0001:000457a0       _PSWarningDlgProc@16       004467a0 f   TSReader.obj
 0001:000458c0       _UpdateFilenameFormatPreview 004468c0 f   TSReader.obj
 0001:00045960       _FileNameFormatDlgProc@16  00446960 f   TSReader.obj
 0001:00045b90       _LoadPIDList               00446b90 f   TSReader.obj
 0001:00045d60       _LoadPIDListDialog         00446d60 f   TSReader.obj
 0001:00045e50       _SavePIDList               00446e50 f   TSReader.obj
 0001:00046020       _SavePIDListDialog         00447020 f   TSReader.obj
 0001:00046120       _RecordDlgProc@16          00447120 f   TSReader.obj
 0001:00048150       _VerifySelectedProgram     00449150 f   TSReader.obj
 0001:000481d0       _BuildTSSection            004491d0 f   TSReader.obj
 0001:00048380       _GetECMPID                 00449380 f   TSReader.obj
 0001:00048700       _SetupPriorToProgramRecording 00449700 f   TSReader.obj
 0001:00049e20       _EnableDisableVLCMenuItems 0044ae20 f   TSReader.obj
 0001:00049e90       _EnableOrDisableStreamMenuItems 0044ae90 f   TSReader.obj
 0001:0004a030       _VLCConnectionDlgProc@16   0044b030 f   TSReader.obj
 0001:0004a190       _LaunchVLCThread@4         0044b190 f   TSReader.obj
 0001:0004a200       _EITLanguageSettingsDlgProc@16 0044b200 f   TSReader.obj
 0001:0004a4a0       _StradisSettingsDlgProc@16 0044b4a0 f   TSReader.obj
 0001:0004a6b0       _StreamDecoder             0044b6b0 f   TSReader.obj
 0001:0004b3e0       _GetRecordStartTime        0044c3e0 f   TSReader.obj
 0001:0004b450       _RecordStream              0044c450 f   TSReader.obj
 0001:0004b890       _CheckForFileSplit         0044c890 f   TSReader.obj
 0001:0004bcc0       _RecordAllTS               0044ccc0 f   TSReader.obj
 0001:0004be90       _UpdateActivityPosition    0044ce90 f   TSReader.obj
 0001:0004c090       _ForcePID                  0044d090 f   TSReader.obj
 0001:0004c0f0       _SetupScrambledChannelThumbnail 0044d0f0 f   TSReader.obj
 0001:0004c3f0       _WaitForNextTSBuffer       0044d3f0 f   TSReader.obj
 0001:0004c560       _RecordOutstandingTSBuffers 0044d560 f   TSReader.obj
 0001:0004c940       _CheckPIDTEI               0044d940 f   TSReader.obj
 0001:0004ca20       _CheckPIDContinuity        0044da20 f   TSReader.obj
 0001:0004cc70       _TimestampRecordPID        0044dc70 f   TSReader.obj
 0001:0004cf20       _DecodeDSSRTC              0044df20 f   TSReader.obj
 0001:0004cfb0       _DSSMuxrateProcessing      0044dfb0 f   TSReader.obj
 0001:0004d4a0       _MPEG2MuxrateProcessing    0044e4a0 f   TSReader.obj
 0001:0004dd20       _BufferRecordChannelData   0044ed20 f   TSReader.obj
 0001:0004e3f0       _CheckForGeneralESParsing  0044f3f0 f   TSReader.obj
 0001:0004e630       _LogTableMonitorData       0044f630 f   TSReader.obj
 0001:0004e890       _CheckForTableMonitor      0044f890 f   TSReader.obj
 0001:0004eb70       _CheckForESParsing         0044fb70 f   TSReader.obj
 0001:0004f510       _GetNextECMPID             00450510 f   TSReader.obj
 0001:0004f870       _PMTParsingComplete        00450870 f   TSReader.obj
 0001:0004fa50       _SetupForNextPMTEntry      00450a50 f   TSReader.obj
 0001:0004fd50       _PostPATProcessing         00450d50 f   TSReader.obj
 0001:000502d0       _CheckPATVersionNumber     004512d0 f   TSReader.obj
 0001:00050480       _DispatchSIPacket          00451480 f   TSReader.obj
 0001:00050d70       _PMTListenPMTParser        00451d70 f   TSReader.obj
 0001:00050ff0       _PMTListenParser           00451ff0 f   TSReader.obj
 0001:00051310       _ParseIncomingTSDataThread@4 00452310 f   TSReader.obj
 0001:00054220       _CleanupIPParsingThread    00455220 f   TSReader.obj
 0001:00054340       _ReadPersistantEPG         00455340 f   TSReader.obj
 0001:00054670       _WritePersistantEPG        00455670 f   TSReader.obj
 0001:000549c0       _CleanupMPEGParsingThread  004559c0 f   TSReader.obj
 0001:00055410       _AddSITreeIcon             00456410 f   TSReader.obj
 0001:000554c0       _InitSITreeViewImageLists  004564c0 f   TSReader.obj
 0001:00055660       _AddItemToSITree           00456660 f   TSReader.obj
 0001:00055790       _GetLogicalChannelNumber   00456790 f   TSReader.obj
 0001:000557e0       _SortPIDsByPackets         004567e0 f   TSReader.obj
 0001:00055870       _SortPIDsByPID             00456870 f   TSReader.obj
 0001:000558d0       _GetPMTOffsetFromThumbnailScrollOffset 004568d0 f   TSReader.obj
 0001:000559c0       _LocateCurrentProgram      004569c0 f   TSReader.obj
 0001:00055dc0       _GetNextThumbnailHeight    00456dc0 f   TSReader.obj
 0001:00055ec0       _UpdateVideoPix            00456ec0 f   TSReader.obj
 0001:00056ef0       _CreateBrushes             00457ef0 f   TSReader.obj
 0001:00057050       _GetSourceInfoLine         00458050 f   TSReader.obj
 0001:00057500       _UpdateSourceInfo          00458500 f   TSReader.obj
 0001:000577d0       _UpdatePIDChart            004587d0 f   TSReader.obj
 0001:000585c0       _ForcePIDChartRepaint      004595c0 f   TSReader.obj
 0001:000586c0       _SortMACsByDataCompareFunction 004596c0 f   TSReader.obj
 0001:00058750       _SortMACsByPacketsCompareFunction 00459750 f   TSReader.obj
 0001:000587b0       _DecodeIPParserPID         004597b0 f   TSReader.obj
 0001:00058cc0       _HandleTreeClickIPDVB      00459cc0 f   TSReader.obj
 0001:00059000       _HandleTreeClickMPEG2      0045a000 f   TSReader.obj
 0001:0005a7a0       _SIParserMsgNotify         0045b7a0 f   TSReader.obj
 0001:0005b460       _UpdatePIDChartingData     0045c460 f   TSReader.obj
 0001:0005ba40       _ShowStatistics            0045ca40 f   TSReader.obj
 0001:0005bcc0       _UpdateStatistics          0045ccc0 f   TSReader.obj
 0001:0005cad0       _ExportSIHookProc@16       0045dad0 f   TSReader.obj
 0001:0005d150       _XMLTVExport               0045e150 f   TSReader.obj
 0001:0005d260       _GetPIDTooltipInfo         0045e260 f   TSReader.obj
 0001:0005e550       _GetBouquetName            0045f550 f   TSReader.obj
 0001:0005e630       _XMLExport__WriteESParserData 0045f630 f   TSReader.obj
 0001:0005f470       _XMLExport                 00460470 f   TSReader.obj
 0001:00065670       _StartXMLExport            00466670 f   TSReader.obj
 0001:000657f0       _WriteHTMLStatistics       004667f0 f   TSReader.obj
 0001:00065a20       _HTMLExport                00466a20 f   TSReader.obj
 0001:00067540       _SIParserExport            00468540 f   TSReader.obj
 0001:000676c0       _ResetTreeViewHandles      004686c0 f   TSReader.obj
 0001:00067840       _ResetParserPackets        00468840 f   TSReader.obj
 0001:000678e0       _ResetParserCRCs           004688e0 f   TSReader.obj
 0001:00067980       _ResetParserTableErrors    00468980 f   TSReader.obj
 0001:00067a20       _ResetTablePCRs            00468a20 f   TSReader.obj
 0001:00067b10       _ResetTableTimingErrors    00468b10 f   TSReader.obj
 0001:00067bb0       _ResetPIDChart             00468bb0 f   TSReader.obj
 0001:00067d70       _WaitForThumbnailThread    00468d70 f   TSReader.obj
 0001:00067e50       _SetupForNewStream         00468e50 f   TSReader.obj
 0001:00068660       _RetuneForSIParser         00469660 f   TSReader.obj
 0001:00068710       _GetPercentageOfTransportStream 00469710 f   TSReader.obj
 0001:000687a0       _SIParserExportNIT         004697a0 f   TSReader.obj
 0001:00069850       _HandleThumbnailScroll     0046a850 f   TSReader.obj
 0001:00069b50       _HandlePIDScroll           0046ab50 f   TSReader.obj
 0001:00069e50       _FormatIPv6Address         0046ae50 f   TSReader.obj
 0001:00069f10       _HandleWMUSER2IPMode       0046af10 f   TSReader.obj
 0001:0006a350       _HandleWMUSER2MPEG2Mode    0046b350 f   TSReader.obj
 0001:0006cec0       _UpdateRecordPIDsOneFileOptions 0046dec0 f   TSReader.obj
 0001:0006cfb0       _IPDVBPIDSelectDlgProc@16  0046dfb0 f   TSReader.obj
 0001:0006daf0       _AboutDlgProc@16           0046eaf0 f   TSReader.obj
 0001:0006e130       _crc16                     0046f130 f   TSReader.obj
 0001:0006e1b0       _LicenseDlgProc@16         0046f1b0 f   TSReader.obj
 0001:0006e360       _RestartTSReader_Stop      0046f360 f   TSReader.obj
 0001:0006e6d0       _SaveManualChannels        0046f6d0 f   TSReader.obj
 0001:0006ea80       _RestartTSReader_Start     0046fa80 f   TSReader.obj
 0001:0006eb20       _RestartTSReader           0046fb20 f   TSReader.obj
 0001:0006eba0       _UpdateThreadDialogPriorities 0046fba0 f   TSReader.obj
 0001:0006f090       _SetupMenu                 00470090 f   TSReader.obj
 0001:0006f1c0       _SetupVLCMenuNames         004701c0 f   TSReader.obj
 0001:0006f3c0       _IPDVBModeOn               004703c0 f   TSReader.obj
 0001:0006f590       _IPDVBModeOff              00470590 f   TSReader.obj
 0001:0006f7d0       _ToggleIPDVBMode           004707d0 f   TSReader.obj
 0001:0006f870       _SaveThumbnails            00470870 f   TSReader.obj
 0001:0006fd60       _ThumbnailRefreshRateDlgProc@16 00470d60 f   TSReader.obj
 0001:0006ff60       _AutoRestartDlgProc@16     00470f60 f   TSReader.obj
 0001:00070240       _ConfirmATSCRCDlgProc@16   00471240 f   TSReader.obj
 0001:000704f0       _GetSourceDispInfo         004714f0 f   TSReader.obj
 0001:000705b0       _BrowseIPSaveFolder        004715b0 f   TSReader.obj
 0001:000706b0       _IPSettingsDlgProc@16      004716b0 f   TSReader.obj
 0001:00070820       _PIDListDlgProc@16         00471820 f   TSReader.obj
 0001:00070a90       _ControlServerDlgProc@16   00471a90 f   TSReader.obj
 0001:00070ca0       _BufferSizesDlgProc@16     00471ca0 f   TSReader.obj
 0001:00070e50       _PopulateSourceList        00471e50 f   TSReader.obj
 0001:00071220       _SourceDlgProc@16          00472220 f   TSReader.obj
 0001:00071840       _PopulateManualChannelList 00472840 f   TSReader.obj
 0001:00071940       _GetManualChannelDisplayInfo 00472940 f   TSReader.obj
 0001:00071cd0       _ManualChannelEditDialogProc@16 00472cd0 f   TSReader.obj
 0001:00072a60       _GetManualChannelListSelected 00473a60 f   TSReader.obj
 0001:00072b20       _ManualChannelsDialogProc@16 00473b20 f   TSReader.obj
 0001:00073130       _DefineManualChannels      00474130 f   TSReader.obj
 0001:00073190       _LoadManualChannels        00474190 f   TSReader.obj
 0001:00073550       _LoadManualChannelsMenu    00474550 f   TSReader.obj
 0001:00073650       _ToggleMenuOption          00474650 f   TSReader.obj
 0001:000736f0       _EnableDisablePIDChartButtons 004746f0 f   TSReader.obj
 0001:000737d0       _UpdateVLCConfigDisplay    004747d0 f   TSReader.obj
 0001:00073880       _GetVLCConfig              00474880 f   TSReader.obj
 0001:00073910       _LoadSerialPortCombo       00474910 f   TSReader.obj
 0001:00073a80       _InitSerialControlDialog   00474a80 f   TSReader.obj
 0001:00073bb0       _SerialControlDlgProc@16   00474bb0 f   TSReader.obj
 0001:00073e00       _VLCSettings_WM_COMMAND    00474e00 f   TSReader.obj
 0001:00074240       _VLCSettingsDlgProc@16     00475240 f   TSReader.obj
 0001:000743e0       _XNSServerDlgProc@16       004753e0 f   TSReader.obj
 0001:00074540       _VLCWarningDlgProc@16      00475540 f   TSReader.obj
 0001:00074660       _PIDWarningDlgProc@16      00475660 f   TSReader.obj
 0001:00074740       _LoadPlugins               00475740 f   TSReader.obj
 0001:00074830       _CreateTooltip             00475830 f   TSReader.obj
 0001:000748e0       _ResizeStatusbar           004758e0 f   TSReader.obj
 0001:000749b0       _CreateStatusBar           004759b0 f   TSReader.obj
 0001:00074d20       _DeleteStatusBar           00475d20 f   TSReader.obj
 0001:00074dc0       _RokuHD1000Settings@16     00475dc0 f   TSReader.obj
 0001:00075050       _GetDescriptorListDispInfo 00476050 f   TSReader.obj
 0001:00075330       _DescriptorUsageDlgProc@16 00476330 f   TSReader.obj
 0001:00075820       _GetBitmapPtr              00476820 f   TSReader.obj
 0001:000758a0       _SetupServiceBitmaps       004768a0 f   TSReader.obj
 0001:00075d30       _SetupFonts                00476d30 f   TSReader.obj
 0001:00075ff0       _MouseMoveTooltips         00476ff0 f   TSReader.obj
 0001:000763d0       _AddTaskbarIcon            004773d0 f   TSReader.obj
 0001:000764c0       _ResizeDialogWindow        004774c0 f   TSReader.obj
 0001:00076a80       _SetupProcessorAffinity    00477a80 f   TSReader.obj
 0001:00076b30       _LoadSource                00477b30 f   TSReader.obj
 0001:00077140       _EnableDisableSourceMenuItems 00478140 f   TSReader.obj
 0001:000772c0       _IPDeviceDlgProc@16        004782c0 f   TSReader.obj
 0001:00077720       _SetTreeViewIcon           00478720 f   TSReader.obj
 0001:000777b0       _CheckWinPcap              004787b0 f   TSReader.obj
 0001:00077840       _ReTransmitSelectedIPStream 00478840 f   TSReader.obj
 0001:00077990       _ReTransmitSelectedIPMACStream 00478990 f   TSReader.obj
 0001:00077a30       _ReTransmitSelectedIPPIDStream 00478a30 f   TSReader.obj
 0001:00077ae0       _RecordSelectedIPStream    00478ae0 f   TSReader.obj
 0001:00077db0       _RecordSelectedIPMACStream 00478db0 f   TSReader.obj
 0001:00077e40       _RecordSelectedIPPIDStream 00478e40 f   TSReader.obj
 0001:00077ee0       _ToggleAlwaysOnTop         00478ee0 f   TSReader.obj
 0001:00077f70       _SetInitialMenuStates      00478f70 f   TSReader.obj
 0001:000784c0       _SetupChartClassName       004794c0 f   TSReader.obj
 0001:00078510       _CloseExistingChart        00479510 f   TSReader.obj
 0001:00078600       _GetRetuneCommandLineParameters 00479600 f   TSReader.obj
 0001:00078d80       _RetuneToThisChannel       00479d80 f   TSReader.obj
 0001:00078e10       _RetuneToThisMux           00479e10 f   TSReader.obj
 0001:00078f10       _myChooseColor             00479f10 f   TSReader.obj
 0001:00078fc0       _ProcessPIDColorButtonClicks 00479fc0 f   TSReader.obj
 0001:000791a0       _PaintPIDChartColorBoxes   0047a1a0 f   TSReader.obj
 0001:000792f0       _PIDChartColorsDlgProc@16  0047a2f0 f   TSReader.obj
 0001:00079490       _GraphRefreshRateDlgProc@16 0047a490 f   TSReader.obj
 0001:00079650       _SetupEPGGridScrollbars    0047a650 f   TSReader.obj
 0001:00079750       _ProcessEPGScrollbarMessages 0047a750 f   TSReader.obj
 0001:00079b80       _EPGGridSettingsDlgProc@16 0047ab80 f   TSReader.obj
 0001:0007a710       _ValidateWindowXY          0047b710 f   TSReader.obj
 0001:0007a780       _ShowEPGGrid               0047b780 f   TSReader.obj
 0001:0007a9e0       _CreateChartWindow         0047b9e0 f   TSReader.obj
 0001:0007acd0       _UpdateTableMonitorStats   0047bcd0 f   TSReader.obj
 0001:0007afb0       _GetTableMonitorDispInfo   0047bfb0 f   TSReader.obj
 0001:0007b360       _PluginSettingsDlgProc@16  0047c360 f   TSReader.obj
 0001:0007b5d0       _EmailSetupDlgProc@16      0047c5d0 f   TSReader.obj
 0001:0007b7a0       _EITServerSettingsDlgProc@16 0047c7a0 f   TSReader.obj
 0001:0007b9b0       _TableViewerDlgProc@16     0047c9b0 f   TSReader.obj
 0001:0007c1c0       _IsFileSource              0047d1c0 f   TSReader.obj
 0001:0007c210       _SetPCTimeToStreamTime     0047d210 f   TSReader.obj
 0001:0007c360       _MainDlgSubclassProc@16    0047d360 f   TSReader.obj
 0001:0007c430       _ToggleNetworkIgnore       0047d430 f   TSReader.obj
 0001:0007cb30       _SIParserDlgProc@16        0047db30 f   TSReader.obj
 0001:0007f260       _SetProcessPriority        00480260 f   TSReader.obj
 0001:0007f2c0       _DecodeSkyLCN              004802c0 f   TSReader.obj
 0001:0007faf0       _TranslateAlarmCode        00480af0 f   TSReader.obj
 0001:0007fbf0       _OpenStreamMonitorLogFile  00480bf0 f   TSReader.obj
 0001:0007fd80       _MonitorAlarmOn            00480d80 f   TSReader.obj
 0001:00080130       _GetTotalCRCErrors         00481130 f   TSReader.obj
 0001:00080190       _StreamMonitorThread@4     00481190 f   TSReader.obj
 0001:000808a0       _GetStreamMonitorDispInfo  004818a0 f   TSReader.obj
 0001:00080a00       _StreamMonitorSettingsDlgProc@16 00481a00 f   TSReader.obj
 0001:00080b30       _StreamMonitorDlgProc@16   00481b30 f   TSReader.obj
 0001:00081520       _LoadPIDListFile           00482520 f   TSReader.obj
 0001:00081660       _LoadManualPIDList         00482660 f   TSReader.obj
 0001:00081750       _GetVideoCompositionPID    00482750 f   TSReader.obj
 0001:00081920       _ProcessMain_WM_COMMAND    00482920 f   TSReader.obj
 0001:00083a90       _MainWndProc@16            00484a90 f   TSReader.obj
 0001:00084980       _InitVariables             00485980 f   TSReader.obj
 0001:00085060       _DeInitVariables           00486060 f   TSReader.obj
 0001:00085230       _GetCommandLineFilename    00486230 f   TSReader.obj
 0001:00085350       _ParseTSReaderCommandLineOptions 00486350 f   TSReader.obj
 0001:00086c00       _LoadOutputModules         00487c00 f   TSReader.obj
 0001:00086d30       _UnloadOutputModules       00487d30 f   TSReader.obj
 0001:00086d50       _LoadOtherModules          00487d50 f   TSReader.obj
 0001:00087150       _UnloadOtherModules        00488150 f   TSReader.obj
 0001:00087230       _InitApplication           00488230 f   TSReader.obj
 0001:000872f0       _InitInstance              004882f0 f   TSReader.obj
 0001:00087580       _BombWarningDlgProc@16     00488580 f   TSReader.obj
 0001:000876a0       _DoNormalTSReaderWindow    004886a0 f   TSReader.obj
 0001:000878e0       _doit                      004888e0 f   TSReader.obj
 0001:00087a10       _LoadSerialReceiverDLLs    00488a10 f   TSReader.obj
 0001:00087ba0       _UnloadSerialReceiverDLLs  00488ba0 f   TSReader.obj
 0001:00087c10       _WinMain@16                00488c10 f   TSReader.obj
 0001:00087e90       _GetExtensionPtr           00488e90 f   util.obj
 0001:00087f00       _CopyListControlToClipboard 00488f00 f   util.obj
 0001:00088080       _UpdateMainStatusText      00489080 f   util.obj
 0001:000880e0       _UpdateSecondaryStatusText 004890e0 f   util.obj
 0001:00088130       _ATSCPIDs                  00489130 f   util.obj
 0001:000881a0       _DecodeMPEG2PCR            004891a0 f   util.obj
 0001:00088290       _GetTotalPMTChannels       00489290 f   util.obj
 0001:00088300       _IsDuplicateDescriptor     00489300 f   util.obj
 0001:00088390       _FillAddr                  00489390 f   util.obj
 0001:00088460       _IsMPEGAudioStream         00489460 f   util.obj
 0001:000884e0       _IsAC3AudioStream          004894e0 f   util.obj
 0001:00088650       _IsPCMAudioStream          00489650 f   util.obj
 0001:000887d0       _IsDTSAudioStream          004897d0 f   util.obj
 0001:00088990       _GetDTSAudioDescriptor     00489990 f   util.obj
 0001:00088b20       _GetDTSFrameSize           00489b20 f   util.obj
 0001:00088ce0       _IsDataBroadcastStream     00489ce0 f   util.obj
 0001:00088dd0       _IsTeleTextOrVBIStream     00489dd0 f   util.obj
 0001:00088f30       _IsSubtitleStream          00489f30 f   util.obj
 0001:00089020       _GetATSCMultipleString     0048a020 f   util.obj
 0001:00089200       _GetExtendedChannelName    0048a200 f   util.obj
 0001:000893e0       _CursorNormal              0048a3e0 f   util.obj
 0001:00089440       _CursorWait                0048a440 f   util.obj
 0001:000894b0       _ConvertDVBBCDTimeOffsets  0048a4b0 f   util.obj
 0001:00089560       _ConvertBCD                0048a560 f   util.obj
 0001:000895c0       _ConvertDVBDate            0048a5c0 f   util.obj
 0001:00089710       _ConvertDVBTime            0048a710 f   util.obj
 0001:00089780       _ConvertATSCDateTime       0048a780 f   util.obj
 0001:00089840       _EventInPast               0048a840 f   util.obj
 0001:00089960       _LogDescriptor             0048a960 f   util.obj
 0001:00089980       _ExpireOldEITData          0048a980 f   util.obj
 0001:00089bd0       _SaveEPGData               0048abd0 f   util.obj
 0001:0008a160       _SaveExistingEPGData       0048b160 f   util.obj
 0001:0008a1f0       _myGetSaveFileName         0048b1f0 f   util.obj
 0001:0008a290       _GetLanguageFromDescriptor 0048b290 f   util.obj
 0001:0008a3a0       _StripTrailingSpaces       0048b3a0 f   util.obj
 0001:0008a410       _TrueFalseString           0048b410 f   util.obj
 0001:0008a450       _EscapeReplaceXML          0048b450 f   util.obj
 0001:0008a640       _WriteHTMLLine             0048b640 f   util.obj
 0001:0008a6c0       _WriteHTMLASCII            0048b6c0 f   util.obj
 0001:0008a800       _GetVideoStreamCount       0048b800 f   util.obj
 0001:0008a9b0       _GetProgramCount           0048b9b0 f   util.obj
 0001:0008aa40       _mdiStreamInit             0048ba40 f   mdi.obj
 0001:0008aae0       _mdiStreamStop             0048bae0 f   mdi.obj
 0001:0008ab20       _mdiPacket                 0048bb20 f   mdi.obj
 0001:0008b0c0       _mdiSample                 0048c0c0 f   mdi.obj
 0001:0008b1b0       _SourceHelper_GetTSReaderEXEDirectory 0048c1b0 f   TSReader_SourceHelper:TSReader_SourceHelper.dll
 0001:0008b1b6       _SourceHelper_CRC_Check    0048c1b6 f   TSReader_SourceHelper:TSReader_SourceHelper.dll
 0001:0008b1bc       _SourceHelper_SetWorkerThreadPriorities 0048c1bc f   TSReader_SourceHelper:TSReader_SourceHelper.dll
 0001:0008b1c2       _SourceHelper_ReadLine     0048c1c2 f   TSReader_SourceHelper:TSReader_SourceHelper.dll
 0001:0008b1c8       _SourceHelper_myGetOpenFileName 0048c1c8 f   TSReader_SourceHelper:TSReader_SourceHelper.dll
 0001:0008b1ce       _SourceHelper_CRC_Calc     0048c1ce f   TSReader_SourceHelper:TSReader_SourceHelper.dll
 0001:0008b1d4       _SourceHelper_SetChannelSerialControl 0048c1d4 f   TSReader_SourceHelper:TSReader_SourceHelper.dll
 0001:0008b1da       _SourceHelper_DeInitSerialControl 0048c1da f   TSReader_SourceHelper:TSReader_SourceHelper.dll
 0001:0008b1e0       _SourceHelper_InitSerialControl 0048c1e0 f   TSReader_SourceHelper:TSReader_SourceHelper.dll
 0001:0008b1e6       _SourceHelper_CalculateSwitchParameters 0048c1e6 f   TSReader_SourceHelper:TSReader_SourceHelper.dll
 0001:0008b1ec       _SourceHelper_DiSEqCPositionerDialog 0048c1ec f   TSReader_SourceHelper:TSReader_SourceHelper.dll
 0001:0008b1f2       _SourceHelper_ResetFirstTimeFlag 0048c1f2 f   TSReader_SourceHelper:TSReader_SourceHelper.dll
 0001:0008b1f8       _SourceHelper_ImportSatelliteList 0048c1f8 f   TSReader_SourceHelper:TSReader_SourceHelper.dll
 0001:0008b1fe       _SourceHelper_Init         0048c1fe f   TSReader_SourceHelper:TSReader_SourceHelper.dll
 0001:0008b204       _SourceHelper_CRC_Init     0048c204 f   TSReader_SourceHelper:TSReader_SourceHelper.dll
 0001:0008b210       _mad_timer_compare         0048c210 f   libmad:timer.obj
 0001:0008b280       _mad_timer_negate          0048c280 f   libmad:timer.obj
 0001:0008b2e0       _mad_timer_abs             0048c2e0 f   libmad:timer.obj
 0001:0008b330       _mad_timer_set             0048c330 f   libmad:timer.obj
 0001:0008b790       _mad_timer_add             0048c790 f   libmad:timer.obj
 0001:0008b7f0       _mad_timer_multiply        0048c7f0 f   libmad:timer.obj
 0001:0008b8a0       _mad_timer_count           0048c8a0 f   libmad:timer.obj
 0001:0008bab0       _mad_timer_fraction        0048cab0 f   libmad:timer.obj
 0001:0008bb50       _mad_timer_string          0048cb50 f   libmad:timer.obj
 0001:0008c030       _mad_synth_init            0048d030 f   libmad:synth.obj
 0001:0008c0a0       _mad_synth_mute            0048d0a0 f   libmad:synth.obj
 0001:0008c1b0       _mad_synth_frame           0048d1b0 f   libmad:synth.obj
 0001:0008e530       _mad_header_init           0048f530 f   libmad:frame.obj
 0001:0008e5d0       _mad_frame_init            0048f5d0 f   libmad:frame.obj
 0001:0008e630       _mad_frame_finish          0048f630 f   libmad:frame.obj
 0001:0008e690       _mad_header_decode         0048f690 f   libmad:frame.obj
 0001:0008ef90       _mad_frame_decode          0048ff90 f   libmad:frame.obj
 0001:0008f0a0       _mad_frame_mute            004900a0 f   libmad:frame.obj
 0001:0008f1a0       _mad_stream_init           004901a0 f   libmad:stream.obj
 0001:0008f270       _mad_stream_finish         00490270 f   libmad:stream.obj
 0001:0008f2c0       _mad_stream_buffer         004902c0 f   libmad:stream.obj
 0001:0008f330       _mad_stream_skip           00490330 f   libmad:stream.obj
 0001:0008f360       _mad_stream_sync           00490360 f   libmad:stream.obj
 0001:0008f410       _mad_stream_errorstr       00490410 f   libmad:stream.obj
 0001:0008f620       _mad_layer_III             00490620 f   libmad:layer3.obj
 0001:00093f80       _mad_layer_I               00494f80 f   libmad:layer12.obj
 0001:000944c0       _mad_layer_II              004954c0 f   libmad:layer12.obj
 0001:00094ec0       _mad_bit_init              00495ec0 f   libmad:bit.obj
 0001:00094f00       _mad_bit_length            00495f00 f   libmad:bit.obj
 0001:00094f50       _mad_bit_nextbyte          00495f50 f   libmad:bit.obj
 0001:00094fa0       _mad_bit_skip              00495fa0 f   libmad:bit.obj
 0001:00095040       _mad_bit_read              00496040 f   libmad:bit.obj
 0001:000951b0       _mad_bit_crc               004961b0 f   libmad:bit.obj
 0001:000953be       _PEdestroy@4               004963be     PEGRPCS:PEGRPCS.dll
 0001:000953c4       _PEnset@12                 004963c4     PEGRPCS:PEGRPCS.dll
 0001:000953ca       _PEvsetcell@16             004963ca     PEGRPCS:PEGRPCS.dll
 0001:000953d0       _PEvsetcellEx@20           004963d0     PEGRPCS:PEGRPCS.dll
 0001:000953d6       _PEszset@12                004963d6     PEGRPCS:PEGRPCS.dll
 0001:000953dc       _PEvset@16                 004963dc     PEGRPCS:PEGRPCS.dll
 0001:000953e2       _PEcreate@20               004963e2     PEGRPCS:PEGRPCS.dll
 0001:000953e8       _PEresetimage@12           004963e8     PEGRPCS:PEGRPCS.dll
 0001:000953ee       _PEreinitialize@4          004963ee     PEGRPCS:PEGRPCS.dll
 0001:000953f4       _PEvsetEx@24               004963f4     PEGRPCS:PEGRPCS.dll
 0001:000953fa       __ISCloseDest@4            004963fa f   _isource:_ISource.dll
 0001:00095400       __ISWriteRGBToJPG@24       00496400 f   _isource:_ISource.dll
 0001:00095406       __ISOpenFileDest@4         00496406 f   _isource:_ISource.dll
 0001:0009540c       __ISCloseSource@4          0049640c f   _isource:_ISource.dll
 0001:00095412       __ISReadBMPToRGB@12        00496412 f   _isource:_ISource.dll
 0001:00095418       __ISOpenFileSource@4       00496418 f   _isource:_ISource.dll
 0001:0009541e       __ISDecimateRGB@24         0049641e f   _isource:_ISource.dll
 0001:00095424       __ISDrawTextOnRGB2@32      00496424 f   _isource:_ISource.dll
 0001:0009542a       __ISDrawRGB@36             0049642a f   _isource:_ISource.dll
 0001:00095430       __ISOverlayRGBTrans@44     00496430 f   _isource:_ISource.dll
 0001:00095436       __ISHBITMAPToRGB@20        00496436 f   _isource:_ISource.dll
 0001:0009543c       __ISLoadResourceBitmap@12  0049643c f   _isource:_ISource.dll
 0001:00095442       __ISInitialize@4           00496442 f   _isource:_ISource.dll
 0001:00095450       _mpeg2_info                00496450 f   libmpeg2:decode.obj
 0001:00095480       _mpeg2_buffer              00496480 f   libmpeg2:decode.obj
 0001:000954c0       _mpeg2_getpos              004964c0 f   libmpeg2:decode.obj
 0001:00095500       _mpeg2_seek_header         00496500 f   libmpeg2:decode.obj
 0001:00095770       _mpeg2_parse               00496770 f   libmpeg2:decode.obj
 0001:00095bc0       _mpeg2_parse_header        00496bc0 f   libmpeg2:decode.obj
 0001:00095f00       _mpeg2_convert             00496f00 f   libmpeg2:decode.obj
 0001:00095fa0       _mpeg2_stride              00496fa0 f   libmpeg2:decode.obj
 0001:00096060       _mpeg2_set_buf             00497060 f   libmpeg2:decode.obj
 0001:00096160       _mpeg2_custom_fbuf         00497160 f   libmpeg2:decode.obj
 0001:00096190       _mpeg2_skip                00497190 f   libmpeg2:decode.obj
 0001:000961d0       _mpeg2_slice_region        004971d0 f   libmpeg2:decode.obj
 0001:00096280       _mpeg2_tag_picture         00497280 f   libmpeg2:decode.obj
 0001:00096300       _mpeg2_accel               00497300 f   libmpeg2:decode.obj
 0001:00096390       _mpeg2_reset               00497390 f   libmpeg2:decode.obj
 0001:00096480       _mpeg2_init                00497480 f   libmpeg2:decode.obj
 0001:00096540       _mpeg2_close               00497540 f   libmpeg2:decode.obj
 0001:000965a0       _mpeg2_header_state_init   004975a0 f   libmpeg2:header.obj
 0001:000967d0       _mpeg2_reset_info          004977d0 f   libmpeg2:header.obj
 0001:00096840       _mpeg2_header_sequence     00497840 f   libmpeg2:header.obj
 0001:00096e80       _mpeg2_header_sequence_finalize 00497e80 f   libmpeg2:header.obj
 0001:00097550       _mpeg2_header_gop          00498550 f   libmpeg2:header.obj
 0001:00097650       _mpeg2_header_gop_finalize 00498650 f   libmpeg2:header.obj
 0001:000976d0       _mpeg2_set_fbuf            004986d0 f   libmpeg2:header.obj
 0001:000977d0       _mpeg2_header_picture_start 004987d0 f   libmpeg2:header.obj
 0001:00097930       _mpeg2_header_picture      00498930 f   libmpeg2:header.obj
 0001:00097f00       _mpeg2_header_picture_finalize 00498f00 f   libmpeg2:header.obj
 0001:00098610       _mpeg2_header_extension    00499610 f   libmpeg2:header.obj
 0001:000986a0       _mpeg2_header_user_data    004996a0 f   libmpeg2:header.obj
 0001:00098700       _mpeg2_header_slice_start  00499700 f   libmpeg2:header.obj
 0001:00098aa0       _mpeg2_header_end          00499aa0 f   libmpeg2:header.obj
 0001:00098c40       _mpeg2_init_fbuf           00499c40 f   libmpeg2:slice.obj
 0001:0009fd00       _mpeg2_slice               004a0d00 f   libmpeg2:slice.obj
 0001:000a3b60       _mpeg2_mc_init             004a4b60 f   libmpeg2:motion_comp.obj
 0001:000a5db0       _mpeg2_idct_init           004a6db0 f   libmpeg2:idct.obj
 0001:000a6810       _mpeg2_cpu_state_init      004a7810 f   libmpeg2:cpu_state.obj
 0001:000a6840       _mpeg2_detect_accel        004a7840 f   libmpeg2:cpu_accel.obj
 0001:000a6920       _mpeg2_malloc              004a7920 f   libmpeg2:alloc.obj
 0001:000a69c0       _mpeg2_free                004a79c0 f   libmpeg2:alloc.obj
 0001:000a6a30       _mpeg2_malloc_hooks        004a7a30 f   libmpeg2:alloc.obj
 0001:000a80e0       _mpeg2_idct_copy_mmxext    004a90e0 f   libmpeg2:idct_mmx.obj
 0001:000a8160       _mpeg2_idct_add_mmxext     004a9160 f   libmpeg2:idct_mmx.obj
 0001:000a8340       _mpeg2_idct_copy_mmx       004a9340 f   libmpeg2:idct_mmx.obj
 0001:000a83c0       _mpeg2_idct_add_mmx        004a93c0 f   libmpeg2:idct_mmx.obj
 0001:000a8490       _mpeg2_idct_mmx_init       004a9490 f   libmpeg2:idct_mmx.obj
 0001:000adf70       _mpeg2convert_rgb32        004aef70 f   libmpeg2convert:rgb.obj
 0001:000aeac0       _mpeg2convert_rgb24        004afac0 f   libmpeg2convert:rgb.obj
 0001:000aeb20       _mpeg2convert_rgb16        004afb20 f   libmpeg2convert:rgb.obj
 0001:000aeb80       _mpeg2convert_rgb15        004afb80 f   libmpeg2convert:rgb.obj
 0001:000aebe0       _mpeg2convert_rgb8         004afbe0 f   libmpeg2convert:rgb.obj
 0001:000aec40       _mpeg2convert_bgr32        004afc40 f   libmpeg2convert:rgb.obj
 0001:000aeca0       _mpeg2convert_bgr24        004afca0 f   libmpeg2convert:rgb.obj
 0001:000aed00       _mpeg2convert_bgr16        004afd00 f   libmpeg2convert:rgb.obj
 0001:000aed60       _mpeg2convert_bgr15        004afd60 f   libmpeg2convert:rgb.obj
 0001:000aedc0       _mpeg2convert_bgr8         004afdc0 f   libmpeg2convert:rgb.obj
 0001:000aee20       _mpeg2convert_rgb          004afe20 f   libmpeg2convert:rgb.obj
 0001:000aeea0       _mpeg2convert_rgb_mmxext   004afea0 f   libmpeg2convert:rgb_mmx.obj
 0001:000aeee0       _mpeg2convert_rgb_mmx      004afee0 f   libmpeg2convert:rgb_mmx.obj
 0001:000af330       _send@16                   004b0330 f   wsock32:WSOCK32.dll
 0001:000af336       _recv@16                   004b0336 f   wsock32:WSOCK32.dll
 0001:000af33c       _setsockopt@20             004b033c f   wsock32:WSOCK32.dll
 0001:000af342       _accept@12                 004b0342 f   wsock32:WSOCK32.dll
 0001:000af348       _closesocket@4             004b0348 f   wsock32:WSOCK32.dll
 0001:000af34e       _listen@8                  004b034e f   wsock32:WSOCK32.dll
 0001:000af354       _bind@12                   004b0354 f   wsock32:WSOCK32.dll
 0001:000af35a       _htons@4                   004b035a f   wsock32:WSOCK32.dll
 0001:000af360       _socket@12                 004b0360 f   wsock32:WSOCK32.dll
 0001:000af366       _connect@12                004b0366 f   wsock32:WSOCK32.dll
 0001:000af36c       _WSAStartup@8              004b036c f   wsock32:WSOCK32.dll
 0001:000af372       _WSACleanup@0              004b0372 f   wsock32:WSOCK32.dll
 0001:000af378       _gethostbyname@4           004b0378 f   wsock32:WSOCK32.dll
 0001:000af37e       _inet_addr@4               004b037e f   wsock32:WSOCK32.dll
 0001:000af384       _lstrcpyA@8                004b0384 f   kernel32:KERNEL32.dll
 0001:000af38a       _WriteFile@20              004b038a f   kernel32:KERNEL32.dll
 0001:000af390       _OutputDebugStringA@4      004b0390 f   kernel32:KERNEL32.dll
 0001:000af396       _LocalAlloc@8              004b0396 f   kernel32:KERNEL32.dll
 0001:000af39c       _LocalFree@4               004b039c f   kernel32:KERNEL32.dll
 0001:000af3a2       _LeaveCriticalSection@4    004b03a2 f   kernel32:KERNEL32.dll
 0001:000af3a8       _EnterCriticalSection@4    004b03a8 f   kernel32:KERNEL32.dll
 0001:000af3ae       _lstrcmpA@8                004b03ae f   kernel32:KERNEL32.dll
 0001:000af3b4       _GetLocalTime@4            004b03b4 f   kernel32:KERNEL32.dll
 0001:000af3ba       _lstrcatA@8                004b03ba f   kernel32:KERNEL32.dll
 0001:000af3c0       _lstrlenA@4                004b03c0 f   kernel32:KERNEL32.dll
 0001:000af3c6       _Sleep@4                   004b03c6 f   kernel32:KERNEL32.dll
 0001:000af3cc       _GetProcAddress@8          004b03cc f   kernel32:KERNEL32.dll
 0001:000af3d2       _CloseHandle@4             004b03d2 f   kernel32:KERNEL32.dll
 0001:000af3d8       _CreateFileA@28            004b03d8 f   kernel32:KERNEL32.dll
 0001:000af3de       _FreeLibrary@4             004b03de f   kernel32:KERNEL32.dll
 0001:000af3e4       _FindClose@4               004b03e4 f   kernel32:KERNEL32.dll
 0001:000af3ea       _FindNextFileA@8           004b03ea f   kernel32:KERNEL32.dll
 0001:000af3f0       _DeleteFileA@4             004b03f0 f   kernel32:KERNEL32.dll
 0001:000af3f6       _FindFirstFileA@8          004b03f6 f   kernel32:KERNEL32.dll
 0001:000af3fc       _LoadLibraryA@4            004b03fc f   kernel32:KERNEL32.dll
 0001:000af402       _GetModuleFileNameA@12     004b0402 f   kernel32:KERNEL32.dll
 0001:000af408       _CreateThread@24           004b0408 f   kernel32:KERNEL32.dll
 0001:000af40e       _SystemTimeToFileTime@8    004b040e f   kernel32:KERNEL32.dll
 0001:000af414       _GetTimeFormatA@24         004b0414 f   kernel32:KERNEL32.dll
 0001:000af41a       _GetDateFormatA@24         004b041a f   kernel32:KERNEL32.dll
 0001:000af420       _SystemTimeToTzSpecificLocalTime@12 004b0420 f   kernel32:KERNEL32.dll
 0001:000af426       _FileTimeToSystemTime@8    004b0426 f   kernel32:KERNEL32.dll
 0001:000af42c       _MulDiv@12                 004b042c f   kernel32:KERNEL32.dll
 0001:000af432       _GetSystemTime@4           004b0432 f   kernel32:KERNEL32.dll
 0001:000af438       _ReadFile@20               004b0438 f   kernel32:KERNEL32.dll
 0001:000af43e       _GetTickCount@0            004b043e f   kernel32:KERNEL32.dll
 0001:000af444       _DeleteCriticalSection@4   004b0444 f   kernel32:KERNEL32.dll
 0001:000af44a       _InitializeCriticalSection@4 004b044a f   kernel32:KERNEL32.dll
 0001:000af450       _GetCurrentProcess@0       004b0450 f   kernel32:KERNEL32.dll
 0001:000af456       _ResumeThread@4            004b0456 f   kernel32:KERNEL32.dll
 0001:000af45c       _GetCurrentDirectoryA@8    004b045c f   kernel32:KERNEL32.dll
 0001:000af462       _SetThreadPriority@8       004b0462 f   kernel32:KERNEL32.dll
 0001:000af468       _CreatePipe@16             004b0468 f   kernel32:KERNEL32.dll
 0001:000af46e       _WinExec@8                 004b046e f   kernel32:KERNEL32.dll
 0001:000af474       _GlobalFree@4              004b0474 f   kernel32:KERNEL32.dll
 0001:000af47a       _SetProcessAffinityMask@8  004b047a f   kernel32:KERNEL32.dll
 0001:000af480       _GetProcessAffinityMask@12 004b0480 f   kernel32:KERNEL32.dll
 0001:000af486       _GetPrivateProfileStringA@24 004b0486 f   kernel32:KERNEL32.dll
 0001:000af48c       _GetLastError@0            004b048c f   kernel32:KERNEL32.dll
 0001:000af492       _SetSystemTime@4           004b0492 f   kernel32:KERNEL32.dll
 0001:000af498       _SetPriorityClass@8        004b0498 f   kernel32:KERNEL32.dll
 0001:000af49e       _SetFilePointer@16         004b049e f   kernel32:KERNEL32.dll
 0001:000af4a4       _FlushFileBuffers@4        004b04a4 f   kernel32:KERNEL32.dll
 0001:000af4aa       _QueryPerformanceFrequency@4 004b04aa f   kernel32:KERNEL32.dll
 0001:000af4b0       _GlobalUnlock@4            004b04b0 f   kernel32:KERNEL32.dll
 0001:000af4b6       _GlobalAlloc@8             004b04b6 f   kernel32:KERNEL32.dll
 0001:000af4bc       _wsprintfA                 004b04bc f   user32:USER32.dll
 0001:000af4c2       _PostMessageA@16           004b04c2 f   user32:USER32.dll
 0001:000af4c8       _SetForegroundWindow@4     004b04c8 f   user32:USER32.dll
 0001:000af4ce       _KillTimer@8               004b04ce f   user32:USER32.dll
 0001:000af4d4       _GetWindowRect@8           004b04d4 f   user32:USER32.dll
 0001:000af4da       _DestroyWindow@4           004b04da f   user32:USER32.dll
 0001:000af4e0       _MoveWindow@24             004b04e0 f   user32:USER32.dll
 0001:000af4e6       _GetClientRect@8           004b04e6 f   user32:USER32.dll
 0001:000af4ec       _GetWindowLongA@8          004b04ec f   user32:USER32.dll
 0001:000af4f2       _DefWindowProcA@16         004b04f2 f   user32:USER32.dll
 0001:000af4f8       _InvalidateRect@12         004b04f8 f   user32:USER32.dll
 0001:000af4fe       _SetTimer@16               004b04fe f   user32:USER32.dll
 0001:000af504       _SendMessageA@16           004b0504 f   user32:USER32.dll
 0001:000af50a       _SendDlgItemMessageA@20    004b050a f   user32:USER32.dll
 0001:000af510       _SetDlgItemTextA@12        004b0510 f   user32:USER32.dll
 0001:000af516       _ShowWindow@8              004b0516 f   user32:USER32.dll
 0001:000af51c       _GetDlgItem@8              004b051c f   user32:USER32.dll
 0001:000af522       _DispatchMessageA@4        004b0522 f   user32:USER32.dll
 0001:000af528       _TranslateMessage@4        004b0528 f   user32:USER32.dll
 0001:000af52e       _PeekMessageA@20           004b052e f   user32:USER32.dll
 0001:000af534       _CallWindowProcA@20        004b0534 f   user32:USER32.dll
 0001:000af53a       _GetParent@4               004b053a f   user32:USER32.dll
 0001:000af540       _SetFocus@4                004b0540 f   user32:USER32.dll
 0001:000af546       _EndDialog@8               004b0546 f   user32:USER32.dll
 0001:000af54c       _MessageBoxA@16            004b054c f   user32:USER32.dll
 0001:000af552       _SetWindowLongA@12         004b0552 f   user32:USER32.dll
 0001:000af558       _CheckMenuItem@12          004b0558 f   user32:USER32.dll
 0001:000af55e       _GetMenu@4                 004b055e f   user32:USER32.dll
 0001:000af564       _SetScrollInfo@16          004b0564 f   user32:USER32.dll
 0001:000af56a       _EndPaint@8                004b056a f   user32:USER32.dll
 0001:000af570       _FillRect@12               004b0570 f   user32:USER32.dll
 0001:000af576       _DrawTextA@20              004b0576 f   user32:USER32.dll
 0001:000af57c       _DrawIcon@16               004b057c f   user32:USER32.dll
 0001:000af582       _BeginPaint@8              004b0582 f   user32:USER32.dll
 0001:000af588       _SetScrollPos@16           004b0588 f   user32:USER32.dll
 0001:000af58e       _MessageBeep@4             004b058e f   user32:USER32.dll
 0001:000af594       _GetDlgItemTextA@16        004b0594 f   user32:USER32.dll
 0001:000af59a       _IsDlgButtonChecked@8      004b059a f   user32:USER32.dll
 0001:000af5a0       _CheckDlgButton@12         004b05a0 f   user32:USER32.dll
 0001:000af5a6       _GetDlgItemInt@16          004b05a6 f   user32:USER32.dll
 0001:000af5ac       _SetDlgItemInt@16          004b05ac f   user32:USER32.dll
 0001:000af5b2       _DialogBoxParamA@20        004b05b2 f   user32:USER32.dll
 0001:000af5b8       _GetKeyState@4             004b05b8 f   user32:USER32.dll
 0001:000af5be       _DestroyIcon@4             004b05be f   user32:USER32.dll
 0001:000af5c4       _LoadIconA@8               004b05c4 f   user32:USER32.dll
 0001:000af5ca       _ReleaseDC@8               004b05ca f   user32:USER32.dll
 0001:000af5d0       _GetDC@4                   004b05d0 f   user32:USER32.dll
 0001:000af5d6       _SetScrollRange@20         004b05d6 f   user32:USER32.dll
 0001:000af5dc       _GetScrollRange@16         004b05dc f   user32:USER32.dll
 0001:000af5e2       _DestroyMenu@4             004b05e2 f   user32:USER32.dll
 0001:000af5e8       _LoadMenuA@8               004b05e8 f   user32:USER32.dll
 0001:000af5ee       _DeleteMenu@12             004b05ee f   user32:USER32.dll
 0001:000af5f4       _AppendMenuA@16            004b05f4 f   user32:USER32.dll
 0001:000af5fa       _GetSubMenu@8              004b05fa f   user32:USER32.dll
 0001:000af600       _WaitForInputIdle@8        004b0600 f   user32:USER32.dll
 0001:000af606       _GetMessageA@16            004b0606 f   user32:USER32.dll
 0001:000af60c       _CreateDialogParamA@20     004b060c f   user32:USER32.dll
 0001:000af612       _EnableWindow@8            004b0612 f   user32:USER32.dll
 0001:000af618       _EnableMenuItem@12         004b0618 f   user32:USER32.dll
 0001:000af61e       _FindWindowA@8             004b061e f   user32:USER32.dll
 0001:000af624       _LoadImageA@24             004b0624 f   user32:USER32.dll
 0001:000af62a       _GetSystemMetrics@4        004b062a f   user32:USER32.dll
 0001:000af630       _GetSysColor@4             004b0630 f   user32:USER32.dll
 0001:000af636       _UpdateWindow@4            004b0636 f   user32:USER32.dll
 0001:000af63c       _TrackPopupMenu@28         004b063c f   user32:USER32.dll
 0001:000af642       _ClientToScreen@8          004b0642 f   user32:USER32.dll
 0001:000af648       _ModifyMenuA@20            004b0648 f   user32:USER32.dll
 0001:000af64e       _SetWindowPos@28           004b064e f   user32:USER32.dll
 0001:000af654       _CreateWindowExA@48        004b0654 f   user32:USER32.dll
 0001:000af65a       _CheckMenuRadioItem@20     004b065a f   user32:USER32.dll
 0001:000af660       _UnregisterClassA@8        004b0660 f   user32:USER32.dll
 0001:000af666       _RegisterClassA@4          004b0666 f   user32:USER32.dll
 0001:000af66c       _LoadCursorA@8             004b066c f   user32:USER32.dll
 0001:000af672       _keybd_event@16            004b0672 f   user32:USER32.dll
 0001:000af678       _PostQuitMessage@4         004b0678 f   user32:USER32.dll
 0001:000af67e       _RegisterWindowMessageA@4  004b067e f   user32:USER32.dll
 0001:000af684       _LoadAcceleratorsA@8       004b0684 f   user32:USER32.dll
 0001:000af68a       _IsDialogMessageA@8        004b068a f   user32:USER32.dll
 0001:000af690       _IsWindow@4                004b0690 f   user32:USER32.dll
 0001:000af696       _TranslateAcceleratorA@12  004b0696 f   user32:USER32.dll
 0001:000af69c       _CloseClipboard@0          004b069c f   user32:USER32.dll
 0001:000af6a2       _SetClipboardData@8        004b06a2 f   user32:USER32.dll
 0001:000af6a8       _EmptyClipboard@0          004b06a8 f   user32:USER32.dll
 0001:000af6ae       _OpenClipboard@4           004b06ae f   user32:USER32.dll
 0001:000af6b4       _SetCursor@4               004b06b4 f   user32:USER32.dll
 0001:000af6ba       _ReleaseCapture@0          004b06ba f   user32:USER32.dll
 0001:000af6c0       _SetCapture@4              004b06c0 f   user32:USER32.dll
 0001:000af6c6       _DeleteDC@4                004b06c6 f   gdi32:GDI32.dll
 0001:000af6cc       _DeleteObject@4            004b06cc f   gdi32:GDI32.dll
 0001:000af6d2       _BitBlt@36                 004b06d2 f   gdi32:GDI32.dll
 0001:000af6d8       _Ellipse@20                004b06d8 f   gdi32:GDI32.dll
 0001:000af6de       _LineTo@12                 004b06de f   gdi32:GDI32.dll
 0001:000af6e4       _MoveToEx@16               004b06e4 f   gdi32:GDI32.dll
 0001:000af6ea       _RoundRect@28              004b06ea f   gdi32:GDI32.dll
 0001:000af6f0       _GetStockObject@4          004b06f0 f   gdi32:GDI32.dll
 0001:000af6f6       _TextOutA@20               004b06f6 f   gdi32:GDI32.dll
 0001:000af6fc       _SetTextColor@8            004b06fc f   gdi32:GDI32.dll
 0001:000af702       _GetTextExtentPointA@16    004b0702 f   gdi32:GDI32.dll
 0001:000af708       _SetBkMode@8               004b0708 f   gdi32:GDI32.dll
 0001:000af70e       _SelectObject@8            004b070e f   gdi32:GDI32.dll
 0001:000af714       _CreateCompatibleBitmap@12 004b0714 f   gdi32:GDI32.dll
 0001:000af71a       _CreateCompatibleDC@4      004b071a f   gdi32:GDI32.dll
 0001:000af720       _CreateFontA@56            004b0720 f   gdi32:GDI32.dll
 0001:000af726       _GetDeviceCaps@8           004b0726 f   gdi32:GDI32.dll
 0001:000af72c       _CreatePen@12              004b072c f   gdi32:GDI32.dll
 0001:000af732       _CreateSolidBrush@4        004b0732 f   gdi32:GDI32.dll
 0001:000af738       _SetBkColor@8              004b0738 f   gdi32:GDI32.dll
 0001:000af73e       _GetTextExtentPoint32A@16  004b073e f   gdi32:GDI32.dll
 0001:000af744       _Polyline@12               004b0744 f   gdi32:GDI32.dll
 0001:000af74a       _CreateFontIndirectA@4     004b074a f   gdi32:GDI32.dll
 0001:000af750       _ChooseColorA@4            004b0750 f   comdlg32:comdlg32.dll
 0001:000af756       _GetSaveFileNameA@4        004b0756 f   comdlg32:comdlg32.dll
 0001:000af75c       _RegSetValueExA@24         004b075c f   advapi32:ADVAPI32.dll
 0001:000af762       _RegCloseKey@4             004b0762 f   advapi32:ADVAPI32.dll
 0001:000af768       _RegCreateKeyExA@36        004b0768 f   advapi32:ADVAPI32.dll
 0001:000af76e       _RegQueryValueExA@24       004b076e f   advapi32:ADVAPI32.dll
 0001:000af774       _RegOpenKeyExA@20          004b0774 f   advapi32:ADVAPI32.dll
 0001:000af77a       _RegEnumValueA@32          004b077a f   advapi32:ADVAPI32.dll
 0001:000af780       _SHGetPathFromIDListA@8    004b0780 f   shell32:SHELL32.dll
 0001:000af786       _SHBrowseForFolderA@4      004b0786 f   shell32:SHELL32.dll
 0001:000af78c       _Shell_NotifyIconA@8       004b078c f   shell32:SHELL32.dll
 0001:000af792       _ShellExecuteA@24          004b0792 f   shell32:SHELL32.dll
 0001:000af798       _DragFinish@4              004b0798 f   shell32:SHELL32.dll
 0001:000af79e       _DragQueryFileA@16         004b079e f   shell32:SHELL32.dll
 0001:000af7a4       _ImageList_ReplaceIcon@12  004b07a4 f   comctl32:COMCTL32.dll
 0001:000af7aa       _ImageList_Create@20       004b07aa f   comctl32:COMCTL32.dll
 0001:000af7b0       _CreateStatusWindowA@16    004b07b0 f   comctl32:COMCTL32.dll
 0001:000af7b6       _ImageList_Destroy@4       004b07b6 f   comctl32:COMCTL32.dll
 0001:000af7bc       _InitCommonControlsEx@4    004b07bc f   comctl32:COMCTL32.dll
 0001:000af7d0       __alloca_probe             004b07d0 f   LIBCMTD:chkstk.obj
 0001:000af7d0       __chkstk                   004b07d0 f   LIBCMTD:chkstk.obj
 0001:000af800       __chkesp                   004b0800 f   LIBCMTD:chkesp.obj
 0001:000af840       __fpmath                   004b0840 f   LIBCMTD:fpinit.obj
 0001:000af870       __fpclear                  004b0870 f   LIBCMTD:fpinit.obj
 0001:000af880       __cfltcvt_init             004b0880 f   LIBCMTD:fpinit.obj
 0001:000af8d0       ___setfflag                004b08d0 f   LIBCMTD:fpinit.obj
 0001:000af8f0       _memset                    004b08f0 f   LIBCMTD:memset.obj
 0001:000af950       __allshr                   004b0950 f   LIBCMTD:llshr.obj
 0001:000af980       __alldiv                   004b0980 f   LIBCMTD:lldiv.obj
 0001:000afa30       __allrem                   004b0a30 f   LIBCMTD:llrem.obj
 0001:000afaf0       _memcpy                    004b0af0 f   LIBCMTD:memcpy.obj
 0001:000afe28       __ftol                     004b0e28 f   LIBCMTD:ftol.obj
 0001:000afe50       __allmul                   004b0e50 f   LIBCMTD:llmul.obj
 0001:000afe90       __allshl                   004b0e90 f   LIBCMTD:llshl.obj
 0001:000afeb0       _qsort                     004b0eb0 f   LIBCMTD:qsort.obj
 0001:000b01b0       _atol                      004b11b0 f   LIBCMTD:atox.obj
 0001:000b02b0       _atoi                      004b12b0 f   LIBCMTD:atox.obj
 0001:000b02d0       __atoi64                   004b12d0 f   LIBCMTD:atox.obj
 0001:000b0400       _atof                      004b1400 f   LIBCMTD:atof.obj
 0001:000b0480       _strstr                    004b1480 f   LIBCMTD:strstr.obj
 0001:000b0500       _strcpy                    004b1500 f   LIBCMTD:strcat.obj
 0001:000b0510       _strcat                    004b1510 f   LIBCMTD:strcat.obj
 0001:000b05f0       _strcmp                    004b15f0 f   LIBCMTD:strcmp.obj
 0001:000b0680       _sscanf                    004b1680 f   LIBCMTD:sscanf.obj
 0001:000b0740       _sprintf                   004b1740 f   LIBCMTD:sprintf.obj
 0001:000b0840       _memcmp                    004b1840 f   LIBCMTD:memcmp.obj
 0001:000b08f0       __aulldiv                  004b18f0 f   LIBCMTD:ulldiv.obj
 0001:000b0958       __global_unwind2           004b1958 f   LIBCMTD:exsup.obj
 0001:000b099a       __local_unwind2            004b199a f   LIBCMTD:exsup.obj
 0001:000b09f2       __NLG_Return2              004b19f2 f   LIBCMTD:exsup.obj
 0001:000b0a02       __abnormal_termination     004b1a02 f   LIBCMTD:exsup.obj
 0001:000b0a25       __NLG_Notify1              004b1a25 f   LIBCMTD:exsup.obj
 0001:000b0a2e       __NLG_Notify               004b1a2e f   LIBCMTD:exsup.obj
 0001:000b0a41       __NLG_Dispatch             004b1a41 f   LIBCMTD:exsup.obj
 0001:000b0a50       __except_handler3          004b1a50 f   LIBCMTD:exsup3.obj
 0001:000b0b0d       __seh_longjmp_unwind@4     004b1b0d f   LIBCMTD:exsup3.obj
 0001:000b0b30       _fclose                    004b1b30 f   LIBCMTD:fclose.obj
 0001:000b0bc0       __fclose_lk                004b1bc0 f   LIBCMTD:fclose.obj
 0001:000b0c80       _fwrite                    004b1c80 f   LIBCMTD:fwrite.obj
 0001:000b0cc0       __fwrite_lk                004b1cc0 f   LIBCMTD:fwrite.obj
 0001:000b0ee0       __cinit                    004b1ee0 f   LIBCMTD:crt0dat.obj
 0001:000b0f20       _exit                      004b1f20 f   LIBCMTD:crt0dat.obj
 0001:000b0f40       __exit                     004b1f40 f   LIBCMTD:crt0dat.obj
 0001:000b0f60       __cexit                    004b1f60 f   LIBCMTD:crt0dat.obj
 0001:000b0f80       __c_exit                   004b1f80 f   LIBCMTD:crt0dat.obj
 0001:000b1090       __lockexit                 004b2090 f   LIBCMTD:crt0dat.obj
 0001:000b10a0       __unlockexit               004b20a0 f   LIBCMTD:crt0dat.obj
 0001:000b10e0       _fprintf                   004b20e0 f   LIBCMTD:fprintf.obj
 0001:000b11b0       ___initstdio               004b21b0 f   LIBCMTD:_file.obj
 0001:000b12e0       ___endstdio                004b22e0 f   LIBCMTD:_file.obj
 0001:000b1300       __lock_file                004b2300 f   LIBCMTD:_file.obj
 0001:000b1340       __lock_file2               004b2340 f   LIBCMTD:_file.obj
 0001:000b1370       __unlock_file              004b2370 f   LIBCMTD:_file.obj
 0001:000b13b0       __unlock_file2             004b23b0 f   LIBCMTD:_file.obj
 0001:000b13e0       __fsopen                   004b23e0 f   LIBCMTD:fopen.obj
 0001:000b14e0       _fopen                     004b24e0 f   LIBCMTD:fopen.obj
 0001:000b1500       _memmove                   004b2500 f   LIBCMTD:memmove.obj
 0001:000b1840       _gmtime                    004b2840 f   LIBCMTD:gmtime.obj
 0001:000b1a40       _strncpy                   004b2a40 f   LIBCMTD:strncpy.obj
 0001:000b1b40       _strlen                    004b2b40 f   LIBCMTD:strlen.obj
 0001:000b1bc0       _srand                     004b2bc0 f   LIBCMTD:rand.obj
 0001:000b1bd0       _rand                      004b2bd0 f   LIBCMTD:rand.obj
 0001:000b1c10       _time                      004b2c10 f   LIBCMTD:time.obj
 0001:000b1da0       __aullshr                  004b2da0 f   LIBCMTD:ullshr.obj
 0001:000b1dc0       _malloc                    004b2dc0 f   LIBCMTD:dbgheap.obj
 0001:000b1df0       __malloc_dbg               004b2df0 f   LIBCMTD:dbgheap.obj
 0001:000b1e20       __nh_malloc                004b2e20 f   LIBCMTD:dbgheap.obj
 0001:000b1e40       __nh_malloc_dbg            004b2e40 f   LIBCMTD:dbgheap.obj
 0001:000b1ee0       __heap_alloc               004b2ee0 f   LIBCMTD:dbgheap.obj
 0001:000b1f00       __heap_alloc_dbg           004b2f00 f   LIBCMTD:dbgheap.obj
 0001:000b2220       _calloc                    004b3220 f   LIBCMTD:dbgheap.obj
 0001:000b2250       __calloc_dbg               004b3250 f   LIBCMTD:dbgheap.obj
 0001:000b22b0       _realloc                   004b32b0 f   LIBCMTD:dbgheap.obj
 0001:000b22e0       __realloc_dbg              004b32e0 f   LIBCMTD:dbgheap.obj
 0001:000b2890       __expand                   004b3890 f   LIBCMTD:dbgheap.obj
 0001:000b28c0       __expand_dbg               004b38c0 f   LIBCMTD:dbgheap.obj
 0001:000b2950       _free                      004b3950 f   LIBCMTD:dbgheap.obj
 0001:000b2970       __free_lk                  004b3970 f   LIBCMTD:dbgheap.obj
 0001:000b2990       __free_dbg                 004b3990 f   LIBCMTD:dbgheap.obj
 0001:000b2a00       __free_dbg_lk              004b3a00 f   LIBCMTD:dbgheap.obj
 0001:000b2df0       __msize                    004b3df0 f   LIBCMTD:dbgheap.obj
 0001:000b2e10       __msize_dbg                004b3e10 f   LIBCMTD:dbgheap.obj
 0001:000b2fa0       __CrtSetBreakAlloc         004b3fa0 f   LIBCMTD:dbgheap.obj
 0001:000b2fc0       __CrtSetDbgBlockType       004b3fc0 f   LIBCMTD:dbgheap.obj
 0001:000b30a0       __CrtSetAllocHook          004b40a0 f   LIBCMTD:dbgheap.obj
 0001:000b3150       __CrtCheckMemory           004b4150 f   LIBCMTD:dbgheap.obj
 0001:000b3500       __CrtSetDbgFlag            004b4500 f   LIBCMTD:dbgheap.obj
 0001:000b3530       __CrtDoForAllClientObjects 004b4530 f   LIBCMTD:dbgheap.obj
 0001:000b35e0       __CrtIsValidPointer        004b45e0 f   LIBCMTD:dbgheap.obj
 0001:000b3630       __CrtIsValidHeapPointer    004b4630 f   LIBCMTD:dbgheap.obj
 0001:000b3760       __CrtIsMemoryBlock         004b4760 f   LIBCMTD:dbgheap.obj
 0001:000b3890       __CrtSetDumpClient         004b4890 f   LIBCMTD:dbgheap.obj
 0001:000b38b0       __CrtMemCheckpoint         004b48b0 f   LIBCMTD:dbgheap.obj
 0001:000b3a60       __CrtMemDifference         004b4a60 f   LIBCMTD:dbgheap.obj
 0001:000b3b90       __CrtMemDumpAllObjectsSince 004b4b90 f   LIBCMTD:dbgheap.obj
 0001:000b3fb0       __CrtDumpMemoryLeaks       004b4fb0 f   LIBCMTD:dbgheap.obj
 0001:000b4030       __CrtMemDumpStatistics     004b5030 f   LIBCMTD:dbgheap.obj
 0001:000b4100       _abs                       004b5100 f   LIBCMTD:abs.obj
 0001:000b4130       _WinMainCRTStartup         004b5130 f   LIBCMTD:wincrt0.obj
 0001:000b42a0       __amsg_exit                004b52a0 f   LIBCMTD:wincrt0.obj
 0001:000b4300       __assert                   004b5300 f   LIBCMTD:assert.obj
 0001:000b4680       __CrtDbgBreak              004b5680 f   LIBCMTD:dbgrpt.obj
 0001:000b4690       __CrtSetReportMode         004b5690 f   LIBCMTD:dbgrpt.obj
 0001:000b46f0       __CrtSetReportFile         004b56f0 f   LIBCMTD:dbgrpt.obj
 0001:000b4770       __CrtSetReportHook         004b5770 f   LIBCMTD:dbgrpt.obj
 0001:000b4790       __CrtDbgReport             004b5790 f   LIBCMTD:dbgrpt.obj
 0001:000b4e30       __setdefaultprecision      004b5e30 f   LIBCMTD:fp8.obj
 0001:000b4e50       __ms_p5_test_fdiv          004b5e50 f   LIBCMTD:testfdiv.obj
 0001:000b4eb0       __ms_p5_mp_test_fdiv       004b5eb0 f   LIBCMTD:testfdiv.obj
 0001:000b4f00       __forcdecpt                004b5f00 f   LIBCMTD:cvt.obj
 0001:000b4fb0       __cropzeros                004b5fb0 f   LIBCMTD:cvt.obj
 0001:000b5090       __positive                 004b6090 f   LIBCMTD:cvt.obj
 0001:000b50c0       __fassign                  004b60c0 f   LIBCMTD:cvt.obj
 0001:000b5110       __cftoe                    004b6110 f   LIBCMTD:cvt.obj
 0001:000b5300       __cftof                    004b6300 f   LIBCMTD:cvt.obj
 0001:000b54b0       __cftog                    004b64b0 f   LIBCMTD:cvt.obj
 0001:000b55a0       __cfltcvt                  004b65a0 f   LIBCMTD:cvt.obj
 0001:000b5630       __isctype                  004b6630 f   LIBCMTD:isctype.obj
 0001:000b56f0       __fltin2                   004b66f0 f   LIBCMTD:cfin.obj
 0001:000b57c0       _strchr                    004b67c0 f   LIBCMTD:strchr.obj
 0001:000b57c6       ___from_strstr_to_strchr   004b67c6 f   LIBCMTD:strchr.obj
 0001:000b5880       __input                    004b6880 f   LIBCMTD:input.obj
 0001:000b6d80       __flsbuf                   004b7d80 f   LIBCMTD:_flsbuf.obj
 0001:000b7000       __output                   004b8000 f   LIBCMTD:output.obj
 0001:000b7ea0       __close                    004b8ea0 f   LIBCMTD:close.obj
 0001:000b7f20       __close_lk                 004b8f20 f   LIBCMTD:close.obj
 0001:000b7fd0       __freebuf                  004b8fd0 f   LIBCMTD:_freebuf.obj
[...]
FIXUPS: 83123 31 31 31 10 13 29 26 2c 26 d 1e 9 8 9 c 11 21 10 13 11 20
FIXUPS: 83385 1d 20 34 38 1e 1e 23 3d fffff74a 31 31 5d e 34 27 2b 37 82
FIXUPS: 82e3b 31 10 13 21 21 d 28 37 d 28 37 21 21 11 25 2c e 11 21 23
FIXUPS: 830ce fffff26b 16 1e 47 1c 29 30 1c 2e 48 45 12 4d 25 21 2c 4e
FIXUPS: 8263f 15 4c 59 14 26 10 4e 139 36 14 259 34 e 34 ffffef2d f c6
FIXUPS: 81ca5 39 35 29 35 3e 20 28 34 34 34 21 10 2f 13 2d 3d 1b 1b 1b
FIXUPS: 8212c 83 4e 40 e 2c e 4a 3c fffff021 1e 48 25 6b 4b 46 6e 4b 6e
FIXUPS: 815f5 13 13 1b 62 104 19 64 2b 30 b3 28 28 2c 3b 13 6c 15 10 1a
FIXUPS: 81ad1 1e fffff047 1d 1a 1a 1a 1a d 5c 84 4c 28 2d 18 13 33 4a 91
FIXUPS: 80e96 f4 5 1e 21 1b 48 e 71 2e 1e 21 136 bc c fffff037 c3 c 12
FIXUPS: 80458 17c c 12 12 2e 12 12 12 12 12 138 1e 19 c2 90 2b 16 20 61
FIXUPS: 80a2c 1e 19 25 1e 19 18 10 fffff098 30 a 2a 13 16 27 16 24 12 e
FIXUPS: 7fc99 11 2c 21 4a e 4b e 30 e 16 6f 2e 1d2 3d 37 28 18a e 10 51
FIXUPS: 7f808 20 16 16 1d 35 e 8 30 11 19 15 26 1d 3d 1a 16 13 16 14 9
FIXUPS: 7fa4a 1a 16 27 e 3a e 34 e 26 e fffff5f3 29 ca 35 35 c 5d a 19
FIXUPS: 7f376 29 68 23 2b 29 29 37 1a 1c 1a 27 21 e 1a 9d 36 71 16 5b 59
FIXUPS: 7f7c2 26 fffff1f9 90 9b 9b 37 34 34 54 43 29 57 47 27 b4 c 6d 2b
FIXUPS: 7ef3f 1d 13 f 13 19 11 1f 16 21 b c 1a d4 29 fffff230 1b 1b b 17
FIXUPS: 7e3eb 2e 11 16 135 19 7b 84 1d 93 7f e 71 e 4d 38 1d 15 28 13 9
FIXUPS: 7e952 c e 20 20 20 fffff49d 33 2a 2a 43 37 3d 1c 24 26 1c 27 13
FIXUPS: 7e07b 18 3d 37 6f 17 15 1b 1b 1b 54 39 32 1b 1b 1b 1b 1b 1b fffff50e
FIXUPS: 7d8c9 e 23 4b 7e 41 2b 16 6a e 31 1a 15 1ae 23 11 14 d 18 6 76
FIXUPS: 7ddbc 5 5 5 5 9 e 20 32 1b fffff12e 21 18 10 4c 4d e 49 1c 2b 15
FIXUPS: 7d143 15 b 31 15 40 1d 2b e6 13 1c d 62 5d 13 af 97 b0 e0 e 78
FIXUPS: 7c990 f a8 43 35 29 35 29 35 29 35 29 35 29 35 1c 38 1d 2c 1d 1f
FIXUPS: 7cd86 10 34 15 73 30 2b 1d 48 16 33 fffff5af 1c 18 17 1a 1b e 17
FIXUPS: 7c5c1 71 23 23 15 10 52 28 28 15 17 17 f 6e 26 18 10 49 31 2d 28
FIXUPS: 7c94d 15 17 fffff3e8 51 e3 84 2e 2f e 1c 8b 24 e 1a 37 8e e 28
FIXUPS: 7c19a 7b 28 28 79 28 28 d 9a 27 1c 26 e 15 10 5b fffff269 21 1d
FIXUPS: 7b7a7 4d 19 14 24 85 46 29 1f 21 2d 1f 10 33 16 5b 1c 17 20 25
FIXUPS: 7bb87 4b 32 34 21 32 24 13 40 fffff4f9 2b 15 1d 39 1d 39 1d 39
FIXUPS: 7b35a 39 19 30 1b 2b 19 30 1b 2b 19 30 1b 2b 19 34 19 34 16 34
FIXUPS: 7b637 1a f fffff4c2 e d 172 27 24 24 24 24 24 24 23 23 23 1e 10
FIXUPS: 7ae5c 10 c5 34 28 28 1a 32 18 24 21 fe 1b 27 1b 27 fffff35b e 21
FIXUPS: 7a582 10 1a 3c 2c 17 f 4c e 22 e 2a e 2a e d 3b 82 5a 41 41 46
FIXUPS: 7a94a e 7e 5a 41 41 46 fffff538 1a 19 18 1a 19 18 1a 19 18 1a 16
FIXUPS: 7a159 1a d 51 7c 40 1b 13 1c 10 b2 10 3b 6c f 15 12 6f 1c e ffffefd9
FIXUPS: 79505 94 24 25 13 149 48 1e 82 33 16 23 48 2b1 15a 64 10 63 2c
FIXUPS: 79df6 10 54 2c 16 2c e 31 55 2e 25 69 ffffefd2 28 28 28 28 28 28
FIXUPS: 79102 28 28 28 28 28 28 28 28 28 28 28 28 28 28 28 28 28 28 28
FIXUPS: 79422 28 28 31 d fffff421 55 48 10 2f 49 29 2e 55 33 5a 3a 66 16
FIXUPS: 78bff 28 7b 1d 39 57 21 18 13 6d 29 73 33 52 29 d 38 2b fffff416
FIXUPS: 783ed 1d 25 35 16 2a 15 26 55 1c 1c 80 39 1f 1a 21 15 13 17 1a
FIXUPS: 786f9 12 36 47 e d 4e 26 16 30 54 fffff5d5 25 25 25 25 25 25 25
FIXUPS: 77fae 25 25 25 25 49 5 29 16 33 32 33 2b 1c 2c 1c 2f 39 2f 1c d
FIXUPS: 7836c 1b 38 fffff522 49 e 30 e 19 4e 5e 22 10 36 1e 4f 10 3b 3c
FIXUPS: 77bbf 28 28 2d 29 16 51 1e 1d 22 63 23 1a 22 39 3d fffff64d 8f
FIXUPS: 77575 2a 23 18 17 20 17 23 13 2b 4c 1a 21 e 21 e 21 e 21 e 21 e
FIXUPS: 777f8 e 31 e 33 e 3c e fffff455 32 3e 10 10 47 10 10 20 1f 10 c9
FIXUPS: 76f4e 1a 28 17 13 17 d a4 e 20 2f 13 256 2a 39 10 4f 54 1b 25 fffff50f
FIXUPS: 769ca 1d 1d 1d 1d 1d 1d 1d 1d 1d 1d 26 20 1b 1b 1b 1b 1b 1b 1b
FIXUPS: 76c0a 1b 1b 1b 1b 1b 1b 1b 1b 1b 1b fffff7b2 28 69 1a 10 1c 1a
FIXUPS: 765e3 e 22 e 1a 38 46 b9 2f 1d 1b 25 12 3c 1a 16 10 45 11 1d 1d
FIXUPS: 76939 1d 1d 1d fffff558 10 1a 52 28 28 28 18 21 17 f ae 20 20 20
FIXUPS: 76177 1d 31 1d 1d 1d 1d 76 1a 1f 10 41 9f 43 35 29 35 fffff421
FIXUPS: 75912 86 d 47 34 34 34 34 34 34 34 31 4d 2f 27 27 27 27 27 24 11
FIXUPS: 75d0d 6c 2b d 71 23 23 23 24 21 fffff4d9 15 12 71 21 18 10 38 1e
FIXUPS: 75501 17 f 69 10 41 26 1a 23 f 7b 17 1a 23 f 4c 1d 27 21 1d 1c
FIXUPS: 7588f 33 fffff533 d1 1a 1f 1a 1a 4f 1d 4f 1d 1a 2b 18 24 28 51
FIXUPS: 75127 30 15 2b 60 2b 10 88 24 24 26 24 18 10 15 6 fffff574 3f 24
FIXUPS: 749d0 2c 27 25 18 10 48 9 4e 15 26 23 27 12 4a 18 10 1a 4b 28 31
FIXUPS: 74cfc 23 18 2d 28 2e 15 17 fffff5de 38 2c 43 45 21 27 34 1b 49
FIXUPS: 745e2 18 26 1f 57 e 1d e d 54 e 2c e 2c e d 51 2c 21 d 5b 31 fffff50b
FIXUPS: 73e1e 19 31 34 2f 1f 1e 27 19 1f 2e ae 29 40 e 23 19 21 59 d 1c
FIXUPS: 741d3 2a 16 18 2b 1f 44 88 22 20 fffff44b 4e 26 1d 1d 18 10 32
FIXUPS: 738fc 2e 22 a4 23 29 12 42 56 29 98 43 35 29 35 1c 9 18 10 3a 24
FIXUPS: 73d42 74 1c fffff3bd 55 18 10 7b 18 10 77 4f 38 2f 43 10 72 e e
FIXUPS: 73506 2e 1a 3a 18 24 26 1d 34 3b 18 10 3b 18 10 b0 fffff408 10
FIXUPS: 72cd9 84 1c e 2f 1c 60 1a 42 23 30 1d 18 10 1a b1 18 10 22 18 10
FIXUPS: 73085 18 10 21 2b 23 1a 31 18 fffff38f 13 15 10 1c e 26 1a 1a 44
FIXUPS: 7264e 43 32 4a 52 e 37 3e e 27 12 47 60 51 12 99 fe 1d 41 1d 3a
FIXUPS: 72b9c fffff3d4 1d 11 1d 11 2c 2e 42 2d 89 d 5a 28 18 1a 1c 1d a0
FIXUPS: 722d8 39 35 29 35 1c d 28 13 1f 10 83 16 1c fffff63b 19 1b 15 10
FIXUPS: 71b9a 42 31 18 28 21 17 f 71 26 21 18 10 1a 3f 28 21 17 f 53 1b
FIXUPS: 71eca 39 11 1d 11 1d fffff5ff 2f d 51 d 16 33 2c 1f 10 76 21 18
FIXUPS: 7175b 1a 54 15 17 b 12 143 29 2d 1b 15 10 4d 1c 6 1a 12 7b fffff616
FIXUPS: 7113b 28 24 24 21 17 1a 1b e f 75 e 1c e 15 10 1a 55 9 1b 1d e
FIXUPS: 713e0 e 6e 17 1e e 18 10 12 fffff789 c 31 16 1a 32 21 21 10 72
FIXUPS: 70deb 26 21 18 10 1a 46 28 28 21 17 f 72 24 26 26 e 24 24 15 10
FIXUPS: 710c8 fffff6c3 a 8 5 5 5 5 7 10 65 e e 10 5f 2c 1a 12 64 25 2c
FIXUPS: 709df 2e 16 80 48 c 3f 3c 1d c 32 16 fffff816 e 3a e 36 c 1a 14
FIXUPS: 704e6 e a 28 e 22 5 5 5 5 5 d 4d e 3a e 36 1a 14 27 e 60 43 e fffff71b
FIXUPS: 6febc 1c 1c 1c 35 e 77 1f 1c 1c 1c 1c d 51 2b 28 28 28 44 f 40
FIXUPS: 70249 2e 28 1d 30 52 e 48 e 12 fffff727 2f d 4a e c c 10 30 1d
FIXUPS: 6fbfe 1a 1a 1a 1a 1a 1a 1a 1a 1a 1a 1a 1a 1a 1a 1a 38 1c 1c 1c
FIXUPS: 6fe4c 1c fffff69e 1a 29 23 17 13 13 3f 17 13 19 9 2a 27 27 1c 48
FIXUPS: 6f770 34 d1 21 1c c4 21 1c 20 21 1c 1b 30 10 46 fffff52c 1d 1d
FIXUPS: 6f034 1d 1d 1d 15 10 3e 17 12 123 13 18 10 1c e 1c 4b 15 26 12
FIXUPS: 6f3a0 1d 1d 30 9 5d 3f 1e f fffff531 12 1ab 1f 28 1f 39 1f 1f 1e
FIXUPS: 6ece8 1f 25 25 25 25 25 25 25 27 27 27 27 27 16 1a 23 25 1f 22
FIXUPS: 6efa3 1d fffff3de 1a 45 21 d5 80 39 21 36 18 23 62 26 1d 82 15
FIXUPS: 6e794 1d 15 20 29 1a 11 35 26 10 16 42 2c 1f 15 85 fffff1ba 4a
FIXUPS: 6dc35 22 27 52 3a 50 36 2c 144 e 26 e 2b 1f d 20 f5 1f 23 6a 38
FIXUPS: 6e289 24 24 24 24 9 18 10 22 fffff184 12 4b 6f 3b 22 24 36 35 12
FIXUPS: 6d705 6f 3b 25 24 36 35 12 4b 40 2c 24 5b 2f 31 25 27 58 25 27
FIXUPS: 6db33 3a fffff1fd 1d 24 2e 2e 2c 24 8a 2f 2f 66 2c 24 34 2f 31
FIXUPS: 6d0b5 24 c9 32 51 2c 24 58 37 1d 2f b4 3b 22 24 36 ffffeea0 25
FIXUPS: 6c39f 5d 92 f5 13f 69 4f af 56 10 53 76 2c 1d 1a 4f a6 1d 80 58
FIXUPS: 6cbe9 22 27 92 22 c 12 12 1c 19 ffffec5a 47 9b 1b 1b 27 27 86 80
FIXUPS: 6bcdb 42 f0 3a 32 5e 4f 22 1a 81 3a 1d 36 19 20 1d 1d 4a 38 38
FIXUPS: 6c26e a0 22 ffffecc8 13 34 8a 13 48 30 4c 1d 2a 79 18 16 48 3e
FIXUPS: 6b32d 10 1c 2a 186 22 20 a9 4e 2b 37 2c ec 87 5b 42 2b ffffeea9
FIXUPS: 6a8e1 e 74 e 4d e 75 e 9e e 16 10 c0 e 74 e 4d e 75 e 9e e 16 10
FIXUPS: 6aec2 17 15 15 3c 1c 69 fffff000 64 20 1b 137 1d 2c 3d 20 1b 61
FIXUPS: 6a2d6 1a 217 1d 2c 3d 20 47 47 47 16 29 1d 1b 1b 14 11 16 1b 2f
FIXUPS: 6a7a4 ffffef12 31 b 16 110 24 ae 35 80 13 4a 10 28 28 88 13 34
FIXUPS: 69b45 16 13 16 a 47 1a 16 13 a4 a1 1d 10 1f1 1d ffffeee9 25 19
FIXUPS: 68eed 37 9 c 1a c0 41 1d 27 e 1a4 1a9 3d 4b 5 5 5 5 53 8 81 45
FIXUPS: 695be 2a e 42 e d 57 ffffed97 13 16 28 10 11 16 11 11 11 13 82
FIXUPS: 685ff 35 28 b 1d 16 5 10 52f 151 11 16 10 61 17 13 13 1c 16 d ffffedd5
FIXUPS: 67c2c 20 23 14 20 23 14 37 34 1d 2b 14 24 3a 19 2f 14 29 1d6 9c
FIXUPS: 68179 66 70 5b 2e 37 81 1d 25 10 3b fffff309 57 11 17 47 13 d6
FIXUPS: 678e6 17 39 6d 10 1a 13 17 91 1b e 11 11 11 11 13 13 13 15 26 13
FIXUPS: 67b8d 11 33 14 fffff410 7a 1d 20 8f c c 7b 23 81 89 23 a3 35 32
FIXUPS: 67441 19 19 23 23 1f 9c 34 28 23 14 62 19 36 a 17 3c fffff1cb 49
FIXUPS: 66971 34 30 10 11 13 3f 2b 14 11 30 e 17 27 53 6c 21 47 59 91 49
FIXUPS: 66d91 1f 62 6f 28 23 24 54 9b fffff3d7 13 14 5a 14 39 14 39 14
FIXUPS: 6651e 14 1e 12 13 11 16 11 d 13 f4 6f 31 28 b 16 12 16 5 10 31
FIXUPS: 66864 48 fffff40b 14 33 14 33 14 33 14 33 14 33 14 33 14 11 11
FIXUPS: 65eca 14 33 14 3e 17 13 11 309 2b 14 2b 14 28 17 3b fffff444 14
FIXUPS: 65808 23 33 14 33 14 33 14 33 14 33 14 33 14 84 2e 14 2e 14 69
FIXUPS: 65b63 18 10 21 17 27 16 3d 33 14 fffff67f 3e 14 2e 14 3e 14 87
FIXUPS: 654a2 14 33 14 61 1d 18 10 21 17 11 16 16 35 33 14 33 14 33 14
FIXUPS: 65755 14 33 14 fffff65c 1d 18 10 21 17 11 16 11 16 2b 33 14 33
FIXUPS: 64f90 60 8c 3d 14 3f 14 3e 14 44 14 37 14 36 14 3e 14 3e fffff52c
FIXUPS: 6485c 14 2e 14 41 14 2e 14 41 14 2e 14 41 14 7d e4 4f 16 2e 14
FIXUPS: 64c6b 14 2e 14 11 34 18 32 14 33 14 fffff59e 14 41 14 2e 14 41
FIXUPS: 64449 2e 14 41 14 2e 14 41 14 2e 14 41 14 41 14 16 29 29 29 36
FIXUPS: 64758 14 3e 14 49 fffff62f 5b 14 49 14 41 14 2e 14 41 14 16 29
FIXUPS: 64056 29 29 29 29 29 36 2e 14 3e 14 2e 14 41 14 2e 14 41 14 fffff5ea
FIXUPS: 63919 5c 1d 18 10 21 17 11 43 54 2b 29 29 36 2e 14 3e 14 55 3b
FIXUPS: 63cb2 14 2e 14 41 14 2e 14 41 14 2e fffff5c0 18 10 21 17 11 43
FIXUPS: 634ac 16 37 33 14 33 14 11 56 49 14 3e 14 3e 14 3e 14 3e 14 3f
FIXUPS: 637e6 69 46 2e 14 fffff520 2e 14 5c 1d 18 10 21 17 11 99 4b 14
FIXUPS: 63066 14 e3 4f 16 2e 14 2e 14 2e 14 11 34 18 2e 14 2e 14 5c fffff4f3
FIXUPS: 628cc 11 18 44 14 45 14 8a 1d 1b 10 21 17 11 16 11 16 81 33 14
FIXUPS: 62bd7 4e 13 3c 14 3c 14 2e 14 9b 2e fffff56d 11 47 30 c 30 c 2b
FIXUPS: 6245f 2e 14 2e 14 3b 14 3b 14 3b 14 3b 14 3b 14 3b 14 41 14 7a
FIXUPS: 62832 16 2e 14 fffff5f1 16 16 1b 33 14 33 14 68 49 14 68 2e 14
FIXUPS: 620d0 3c 14 3d 14 76 1d 1b 10 21 17 11 11 16 23 33 14 33 fffff519
FIXUPS: 61867 15 4a 14 48 14 14 68 53 14 54 14 aa 1d 1b 10 21 17 5a 23
FIXUPS: 61cdd 2e 14 2e 14 73 1d 1b 10 21 17 fffff3ec 14 59 14 ae 1d 1b
FIXUPS: 613b7 21 17 11 16 58 2e 14 55 14 48 14 6b 38 14 14 15 16 121 14
FIXUPS: 617f2 15 12 15 12 fffff3bb 37 14 3c 14 3c 14 6b c 42 c 2e 14 2e
FIXUPS: 60e2f 5d 14 4b 14 4b 14 4b 14 8c dc 16 2e 14 2e 14 11 18 fffff535
FIXUPS: 60731 11 11 33 14 33 14 33 14 8d 1d 36 1e 23 33 14 31 14 11 11
FIXUPS: 60a2a 14 33 14 33 14 78 17 3c 14 3c fffff6fc 14 30 14 31 14 56
FIXUPS: 603ea 31 14 13 37 58 11 11 11 11 2b 14 11 11 11 33 14 33 14 33
FIXUPS: 6065c 33 14 33 14 fffff6cb 19 2e 14 10d 14 18 2e 14 23 2e 14 19
FIXUPS: 60037 14 19 2e 14 19 2e 14 19 2e 14 2a 1d 2b 14 50 14 55 1d fffff648
FIXUPS: 5f91a 28 14 1e 17 2b 14 2b 14 13 2b 14 13 2b 14 13 2b 14 77 2e
FIXUPS: 5fbb8 9b 36 33 1d 2b 14 2e 14 19 2e ffffefe8 57 31 30 1d 18b 4e
FIXUPS: 5f068 3e 1d a5 50 29 1d 1d9 3a 1d 63 1f 12 1f 12 fb 38 b3 14 27
FIXUPS: 5f728 24 14 24 14 ffffef31 1f 13 1f 13 1f 13 1f 13 1f 13 1f 36
FIXUPS: 5e837 91 36 36 36 36 6f 6f 6f 4f 1d 12 1d 34 1f 82 50 29 1d fffff540
FIXUPS: 5e240 13 6c 1f 9 1f 1f 1f 9 1f 22 1f 21 1f f1 1a 1d 62 1f 13 1f
FIXUPS: 5e5d9 1f 11 1f 11 1f 11 1f 11 1f fffff699 33 52 17 17 17 17 17
FIXUPS: 5de63 1a 1a 1a 1a 38 33 33 33 33 33 36 36 36 36 36 31 37 11 11
FIXUPS: 5e1ed c 10 17 fffff5a2 14 2a 28 1a 2c 48 21 61 14 2f 3c 4e 21 63
FIXUPS: 5daa0 17 10 65 e 1c e 2b 2a 2a 2a 2a 2a 2a 2d 33 33 fffff4eb 14
FIXUPS: 5d244 16 2c 21 36 14 2a 16 2f 22 24 14 27 38 34 1d 16 28 16 27
FIXUPS: 5d571 33 17 2c 16 2f 24 82 af 17 fffff62f 2c 13 4a 18 27 40 1a
FIXUPS: 5cefd 24 14 27 29 18 18 1b 1b 1a 2b 1b 1b 3a 14 21 16 26 2a 14
FIXUPS: 5d173 16 29 21 fffff2f1 23a 2f 33 b0 27 38 59 27 118 e 1b 54 13
FIXUPS: 5caba 46 45 31 13 26 46 45 31 13 29 10 5e 1a 22 21 27 e fffff1de
FIXUPS: 5bf9b 15 3b e 7e 2e e 46 4c 40 20 2e 16 3f 2e e 38 2c 2f 1f 1d
FIXUPS: 5c350 29 1d 2b 1f 1a 2e 16 10 59 fffff5bd 2c 23 18 4c 17 25 13
FIXUPS: 5bba1 47 28 e 41 25 23 1a 25 13 54 2e e 38 2c 20 2e 16 46 2e e
FIXUPS: 5bf0b 2c 20 fffff54d 9 1c 19 17 1a 1e 19 17 42 11 1b 19 17 23 8
FIXUPS: 5b633 19 17 1b 13 1bb 33 12 32 23 29 3a 32 e a5 28 ffffee6b 17
FIXUPS: 5a8f3 1b 8c 18 19 17 8b 24 26 17 1c9 52 4f 208 1c 29 28 130 71
FIXUPS: 5b1b2 31 5c 38 23 29 44 16 10f 3f 1c fffff02b 4a 19 17 3c 9 1f
FIXUPS: 5a5c4 9 29 7 16 77 1c 17 34 9 1c 19 17 3c 9 1c 19 17 3c 9 1e 19
FIXUPS: 5a872 1b 1b fffff6fa 1f 17 c 13 4e 32 e 185 19 17 34 9 1c 19 17
FIXUPS: 5a2f7 9 d 16 17 34 9 3d 19 17 3c 9 1c 19 17 34 fffff1ee 9 10 1c7
FIXUPS: 5989c 5b 7d 1e f5 20 22 1a 1e e3 20 22 16 1c 17 2b 13 49 32 e 68
FIXUPS: 59e42 1f 17 c 52 1d 2a fffff2e3 34 4e 34 1d 48 1d 1c 19 1b 3b 23
FIXUPS: 59406 26 1a 14 1d 9e 15 17 17 13 13 13 13 10 3e e 17 2e 13 2c fffff2b1
FIXUPS: 58943 20 2f 13 1eb 55 20 1d 28 20 1d 1b 2e 13 3c 24 21 17 74 b4
FIXUPS: 58eef 46 46 2e 43 9d 4c 46 46 2e 43 fffff135 9b 5d 9e 1a 18 71
FIXUPS: 58562 1a 2a e 20 2c 13 3c 8a 17 10 3c 16 23 25 17 10 92 1e 1e 1e
FIXUPS: 588c3 22 18 17 fffff382 8e d7 5c 13 57 17 10 2d 10 20 20 20 20
FIXUPS: 57fc5 20 24 24 19 6d 38 1f 38 1f 3a 7a 1d 1d 22 2f 1d 15 ffffecf1
FIXUPS: 56ff2 e5 2a 78 63 55 3b a3 f3 27 39 a8 4a 92 5f 5f 5f 5f 5f 5f
FIXUPS: 57881 61 61 61 61 61 61 96 3f 3f 7c ffffe9aa 3b 10 53 a6 39 296
FIXUPS: 56a79 19 17 f 1d f a2 103 19 22 1a 18 3a 18 1b 1d 21 12 13a 31
FIXUPS: 56f2c 20 27 e 2f ffffef02 92 42 20 23 51 20 57 1d 48 19 8d 41 23
FIXUPS: 5622c 61 6e 25 12 2c 14 d 51 20 8 d 4a 25 1d 13 10 10a fffff08b
FIXUPS: 55659 a0 28 7e 34 38 35 2e 39 35 2e 39 4f 13 10 28 d 11 83 35 25
FIXUPS: 55aeb 94 3d 23 61 a6 77 77 94 31 ffffecb8 56 9d 152 53 4c 12f d9
FIXUPS: 55155 1d 38 1d 15 14 21 a7 1b 5f 5c 43 44 48 31 23 44 41 21 3c
FIXUPS: 555b8 21 3c 21 ffffcd25 3a b9 e 21 e e2 3b 3f 18 dc dd 4e 141 137
FIXUPS: 52a87 c 1d e 9b b0 b8 88 e 8a 16 5 1c8a 12 79 c 1e ffffcc92 2f
FIXUPS: 5183d 6b 6a 6a 66 8b 69 27 6f d bc 3a 5 28 10 106 87 78 62 57 9
FIXUPS: 51f8e 13 45 c8 69 d1 9b 81 3c ffffe8f3 79 20 3f 13 9 13 9c 24 2a
FIXUPS: 51041 40 31 c 12a 42 42 16 1d c 13 87 ed 16 27 8b 61 97 78 5e 6a
FIXUPS: 51771 ffffea49 51 4e 3b 21 1f 38 f6 b5 30 b1 23b c 28 16 3f 45
FIXUPS: 5092f 28 e 25 e 13 18 36 26 16 d 8e d 16 18 ffffe40e 30 d2 8 23
FIXUPS: 4f103 ec 8 28 c3 cb 37 164 50 64 1d 382 22 b9 88 64 c7 68 80 b4
FIXUPS: 4fddb 68 153 68 138 2c 2c ffffde0c 100 96 42 3f 1d 13 b4 13f 51
FIXUPS: 4e467 27 10c 36 93 1d 13 fe 63 6d 51 ac 107 7e 22d 48 26 4e 7b
FIXUPS: 4ee71 38 2a ffffe97e ac 36 3cd e e e e 18 e e 18 32 e e e e e e
FIXUPS: 4de18 e 30 1b 8 29 1a c 18 2f 39 17 19 ffffed33 e8 7c 55 1b 6e
FIXUPS: 4cf21 34 34 34 34 31 31 d 1ec a7 41 31 51 24 d 45 79 17 56 29 10
FIXUPS: 4d69d 4c 28 4e 69 ffffee21 1b 14 7e 4e 13 2a e 1c e 1e e 1c e b
FIXUPS: 4c7fb 2f 1e 20 1e 170 1a ee 1b 5f 2f 3a 2c 2a 2b c 24 fffff4f4
FIXUPS: 4c1c3 1f 23 23 23 29 1f 23 2b 16 3c 25 1c 10 83 17 18 10 5a e 1c
FIXUPS: 4c4d8 1e e 1c e b 26 41 a d fffff6f5 22 39 25 25 21 e 1c e b 59
FIXUPS: 4be1c 21 e 21 e 5f e 2e e 48 e 20 e 5 4a 27 55 30 1e 83 32 fffff5dd
FIXUPS: 4b7ab e 21 e 21 e 21 e 51 21 18 22 11 2b e 48 e 20 e 48 1b f 34
FIXUPS: 4babd 6c 2c 12 47 57 4a 22 fffff69e 15 10 1a 4f 31 10 18 1a 1a
FIXUPS: 4b44b e 1e e f 6f 36 1c 1a 42 24 2d 34 18 10 17 17 f 74 e 1c e
FIXUPS: 4ac2f a 18 175 51 56 f 3b 4f 38 38 38 29 3b d 8c 1c 15 10 17 41
FIXUPS: 4b15e 1e 3d 2c f 6f 23 26 e 26 e fffff687 20 50 e e e e e e e e
FIXUPS: 4aa63 10 e 11 e e e 11 e 11 e e 13 e 13 e 13 44 15 48 1e fffff7e0
FIXUPS: 4a40a e 11 5c 13 e e 11 60 39 1c e e 28 3d 13 13 13 45 12 8f e
FIXUPS: 4a748 e 45 ea 20 13 2c 25 56 fffff747 e 10 8 f 10 e e e e e e 8
FIXUPS: 4a156 1a e 2b 77 55 e 8 f 1a e e 65 e 8 17 22 e 57 fffff879 e e
FIXUPS: 49c8c e e e e e e e e e e e 8 f 10 e 10 15 13 a 18 103 51 3b 38
FIXUPS: 49fab d1 e e ffffedeb 26 e 18 10 1a 31 24 20 22 18 21 12 19c 31
FIXUPS: 491be 79 45 22 12 1b 14 30 3a 23 3c1 214 49 46 18b eb e ffffed68
FIXUPS: 489f9 25 22 36 43 21 2e c 28 1a 23 24 53 1e 1a 1d 38 e 2c e 15
FIXUPS: 48d5f 2b 1d 32 e 26 e 26 e 26 fffff331 15 10 86 20 22 118 5b 1f
FIXUPS: 48457 e 1d 29 c2 35 d1 35 66 1c 24 26 4c 39 18 10 3c 46 27 2e 39
FIXUPS: 48949 10 fffff19e 1d 34 aa 4d 1d 19 29 1d 26 2e 42 48 4d 26 2e
FIXUPS: 47e78 2e 26 15 26 21 78 47 6d 1e 2f 59 32 32 15 10 fffff492 e 1c
FIXUPS: 4764d 1c e 1c e 1c e 1c e 3b 2a e 1c e 1a 1c 1c e 1c e 1c e 13
FIXUPS: 478f3 cf 4d 26 2e 77 fffff7a1 24 28 1c 26 e 26 e 26 e 26 e 26 e
FIXUPS: 4740d 21 23 24 28 1c 36 1c e 26 2e e 1c e 1c e 1c e fffff640 21
FIXUPS: 46ca3 26 1d 31 25 15 4f 52 18 26 10 19 3a 3f 65 26 1d 28 21 1c
FIXUPS: 46ffa 15 51 60 18 26 10 c3 63 23 fffff4c9 28 34 d 63 15 10 41 17
FIXUPS: 46883 23 f 49 1a 22 10 8a 24 1d 23 21 18 10 1a 83 15 17 1f 15 4d
FIXUPS: 46bf3 31 fffff050 3d 19 76 122 1b 55 1b 2b 33 15 29 2e 31 31 31
FIXUPS: 4607b 31 56 1b 55 1b 25 26 a9 10 2be 5e 40 5e 5 72 ffffeef9 2e
FIXUPS: 455ff 13 49 d 4e 69 34 31 24 1b d 9c 25 17 18 d 47 65 19 17 f 1d
FIXUPS: 459e4 65 25 66 2e 10 11b c fffff052 27 3d f f f f f f f bb f f
FIXUPS: 44e40 3b f f f f 12 2f 46 1a3 15 259 a5 bd 3d 46 17 17 13 fffff222
FIXUPS: 447c0 2e 16 13 85 15 21 f f f f f f 1f 19 15 f f d4 55 40 12 2f
FIXUPS: 44b59 3a f f f 27 86 f ffffee7a 1b 16 1b 20c 3d 46 17 17 13 52
FIXUPS: 43e92 16 13 144 3d 46 17 17 13 52 2e 16 13 1cc 78 2a7 3d 46 17
FIXUPS: 44708 13 ffffe645 1f 1f 1f ad 107 b 10 50 12 27a 3c 36 f 152 100
FIXUPS: 43609 49 207 3f 16 3f 16 3f 16 3f 16 3f 13 3f 40 16 ffffe8c8 36
FIXUPS: 423c8 36 36 97 5d 42 28 42 28 42 28 42 28 42 28 42 28 42 28 42
FIXUPS: 42878 42 28 42 28 42 28 42 28 42 fffff1d0 53 36 53 36 36 53 36
FIXUPS: 41e39 36 36 36 36 36 36 36 36 36 36 36 e 45 36 36 36 36 36 53 45
FIXUPS: 422ba 36 36 fffff151 53 53 36 36 36 36 36 36 36 36 36 36 36 36
FIXUPS: 417db 36 36 36 36 36 36 36 36 36 ae 36 36 36 53 62 36 fffff18f
FIXUPS: 40dd0 36 36 36 36 36 36 36 36 36 36 36 36 36 36 36 36 36 36 36
FIXUPS: 41208 36 36 36 36 36 36 36 53 36 36 fffff330 1d 45 36 36 36 36
FIXUPS: 408e1 36 36 45 36 36 36 36 36 e 45 36 36 36 36 36 36 36 e 1d 45
FIXUPS: 40d13 e 23 39 fffff4d5 36 4d 42 25 42 1f 23 1a 23 e 1d 1d 1d 1d
FIXUPS: 4049c 1d 1d 1d 1d 1d 1d 1d 1d 3a 1d 1d 1d 1d 1d 1d cb fffff4ac
FIXUPS: 3fbf4 39 36 36 36 36 36 36 36 36 36 36 36 36 1a 23 36 36 36 36
FIXUPS: 40000 36 36 36 36 36 36 36 36 36 36 fffff3b9 28 37 28 37 28 37
FIXUPS: 3f71a 37 28 37 28 37 28 37 18 10 58 10 4f 5b 4d 16 1e 6e 43 2b
FIXUPS: 3fb20 1a 1f 21 3a fffff477 29 29 29 29 29 29 29 29 29 29 29 29
FIXUPS: 3f240 29 29 29 29 37 29 2f 50 37 28 37 28 37 28 37 28 37 28 fffff56d
FIXUPS: 3eb34 29 29 29 29 29 29 29 29 29 29 29 29 29 29 29 29 29 29 29
FIXUPS: 3ee68 29 29 29 29 29 29 29 29 29 29 fffff5db 29 29 29 29 29 29
FIXUPS: 3e6fc 29 29 29 29 29 29 29 29 29 29 29 29 29 29 29 29 29 29 29
FIXUPS: 3ea30 29 37 29 29 fffff5e3 29 29 29 29 29 29 2c 29 29 29 29 29
FIXUPS: 3e2dd 29 29 29 29 29 29 1a 2d 29 29 29 29 29 29 29 29 29 29 fffff5d6
FIXUPS: 3dbb0 39 25 26 39 2e 29 29 29 29 29 29 29 29 29 29 29 29 29 29
FIXUPS: 3df02 29 29 29 29 29 29 29 29 29 29 fffff64f 1a 2d 1a 2d 1a 2d
FIXUPS: 3d7da 2d 1a 2d 1a 2d 1a 2d 1a 2d 1a 2d 1a 2d 1a 2d 1a 2d 1a 2d
FIXUPS: 3daa0 2d 1a 2d 29 fffff732 3a 16 1d 2d 1a 2d 1a 2d 1a 2d 1a 2d
FIXUPS: 3d43f 2d 1a 2d 1a 2d 1a 2d 1a 2d 1a 2d 1a 2d 1a 2d 1a 2d 1a 4dd29
FIXUPS: 8b3fe 79 26 68 21 21 1e 7d 13 d 6d 16 20 d 3c 1a c5 13 d fffb1889
FIXUPS: 3d089 1e d 43 70 2a 2c 1b 3d 1a 1f 4dad9 1d 28 3b 89 1d 64 1d 22
FIXUPS: 8af0d 5f 1d 1d 27 1d 34 1d 1d 34 1d 1d 1b 21 21 2a 7b 1c 3b 15
FIXUPS: 8b240 44 143 fffff2da d 95 1a 10 3f c 72 75 26 17 f 1d f 40 ba
FIXUPS: 8aa2a 17 f 1d f 48 1f 28 28 2e 5e 1a 92 42 16 28 fffff40d 61 34
FIXUPS: 8a1b4 1d 1a 188 2c 1e 10 36 16 10 d 31 16 10 d 4c 12 27 12 20 42
FIXUPS: 8a5a5 13 3c 1d 26 1d 1d 23 ffffebc8 e 13 e1 1d 55 15 15 e 2a d
FIXUPS: 89458 185 63 da 45 63 d8 45 45 63 ff 86 de 45 45 63 379 40 11 2f
FIXUPS: 8a0e4 197c 4f 25 2f 10 238 192 10e ca ffffce02 3b 43 15 1e 1f 12
FIXUPS: 88fd6 1a 1e 15 15 f 13 10 5f d 45 d a1 17 19 17
